Archive member included to satisfy reference by file (symbol)

c:/ac6/systemworkbench/plugins/fr.ac6.mcu.externaltools.arm-none.win32_1.7.0.201602121829/tools/compiler/bin/../lib/gcc/arm-none-eabi/5.2.1/armv7-m\libgcc.a(_lshrdi3.o)
                              Drivers/STM32F1xx_HAL_Driver/Src/stm32f1xx_hal_flash.o (__aeabi_llsr)
c:/ac6/systemworkbench/plugins/fr.ac6.mcu.externaltools.arm-none.win32_1.7.0.201602121829/tools/compiler/bin/../lib/gcc/arm-none-eabi/5.2.1/../../../../arm-none-eabi/lib/armv7-m\libc_nano.a(lib_a-atoi.o)
                              Src/freertos.o (atoi)
c:/ac6/systemworkbench/plugins/fr.ac6.mcu.externaltools.arm-none.win32_1.7.0.201602121829/tools/compiler/bin/../lib/gcc/arm-none-eabi/5.2.1/../../../../arm-none-eabi/lib/armv7-m\libc_nano.a(lib_a-exit.o)
                              c:/ac6/systemworkbench/plugins/fr.ac6.mcu.externaltools.arm-none.win32_1.7.0.201602121829/tools/compiler/bin/../lib/gcc/arm-none-eabi/5.2.1/../../../../arm-none-eabi/lib/armv7-m/crt0.o (exit)
c:/ac6/systemworkbench/plugins/fr.ac6.mcu.externaltools.arm-none.win32_1.7.0.201602121829/tools/compiler/bin/../lib/gcc/arm-none-eabi/5.2.1/../../../../arm-none-eabi/lib/armv7-m\libc_nano.a(lib_a-impure.o)
                              c:/ac6/systemworkbench/plugins/fr.ac6.mcu.externaltools.arm-none.win32_1.7.0.201602121829/tools/compiler/bin/../lib/gcc/arm-none-eabi/5.2.1/../../../../arm-none-eabi/lib/armv7-m\libc_nano.a(lib_a-exit.o) (_global_impure_ptr)
c:/ac6/systemworkbench/plugins/fr.ac6.mcu.externaltools.arm-none.win32_1.7.0.201602121829/tools/compiler/bin/../lib/gcc/arm-none-eabi/5.2.1/../../../../arm-none-eabi/lib/armv7-m\libc_nano.a(lib_a-init.o)
                              c:/ac6/systemworkbench/plugins/fr.ac6.mcu.externaltools.arm-none.win32_1.7.0.201602121829/tools/compiler/bin/../lib/gcc/arm-none-eabi/5.2.1/../../../../arm-none-eabi/lib/armv7-m/crt0.o (__libc_init_array)
c:/ac6/systemworkbench/plugins/fr.ac6.mcu.externaltools.arm-none.win32_1.7.0.201602121829/tools/compiler/bin/../lib/gcc/arm-none-eabi/5.2.1/../../../../arm-none-eabi/lib/armv7-m\libc_nano.a(lib_a-itoa.o)
                              Src/freertos.o (itoa)
c:/ac6/systemworkbench/plugins/fr.ac6.mcu.externaltools.arm-none.win32_1.7.0.201602121829/tools/compiler/bin/../lib/gcc/arm-none-eabi/5.2.1/../../../../arm-none-eabi/lib/armv7-m\libc_nano.a(lib_a-memcpy-stub.o)
                              Src/freertos.o (memcpy)
c:/ac6/systemworkbench/plugins/fr.ac6.mcu.externaltools.arm-none.win32_1.7.0.201602121829/tools/compiler/bin/../lib/gcc/arm-none-eabi/5.2.1/../../../../arm-none-eabi/lib/armv7-m\libc_nano.a(lib_a-memset.o)
                              c:/ac6/systemworkbench/plugins/fr.ac6.mcu.externaltools.arm-none.win32_1.7.0.201602121829/tools/compiler/bin/../lib/gcc/arm-none-eabi/5.2.1/../../../../arm-none-eabi/lib/armv7-m/crt0.o (memset)
c:/ac6/systemworkbench/plugins/fr.ac6.mcu.externaltools.arm-none.win32_1.7.0.201602121829/tools/compiler/bin/../lib/gcc/arm-none-eabi/5.2.1/../../../../arm-none-eabi/lib/armv7-m\libc_nano.a(lib_a-strcat.o)
                              Src/freertos.o (strcat)
c:/ac6/systemworkbench/plugins/fr.ac6.mcu.externaltools.arm-none.win32_1.7.0.201602121829/tools/compiler/bin/../lib/gcc/arm-none-eabi/5.2.1/../../../../arm-none-eabi/lib/armv7-m\libc_nano.a(lib_a-strcpy.o)
                              Src/freertos.o (strcpy)
c:/ac6/systemworkbench/plugins/fr.ac6.mcu.externaltools.arm-none.win32_1.7.0.201602121829/tools/compiler/bin/../lib/gcc/arm-none-eabi/5.2.1/../../../../arm-none-eabi/lib/armv7-m\libc_nano.a(lib_a-strlen.o)
                              Src/freertos.o (strlen)
c:/ac6/systemworkbench/plugins/fr.ac6.mcu.externaltools.arm-none.win32_1.7.0.201602121829/tools/compiler/bin/../lib/gcc/arm-none-eabi/5.2.1/../../../../arm-none-eabi/lib/armv7-m\libc_nano.a(lib_a-strtol.o)
                              c:/ac6/systemworkbench/plugins/fr.ac6.mcu.externaltools.arm-none.win32_1.7.0.201602121829/tools/compiler/bin/../lib/gcc/arm-none-eabi/5.2.1/../../../../arm-none-eabi/lib/armv7-m\libc_nano.a(lib_a-atoi.o) (_strtol_r)
c:/ac6/systemworkbench/plugins/fr.ac6.mcu.externaltools.arm-none.win32_1.7.0.201602121829/tools/compiler/bin/../lib/gcc/arm-none-eabi/5.2.1/../../../../arm-none-eabi/lib/armv7-m\libc_nano.a(lib_a-utoa.o)
                              c:/ac6/systemworkbench/plugins/fr.ac6.mcu.externaltools.arm-none.win32_1.7.0.201602121829/tools/compiler/bin/../lib/gcc/arm-none-eabi/5.2.1/../../../../arm-none-eabi/lib/armv7-m\libc_nano.a(lib_a-itoa.o) (__utoa)
c:/ac6/systemworkbench/plugins/fr.ac6.mcu.externaltools.arm-none.win32_1.7.0.201602121829/tools/compiler/bin/../lib/gcc/arm-none-eabi/5.2.1/../../../../arm-none-eabi/lib/armv7-m\libc_nano.a(lib_a-ctype_.o)
[...]
Memory Configuration

Name             Origin             Length             Attributes
RAM              0x20000000         0x00005000         xrw
FLASH            0x08000000         0x00010000         xr
*default*        0x00000000         0xffffffff

Linker script and memory map

LOAD c:/ac6/systemworkbench/plugins/fr.ac6.mcu.externaltools.arm-none.win32_1.7.0.201602121829/tools/compiler/bin/../lib/gcc/arm-none-eabi/5.2.1/armv7-m/crti.o
LOAD c:/ac6/systemworkbench/plugins/fr.ac6.mcu.externaltools.arm-none.win32_1.7.0.201602121829/tools/compiler/bin/../lib/gcc/arm-none-eabi/5.2.1/armv7-m/crtbegin.o
LOAD c:/ac6/systemworkbench/plugins/fr.ac6.mcu.externaltools.arm-none.win32_1.7.0.201602121829/tools/compiler/bin/../lib/gcc/arm-none-eabi/5.2.1/../../../../arm-none-eabi/lib/armv7-m/crt0.o
LOAD c:/ac6/systemworkbench/plugins/fr.ac6.mcu.externaltools.arm-none.win32_1.7.0.201602121829/tools/compiler/bin/../lib/gcc/arm-none-eabi/5.2.1/../../../../arm-none-eabi/lib/armv7-m\libm.a
LOAD Src/dma.o
LOAD Src/freertos.o
LOAD Src/gpio.o
LOAD Src/main.o
LOAD Src/oneWire.o
LOAD Src/rtc.o
LOAD Src/stm32f1xx_hal_msp.o
LOAD Src/stm32f1xx_hal_timebase_TIM.o
LOAD Src/stm32f1xx_it.o
LOAD Src/system_stm32f1xx.o
LOAD Src/tim.o
LOAD Src/usart.o
LOAD Src/usb_device.o
LOAD Src/usbd_cdc_if.o
LOAD Src/usbd_conf.o
LOAD Src/usbd_desc.o
LOAD Middlewares/Third_Party/FreeRTOS/Source/croutine.o
LOAD Middlewares/Third_Party/FreeRTOS/Source/event_groups.o
LOAD Middlewares/Third_Party/FreeRTOS/Source/list.o
LOAD Middlewares/Third_Party/FreeRTOS/Source/queue.o
LOAD Middlewares/Third_Party/FreeRTOS/Source/tasks.o
LOAD Middlewares/Third_Party/FreeRTOS/Source/timers.o
LOAD Middlewares/Third_Party/FreeRTOS/Source/portable/MemMang/heap_4.o
LOAD Middlewares/Third_Party/FreeRTOS/Source/portable/GCC/ARM_CM3/port.o
LOAD Middlewares/Third_Party/FreeRTOS/Source/CMSIS_RTOS/cmsis_os.o
LOAD Middlewares/ST/STM32_USB_Device_Library/Core/Src/usbd_core.o
LOAD Middlewares/ST/STM32_USB_Device_Library/Core/Src/usbd_ctlreq.o
LOAD Middlewares/ST/STM32_USB_Device_Library/Core/Src/usbd_ioreq.o
LOAD Middlewares/ST/STM32_USB_Device_Library/Class/CDC/Src/usbd_cdc.o
LOAD Drivers/STM32F1xx_HAL_Driver/Src/stm32f1xx_hal.o
LOAD Drivers/STM32F1xx_HAL_Driver/Src/stm32f1xx_hal_cortex.o
LOAD Drivers/STM32F1xx_HAL_Driver/Src/stm32f1xx_hal_dma.o
LOAD Drivers/STM32F1xx_HAL_Driver/Src/stm32f1xx_hal_flash.o
LOAD Drivers/STM32F1xx_HAL_Driver/Src/stm32f1xx_hal_flash_ex.o
LOAD Drivers/STM32F1xx_HAL_Driver/Src/stm32f1xx_hal_gpio.o
LOAD Drivers/STM32F1xx_HAL_Driver/Src/stm32f1xx_hal_gpio_ex.o
LOAD Drivers/STM32F1xx_HAL_Driver/Src/stm32f1xx_hal_pcd.o
LOAD Drivers/STM32F1xx_HAL_Driver/Src/stm32f1xx_hal_pcd_ex.o
LOAD Drivers/STM32F1xx_HAL_Driver/Src/stm32f1xx_hal_pwr.o
LOAD Drivers/STM32F1xx_HAL_Driver/Src/stm32f1xx_hal_rcc.o
LOAD Drivers/STM32F1xx_HAL_Driver/Src/stm32f1xx_hal_rcc_ex.o
LOAD Drivers/STM32F1xx_HAL_Driver/Src/stm32f1xx_hal_rtc.o
LOAD Drivers/STM32F1xx_HAL_Driver/Src/stm32f1xx_hal_rtc_ex.o
LOAD Drivers/STM32F1xx_HAL_Driver/Src/stm32f1xx_hal_tim.o
LOAD Drivers/STM32F1xx_HAL_Driver/Src/stm32f1xx_hal_tim_ex.o
LOAD Drivers/STM32F1xx_HAL_Driver/Src/stm32f1xx_hal_uart.o
LOAD Drivers/STM32F1xx_HAL_Driver/Src/stm32f1xx_ll_usb.o
LOAD Drivers/CMSIS/Device/ST/STM32F1xx/Source/Templates/gcc/startup_stm32f103xb.o
START GROUP
LOAD c:/ac6/systemworkbench/plugins/fr.ac6.mcu.externaltools.arm-none.win32_1.7.0.201602121829/tools/compiler/bin/../lib/gcc/arm-none-eabi/5.2.1/armv7-m\libgcc.a
LOAD c:/ac6/systemworkbench/plugins/fr.ac6.mcu.externaltools.arm-none.win32_1.7.0.201602121829/tools/compiler/bin/../lib/gcc/arm-none-eabi/5.2.1/../../../../arm-none-eabi/lib/armv7-m\libc_nano.a
END GROUP
START GROUP
LOAD c:/ac6/systemworkbench/plugins/fr.ac6.mcu.externaltools.arm-none.win32_1.7.0.201602121829/tools/compiler/bin/../lib/gcc/arm-none-eabi/5.2.1/armv7-m\libgcc.a
LOAD c:/ac6/systemworkbench/plugins/fr.ac6.mcu.externaltools.arm-none.win32_1.7.0.201602121829/tools/compiler/bin/../lib/gcc/arm-none-eabi/5.2.1/../../../../arm-none-eabi/lib/armv7-m\libc_nano.a
LOAD c:/ac6/systemworkbench/plugins/fr.ac6.mcu.externaltools.arm-none.win32_1.7.0.201602121829/tools/compiler/bin/../lib/gcc/arm-none-eabi/5.2.1/../../../../arm-none-eabi/lib/armv7-m\libnosys.a
END GROUP
START GROUP
LOAD c:/ac6/systemworkbench/plugins/fr.ac6.mcu.externaltools.arm-none.win32_1.7.0.201602121829/tools/compiler/bin/../lib/gcc/arm-none-eabi/5.2.1/armv7-m\libgcc.a
LOAD c:/ac6/systemworkbench/plugins/fr.ac6.mcu.externaltools.arm-none.win32_1.7.0.201602121829/tools/compiler/bin/../lib/gcc/arm-none-eabi/5.2.1/../../../../arm-none-eabi/lib/armv7-m\libc_nano.a
LOAD c:/ac6/systemworkbench/plugins/fr.ac6.mcu.externaltools.arm-none.win32_1.7.0.201602121829/tools/compiler/bin/../lib/gcc/arm-none-eabi/5.2.1/../../../../arm-none-eabi/lib/armv7-m\libnosys.a
END GROUP
LOAD c:/ac6/systemworkbench/plugins/fr.ac6.mcu.externaltools.arm-none.win32_1.7.0.201602121829/tools/compiler/bin/../lib/gcc/arm-none-eabi/5.2.1/armv7-m/crtend.o
LOAD c:/ac6/systemworkbench/plugins/fr.ac6.mcu.externaltools.arm-none.win32_1.7.0.201602121829/tools/compiler/bin/../lib/gcc/arm-none-eabi/5.2.1/armv7-m/crtn.o
                0x20005000                _estack = 0x20005000
                0x00000200                _Min_Heap_Size = 0x200
                0x00000400                _Min_Stack_Size = 0x400

.isr_vector     0x08000000      0x10c
                0x08000000                . = ALIGN (0x4)
 *(.isr_vector)
 .isr_vector    0x08000000      0x10c Drivers/CMSIS/Device/ST/STM32F1xx/Source/Templates/gcc/startup_stm32f103xb.o
                0x08000000                g_pfnVectors
                0x0800010c                . = ALIGN (0x4)

.text           0x0800010c     0x6508
                0x0800010c                . = ALIGN (0x4)
 *(.text)
 .text          0x0800010c       0xa4 c:/ac6/systemworkbench/plugins/fr.ac6.mcu.externaltools.arm-none.win32_1.7.0.201602121829/tools/compiler/bin/../lib/gcc/arm-none-eabi/5.2.1/armv7-m/crtbegin.o
 .text          0x080001b0       0x10 c:/ac6/systemworkbench/plugins/fr.ac6.mcu.externaltools.arm-none.win32_1.7.0.201602121829/tools/compiler/bin/../lib/gcc/arm-none-eabi/5.2.1/../../../../arm-none-eabi/lib/armv7-m\libc_nano.a(lib_a-strlen.o)
                0x080001b0                strlen
 *(.text*)
 .text.MX_DMA_Init
                0x080001c0       0x60 Src/dma.o
                0x080001c0                MX_DMA_Init
 .text.StartDefaultTask
                0x08000220       0x10 Src/freertos.o
                0x08000220                StartDefaultTask
 .text.taskLed7Seg
                0x08000230      0x29c Src/freertos.o
                0x08000230                taskLed7Seg
 .text.taskBlue
                0x080004cc      0x380 Src/freertos.o
                0x080004cc                taskBlue
 .text.vApplicationIdleHook
                0x0800084c       0x40 Src/freertos.o
                0x0800084c                vApplicationIdleHook
 .text.MX_FREERTOS_Init
                0x0800088c       0x8c Src/freertos.o
                0x0800088c                MX_FREERTOS_Init
 .text.HAL_UART_RxCpltCallback
                0x08000918       0x54 Src/freertos.o
                0x08000918                HAL_UART_RxCpltCallback
 .text.HAL_UART_TxCpltCallback
                0x0800096c        0xc Src/freertos.o
                0x0800096c                HAL_UART_TxCpltCallback
 .text.HAL_UART_ErrorCallback
                0x08000978       0x5c Src/freertos.o
                0x08000978                HAL_UART_ErrorCallback
 .text.MX_GPIO_Init
                0x080009d4       0xe0 Src/gpio.o
                0x080009d4                MX_GPIO_Init
 .text.SystemClock_Config
                0x08000ab4       0x7c Src/main.o
                0x08000ab4                SystemClock_Config
 .text.startup.main
                0x08000b30       0x54 Src/main.o
                0x08000b30                main
 .text.display7Seg
                0x08000b84      0x324 Src/main.o
                0x08000b84                display7Seg
 .text.HAL_TIM_PeriodElapsedCallback
                0x08000ea8       0xac Src/main.o
                0x08000ea8                HAL_TIM_PeriodElapsedCallback
 .text.Error_Handler
                0x08000f54        0x2 Src/main.o
                0x08000f54                Error_Handler
 *fill*         0x08000f56        0x2 
 .text.pinModeSet
                0x08000f58       0x24 Src/oneWire.o
                0x08000f58                pinModeSet
 .text.delayUs  0x08000f7c       0x14 Src/oneWire.o
                0x08000f7c                delayUs
 .text.DS_Reset
                0x08000f90       0x58 Src/oneWire.o
                0x08000f90                DS_Reset
 .text.DS_Write
                0x08000fe8       0x68 Src/oneWire.o
                0x08000fe8                DS_Write
 .text.DS_Read  0x08001050       0x50 Src/oneWire.o
                0x08001050                DS_Read
 .text.MX_RTC_Init
                0x080010a0       0x4c Src/rtc.o
                0x080010a0                MX_RTC_Init
 .text.HAL_RTC_MspInit
                0x080010ec       0x48 Src/rtc.o
                0x080010ec                HAL_RTC_MspInit
 .text.HAL_MspInit
                0x08001134       0x8c Src/stm32f1xx_hal_msp.o
                0x08001134                HAL_MspInit
 .text.HAL_InitTick
                0x080011c0       0x78 Src/stm32f1xx_hal_timebase_TIM.o
                0x080011c0                HAL_InitTick
 .text.NMI_Handler
                0x08001238        0x2 Src/stm32f1xx_it.o
                0x08001238                NMI_Handler
 .text.HardFault_Handler
                0x0800123a        0x2 Src/stm32f1xx_it.o
                0x0800123a                HardFault_Handler
 .text.MemManage_Handler
                0x0800123c        0x2 Src/stm32f1xx_it.o
                0x0800123c                MemManage_Handler
 .text.BusFault_Handler
                0x0800123e        0x2 Src/stm32f1xx_it.o
                0x0800123e                BusFault_Handler
 .text.UsageFault_Handler
                0x08001240        0x2 Src/stm32f1xx_it.o
                0x08001240                UsageFault_Handler
 .text.DebugMon_Handler
                0x08001242        0x2 Src/stm32f1xx_it.o
                0x08001242                DebugMon_Handler
 .text.SysTick_Handler
                0x08001244        0x4 Src/stm32f1xx_it.o
                0x08001244                SysTick_Handler
 .text.DMA1_Channel2_IRQHandler
                0x08001248        0xc Src/stm32f1xx_it.o
                0x08001248                DMA1_Channel2_IRQHandler
 .text.DMA1_Channel3_IRQHandler
                0x08001254        0xc Src/stm32f1xx_it.o
                0x08001254                DMA1_Channel3_IRQHandler
 .text.DMA1_Channel4_IRQHandler
                0x08001260        0xc Src/stm32f1xx_it.o
                0x08001260                DMA1_Channel4_IRQHandler
 .text.DMA1_Channel5_IRQHandler
                0x0800126c        0xc Src/stm32f1xx_it.o
                0x0800126c                DMA1_Channel5_IRQHandler
 .text.USB_LP_CAN1_RX0_IRQHandler
                0x08001278        0xc Src/stm32f1xx_it.o
                0x08001278                USB_LP_CAN1_RX0_IRQHandler
 .text.TIM1_UP_IRQHandler
                0x08001284        0xc Src/stm32f1xx_it.o
                0x08001284                TIM1_UP_IRQHandler
 .text.TIM2_IRQHandler
                0x08001290        0xc Src/stm32f1xx_it.o
                0x08001290                TIM2_IRQHandler
 .text.TIM3_IRQHandler
                0x0800129c        0xc Src/stm32f1xx_it.o
                0x0800129c                TIM3_IRQHandler
 .text.TIM4_IRQHandler
                0x080012a8        0xc Src/stm32f1xx_it.o
                0x080012a8                TIM4_IRQHandler
 .text.USART1_IRQHandler
                0x080012b4        0xc Src/stm32f1xx_it.o
                0x080012b4                USART1_IRQHandler
 .text.USART3_IRQHandler
                0x080012c0        0xc Src/stm32f1xx_it.o
                0x080012c0                USART3_IRQHandler
 .text.SystemInit
                0x080012cc       0x4c Src/system_stm32f1xx.o
                0x080012cc                SystemInit
 .text.MX_TIM2_Init
                0x08001318       0x58 Src/tim.o
                0x08001318                MX_TIM2_Init
 .text.MX_TIM3_Init
                0x08001370       0x5c Src/tim.o
                0x08001370                MX_TIM3_Init
 .text.MX_TIM4_Init
                0x080013cc       0x5c Src/tim.o
                0x080013cc                MX_TIM4_Init
 .text.HAL_TIM_Base_MspInit
                0x08001428       0x94 Src/tim.o
                0x08001428                HAL_TIM_Base_MspInit
 .text.MX_USART1_UART_Init
                0x080014bc       0x38 Src/usart.o
                0x080014bc                MX_USART1_UART_Init
 .text.MX_USART3_UART_Init
                0x080014f4       0x38 Src/usart.o
                0x080014f4                MX_USART3_UART_Init
 .text.HAL_UART_MspInit
                0x0800152c      0x18c Src/usart.o
                0x0800152c                HAL_UART_MspInit
 .text.MX_USB_DEVICE_Init
                0x080016b8       0x38 Src/usb_device.o
                0x080016b8                MX_USB_DEVICE_Init
 .text.CDC_DeInit_FS
                0x080016f0        0x4 Src/usbd_cdc_if.o
 .text.CDC_Control_FS
                0x080016f4        0x4 Src/usbd_cdc_if.o
 .text.CDC_Receive_FS
                0x080016f8       0x1c Src/usbd_cdc_if.o
 .text.CDC_Init_FS
                0x08001714       0x28 Src/usbd_cdc_if.o
 .text.HAL_PCD_MspInit
                0x0800173c       0x3c Src/usbd_conf.o
                0x0800173c                HAL_PCD_MspInit
 .text.HAL_PCD_SetupStageCallback
                0x08001778        0xc Src/usbd_conf.o
                0x08001778                HAL_PCD_SetupStageCallback
 .text.HAL_PCD_DataOutStageCallback
                0x08001784       0x10 Src/usbd_conf.o
                0x08001784                HAL_PCD_DataOutStageCallback
 .text.HAL_PCD_DataInStageCallback
                0x08001794        0xe Src/usbd_conf.o
                0x08001794                HAL_PCD_DataInStageCallback
 .text.HAL_PCD_SOFCallback
                0x080017a2        0x8 Src/usbd_conf.o
                0x080017a2                HAL_PCD_SOFCallback
 .text.HAL_PCD_ResetCallback
                0x080017aa       0x1a Src/usbd_conf.o
                0x080017aa                HAL_PCD_ResetCallback
 .text.HAL_PCD_SuspendCallback
                0x080017c4       0x20 Src/usbd_conf.o
                0x080017c4                HAL_PCD_SuspendCallback
 .text.HAL_PCD_ResumeCallback
                0x080017e4        0x8 Src/usbd_conf.o
                0x080017e4                HAL_PCD_ResumeCallback
 .text.USBD_LL_Init
                0x080017ec       0x84 Src/usbd_conf.o
                0x080017ec                USBD_LL_Init
 .text.USBD_LL_Start
                0x08001870       0x1c Src/usbd_conf.o
                0x08001870                USBD_LL_Start
 .text.USBD_LL_OpenEP
                0x0800188c       0x20 Src/usbd_conf.o
                0x0800188c                USBD_LL_OpenEP
 .text.USBD_LL_CloseEP
                0x080018ac       0x1c Src/usbd_conf.o
                0x080018ac                USBD_LL_CloseEP
 .text.USBD_LL_StallEP
                0x080018c8       0x1c Src/usbd_conf.o
                0x080018c8                USBD_LL_StallEP
 .text.USBD_LL_ClearStallEP
                0x080018e4       0x1c Src/usbd_conf.o
                0x080018e4                USBD_LL_ClearStallEP
 .text.USBD_LL_IsStallEP
                0x08001900       0x20 Src/usbd_conf.o
                0x08001900                USBD_LL_IsStallEP
 .text.USBD_LL_SetUSBAddress
                0x08001920       0x1c Src/usbd_conf.o
                0x08001920                USBD_LL_SetUSBAddress
 .text.USBD_LL_Transmit
                0x0800193c       0x1c Src/usbd_conf.o
                0x0800193c                USBD_LL_Transmit
 .text.USBD_LL_PrepareReceive
                0x08001958       0x1c Src/usbd_conf.o
                0x08001958                USBD_LL_PrepareReceive
 .text.USBD_LL_GetRxDataSize
                0x08001974        0xc Src/usbd_conf.o
                0x08001974                USBD_LL_GetRxDataSize
 .text.USBD_static_malloc
                0x08001980        0x8 Src/usbd_conf.o
                0x08001980                USBD_static_malloc
 .text.USBD_static_free
                0x08001988        0x2 Src/usbd_conf.o
                0x08001988                USBD_static_free
 .text.HAL_PCDEx_SetConnectionState
                0x0800198a        0x2 Src/usbd_conf.o
                0x0800198a                HAL_PCDEx_SetConnectionState
 .text.USBD_FS_DeviceDescriptor
                0x0800198c        0xc Src/usbd_desc.o
                0x0800198c                USBD_FS_DeviceDescriptor
 .text.USBD_FS_LangIDStrDescriptor
                0x08001998        0xc Src/usbd_desc.o
                0x08001998                USBD_FS_LangIDStrDescriptor
 .text.USBD_FS_ManufacturerStrDescriptor
                0x080019a4       0x1c Src/usbd_desc.o
                0x080019a4                USBD_FS_ManufacturerStrDescriptor
 .text.USBD_FS_ProductStrDescriptor
                0x080019c0       0x1c Src/usbd_desc.o
                0x080019c0                USBD_FS_ProductStrDescriptor
 .text.USBD_FS_SerialStrDescriptor
                0x080019dc       0x1c Src/usbd_desc.o
                0x080019dc                USBD_FS_SerialStrDescriptor
 .text.USBD_FS_ConfigStrDescriptor
                0x080019f8       0x1c Src/usbd_desc.o
                0x080019f8                USBD_FS_ConfigStrDescriptor
 .text.USBD_FS_InterfaceStrDescriptor
                0x08001a14       0x1c Src/usbd_desc.o
                0x08001a14                USBD_FS_InterfaceStrDescriptor
 .text.vListInitialise
                0x08001a30       0x16 Middlewares/Third_Party/FreeRTOS/Source/list.o
                0x08001a30                vListInitialise
 .text.vListInitialiseItem
                0x08001a46        0x6 Middlewares/Third_Party/FreeRTOS/Source/list.o
                0x08001a46                vListInitialiseItem
 .text.vListInsertEnd
                0x08001a4c       0x18 Middlewares/Third_Party/FreeRTOS/Source/list.o
                0x08001a4c                vListInsertEnd
 .text.vListInsert
                0x08001a64       0x30 Middlewares/Third_Party/FreeRTOS/Source/list.o
                0x08001a64                vListInsert
 .text.uxListRemove
                0x08001a94       0x20 Middlewares/Third_Party/FreeRTOS/Source/list.o
                0x08001a94                uxListRemove
 .text.prvCopyDataToQueue
                0x08001ab4       0x6a Middlewares/Third_Party/FreeRTOS/Source/queue.o
 .text.unlikely.prvCopyDataFromQueue
                0x08001b1e       0x28 Middlewares/Third_Party/FreeRTOS/Source/queue.o
 .text.prvUnlockQueue
                0x08001b46       0x68 Middlewares/Third_Party/FreeRTOS/Source/queue.o
 .text.xQueueGenericReset
                0x08001bae       0x62 Middlewares/Third_Party/FreeRTOS/Source/queue.o
                0x08001bae                xQueueGenericReset
 .text.xQueueGenericCreate
                0x08001c10       0x4c Middlewares/Third_Party/FreeRTOS/Source/queue.o
                0x08001c10                xQueueGenericCreate
 .text.xQueueGenericSend
                0x08001c5c      0x118 Middlewares/Third_Party/FreeRTOS/Source/queue.o
                0x08001c5c                xQueueGenericSend
 .text.xQueueGiveFromISR
                0x08001d74       0x72 Middlewares/Third_Party/FreeRTOS/Source/queue.o
                0x08001d74                xQueueGiveFromISR
 .text.xQueueGenericReceive
                0x08001de6      0x12c Middlewares/Third_Party/FreeRTOS/Source/queue.o
                0x08001de6                xQueueGenericReceive
 .text.xQueueReceiveFromISR
                0x08001f12       0x6a Middlewares/Third_Party/FreeRTOS/Source/queue.o
                0x08001f12                xQueueReceiveFromISR
 .text.prvResetNextTaskUnblockTime
                0x08001f7c       0x20 Middlewares/Third_Party/FreeRTOS/Source/tasks.o
 .text.prvAddCurrentTaskToDelayedList
                0x08001f9c       0x38 Middlewares/Third_Party/FreeRTOS/Source/tasks.o
 .text.xTaskGenericCreate
                0x08001fd4      0x198 Middlewares/Third_Party/FreeRTOS/Source/tasks.o
                0x08001fd4                xTaskGenericCreate
 .text.vTaskStartScheduler
                0x0800216c       0x54 Middlewares/Third_Party/FreeRTOS/Source/tasks.o
                0x0800216c                vTaskStartScheduler
 .text.vTaskSuspendAll
                0x080021c0       0x14 Middlewares/Third_Party/FreeRTOS/Source/tasks.o
                0x080021c0                vTaskSuspendAll
 .text.xTaskGetTickCount
                0x080021d4        0xc Middlewares/Third_Party/FreeRTOS/Source/tasks.o
                0x080021d4                xTaskGetTickCount
 .text.xTaskGetTickCountFromISR
                0x080021e0       0x10 Middlewares/Third_Party/FreeRTOS/Source/tasks.o
                0x080021e0                xTaskGetTickCountFromISR
 .text.xTaskIncrementTick
                0x080021f0       0xe4 Middlewares/Third_Party/FreeRTOS/Source/tasks.o
                0x080021f0                xTaskIncrementTick
 .text.xTaskResumeAll
                0x080022d4       0xc8 Middlewares/Third_Party/FreeRTOS/Source/tasks.o
                0x080022d4                xTaskResumeAll
 .text.vTaskDelayUntil
                0x0800239c       0x88 Middlewares/Third_Party/FreeRTOS/Source/tasks.o
                0x0800239c                vTaskDelayUntil
 .text.vTaskDelay
                0x08002424       0x54 Middlewares/Third_Party/FreeRTOS/Source/tasks.o
                0x08002424                vTaskDelay
 .text.prvIdleTask
                0x08002478       0x64 Middlewares/Third_Party/FreeRTOS/Source/tasks.o
 .text.vTaskSwitchContext
                0x080024dc       0x5c Middlewares/Third_Party/FreeRTOS/Source/tasks.o
                0x080024dc                vTaskSwitchContext
 .text.vTaskPlaceOnEventList
                0x08002538       0x5c Middlewares/Third_Party/FreeRTOS/Source/tasks.o
                0x08002538                vTaskPlaceOnEventList
 .text.xTaskRemoveFromEventList
                0x08002594       0x6c Middlewares/Third_Party/FreeRTOS/Source/tasks.o
                0x08002594                xTaskRemoveFromEventList
 .text.vTaskSetTimeOutState
                0x08002600       0x1c Middlewares/Third_Party/FreeRTOS/Source/tasks.o
                0x08002600                vTaskSetTimeOutState
 .text.xTaskCheckForTimeOut
                0x0800261c       0x58 Middlewares/Third_Party/FreeRTOS/Source/tasks.o
                0x0800261c                xTaskCheckForTimeOut
 .text.vTaskMissedYield
                0x08002674       0x10 Middlewares/Third_Party/FreeRTOS/Source/tasks.o
                0x08002674                vTaskMissedYield
 .text.xTaskGetSchedulerState
                0x08002684       0x20 Middlewares/Third_Party/FreeRTOS/Source/tasks.o
                0x08002684                xTaskGetSchedulerState
 .text.vTaskPriorityInherit
                0x080026a4       0x98 Middlewares/Third_Party/FreeRTOS/Source/tasks.o
                0x080026a4                vTaskPriorityInherit
 .text.xTaskPriorityDisinherit
                0x0800273c       0x8c Middlewares/Third_Party/FreeRTOS/Source/tasks.o
                0x0800273c                xTaskPriorityDisinherit
 .text.pvTaskIncrementMutexHeldCount
                0x080027c8       0x18 Middlewares/Third_Party/FreeRTOS/Source/tasks.o
                0x080027c8                pvTaskIncrementMutexHeldCount
 .text.prvInsertBlockIntoFreeList
                0x080027e0       0x44 Middlewares/Third_Party/FreeRTOS/Source/portable/MemMang/heap_4.o
 .text.pvPortMalloc
                0x08002824      0x104 Middlewares/Third_Party/FreeRTOS/Source/portable/MemMang/heap_4.o
                0x08002824                pvPortMalloc
 .text.vPortFree
                0x08002928       0x58 Middlewares/Third_Party/FreeRTOS/Source/portable/MemMang/heap_4.o
                0x08002928                vPortFree
 .text.prvPortStartFirstTask
                0x08002980       0x20 Middlewares/Third_Party/FreeRTOS/Source/portable/GCC/ARM_CM3/port.o
 .text.pxPortInitialiseStack
                0x080029a0       0x1c Middlewares/Third_Party/FreeRTOS/Source/portable/GCC/ARM_CM3/port.o
                0x080029a0                pxPortInitialiseStack
 .text.SVC_Handler
                0x080029bc       0x24 Middlewares/Third_Party/FreeRTOS/Source/portable/GCC/ARM_CM3/port.o
                0x080029bc                SVC_Handler
 .text.vPortYield
                0x080029e0       0x18 Middlewares/Third_Party/FreeRTOS/Source/portable/GCC/ARM_CM3/port.o
                0x080029e0                vPortYield
 .text.ulPortSetInterruptMask
                0x080029f8       0x10 Middlewares/Third_Party/FreeRTOS/Source/portable/GCC/ARM_CM3/port.o
                0x080029f8                ulPortSetInterruptMask
 .text.prvTaskExitError
                0x08002a08       0x1c Middlewares/Third_Party/FreeRTOS/Source/portable/GCC/ARM_CM3/port.o
 .text.vPortEnterCritical
                0x08002a24       0x34 Middlewares/Third_Party/FreeRTOS/Source/portable/GCC/ARM_CM3/port.o
                0x08002a24                vPortEnterCritical
 .text.vPortClearInterruptMask
                0x08002a58        0x6 Middlewares/Third_Party/FreeRTOS/Source/portable/GCC/ARM_CM3/port.o
                0x08002a58                vPortClearInterruptMask
 *fill*         0x08002a5e        0x2 
 .text.vPortExitCritical
                0x08002a60       0x24 Middlewares/Third_Party/FreeRTOS/Source/portable/GCC/ARM_CM3/port.o
                0x08002a60                vPortExitCritical
 .text.PendSV_Handler
                0x08002a84       0x44 Middlewares/Third_Party/FreeRTOS/Source/portable/GCC/ARM_CM3/port.o
                0x08002a84                PendSV_Handler
 .text.xPortSysTickHandler
                0x08002ac8       0x24 Middlewares/Third_Party/FreeRTOS/Source/portable/GCC/ARM_CM3/port.o
                0x08002ac8                xPortSysTickHandler
 .text.vPortSetupTimerInterrupt
                0x08002aec       0x28 Middlewares/Third_Party/FreeRTOS/Source/portable/GCC/ARM_CM3/port.o
                0x08002aec                vPortSetupTimerInterrupt
 .text.xPortStartScheduler
                0x08002b14       0x90 Middlewares/Third_Party/FreeRTOS/Source/portable/GCC/ARM_CM3/port.o
                0x08002b14                xPortStartScheduler
 .text.vPortValidateInterruptPriority
                0x08002ba4       0x40 Middlewares/Third_Party/FreeRTOS/Source/portable/GCC/ARM_CM3/port.o
                0x08002ba4                vPortValidateInterruptPriority
 .text.osKernelStart
                0x08002be4        0xa Middlewares/Third_Party/FreeRTOS/Source/CMSIS_RTOS/cmsis_os.o
                0x08002be4                osKernelStart
 .text.osKernelSysTick
                0x08002bee        0xe Middlewares/Third_Party/FreeRTOS/Source/CMSIS_RTOS/cmsis_os.o
                0x08002bee                osKernelSysTick
 .text.osThreadCreate
                0x08002bfc       0x38 Middlewares/Third_Party/FreeRTOS/Source/CMSIS_RTOS/cmsis_os.o
                0x08002bfc                osThreadCreate
 .text.osDelay  0x08002c34       0x10 Middlewares/Third_Party/FreeRTOS/Source/CMSIS_RTOS/cmsis_os.o
                0x08002c34                osDelay
 .text.osSemaphoreCreate
                0x08002c44       0x28 Middlewares/Third_Party/FreeRTOS/Source/CMSIS_RTOS/cmsis_os.o
                0x08002c44                osSemaphoreCreate
 .text.osSemaphoreWait
                0x08002c6c       0x48 Middlewares/Third_Party/FreeRTOS/Source/CMSIS_RTOS/cmsis_os.o
                0x08002c6c                osSemaphoreWait
 .text.osSemaphoreRelease
                0x08002cb4       0x40 Middlewares/Third_Party/FreeRTOS/Source/CMSIS_RTOS/cmsis_os.o
                0x08002cb4                osSemaphoreRelease
 .text.osSystickHandler
                0x08002cf4       0x14 Middlewares/Third_Party/FreeRTOS/Source/CMSIS_RTOS/cmsis_os.o
                0x08002cf4                osSystickHandler
 .text.osDelayUntil
                0x08002d08       0x10 Middlewares/Third_Party/FreeRTOS/Source/CMSIS_RTOS/cmsis_os.o
                0x08002d08                osDelayUntil
 .text.USBD_Init
                0x08002d18       0x2a Middlewares/ST/STM32_USB_Device_Library/Core/Src/usbd_core.o
                0x08002d18                USBD_Init
 .text.USBD_RegisterClass
                0x08002d42        0xe Middlewares/ST/STM32_USB_Device_Library/Core/Src/usbd_core.o
                0x08002d42                USBD_RegisterClass
 .text.USBD_Start
                0x08002d50        0xa Middlewares/ST/STM32_USB_Device_Library/Core/Src/usbd_core.o
                0x08002d50                USBD_Start
 .text.USBD_SetClassConfig
                0x08002d5a       0x16 Middlewares/ST/STM32_USB_Device_Library/Core/Src/usbd_core.o
                0x08002d5a                USBD_SetClassConfig
 .text.USBD_ClrClassConfig
                0x08002d70        0xe Middlewares/ST/STM32_USB_Device_Library/Core/Src/usbd_core.o
                0x08002d70                USBD_ClrClassConfig
 .text.USBD_LL_SetupStage
                0x08002d7e       0x5a Middlewares/ST/STM32_USB_Device_Library/Core/Src/usbd_core.o
                0x08002d7e                USBD_LL_SetupStage
 .text.USBD_LL_DataOutStage
                0x08002dd8       0x62 Middlewares/ST/STM32_USB_Device_Library/Core/Src/usbd_core.o
                0x08002dd8                USBD_LL_DataOutStage
 .text.USBD_LL_DataInStage
                0x08002e3a       0x9c Middlewares/ST/STM32_USB_Device_Library/Core/Src/usbd_core.o
                0x08002e3a                USBD_LL_DataInStage
 .text.USBD_LL_Reset
                0x08002ed6       0x3e Middlewares/ST/STM32_USB_Device_Library/Core/Src/usbd_core.o
                0x08002ed6                USBD_LL_Reset
 .text.USBD_LL_SetSpeed
                0x08002f14        0x6 Middlewares/ST/STM32_USB_Device_Library/Core/Src/usbd_core.o
                0x08002f14                USBD_LL_SetSpeed
 .text.USBD_LL_Suspend
                0x08002f1a       0x12 Middlewares/ST/STM32_USB_Device_Library/Core/Src/usbd_core.o
                0x08002f1a                USBD_LL_Suspend
 .text.USBD_LL_Resume
                0x08002f2c        0xc Middlewares/ST/STM32_USB_Device_Library/Core/Src/usbd_core.o
                0x08002f2c                USBD_LL_Resume
 .text.USBD_LL_SOF
                0x08002f38       0x18 Middlewares/ST/STM32_USB_Device_Library/Core/Src/usbd_core.o
                0x08002f38                USBD_LL_SOF
 .text.USBD_ParseSetupRequest
                0x08002f50       0x28 Middlewares/ST/STM32_USB_Device_Library/Core/Src/usbd_ctlreq.o
                0x08002f50                USBD_ParseSetupRequest
 .text.USBD_CtlError
                0x08002f78       0x16 Middlewares/ST/STM32_USB_Device_Library/Core/Src/usbd_ctlreq.o
                0x08002f78                USBD_CtlError
 *fill*         0x08002f8e        0x2 
 .text.USBD_StdDevReq
                0x08002f90      0x214 Middlewares/ST/STM32_USB_Device_Library/Core/Src/usbd_ctlreq.o
                0x08002f90                USBD_StdDevReq
 .text.USBD_StdItfReq
                0x080031a4       0x30 Middlewares/ST/STM32_USB_Device_Library/Core/Src/usbd_ctlreq.o
                0x080031a4                USBD_StdItfReq
 .text.USBD_StdEPReq
                0x080031d4       0xc6 Middlewares/ST/STM32_USB_Device_Library/Core/Src/usbd_ctlreq.o
                0x080031d4                USBD_StdEPReq
 .text.USBD_GetString
                0x0800329a       0x38 Middlewares/ST/STM32_USB_Device_Library/Core/Src/usbd_ctlreq.o
                0x0800329a                USBD_GetString
 .text.USBD_CtlSendData
                0x080032d2       0x1a Middlewares/ST/STM32_USB_Device_Library/Core/Src/usbd_ioreq.o
                0x080032d2                USBD_CtlSendData
 .text.USBD_CtlContinueSendData
                0x080032ec       0x10 Middlewares/ST/STM32_USB_Device_Library/Core/Src/usbd_ioreq.o
                0x080032ec                USBD_CtlContinueSendData
 .text.USBD_CtlPrepareRx
                0x080032fc       0x1e Middlewares/ST/STM32_USB_Device_Library/Core/Src/usbd_ioreq.o
                0x080032fc                USBD_CtlPrepareRx
 .text.USBD_CtlContinueRx
                0x0800331a       0x10 Middlewares/ST/STM32_USB_Device_Library/Core/Src/usbd_ioreq.o
                0x0800331a                USBD_CtlContinueRx
 .text.USBD_CtlSendStatus
                0x0800332a       0x16 Middlewares/ST/STM32_USB_Device_Library/Core/Src/usbd_ioreq.o
                0x0800332a                USBD_CtlSendStatus
 .text.USBD_CtlReceiveStatus
                0x08003340       0x16 Middlewares/ST/STM32_USB_Device_Library/Core/Src/usbd_ioreq.o
                0x08003340                USBD_CtlReceiveStatus
 .text.USBD_CDC_DataIn
                0x08003356       0x12 Middlewares/ST/STM32_USB_Device_Library/Class/CDC/Src/usbd_cdc.o
 .text.USBD_CDC_EP0_RxReady
                0x08003368       0x28 Middlewares/ST/STM32_USB_Device_Library/Class/CDC/Src/usbd_cdc.o
 .text.USBD_CDC_GetFSCfgDesc
                0x08003390        0xc Middlewares/ST/STM32_USB_Device_Library/Class/CDC/Src/usbd_cdc.o
 .text.USBD_CDC_GetHSCfgDesc
                0x0800339c        0xc Middlewares/ST/STM32_USB_Device_Library/Class/CDC/Src/usbd_cdc.o
 .text.USBD_CDC_GetOtherSpeedCfgDesc
                0x080033a8        0xc Middlewares/ST/STM32_USB_Device_Library/Class/CDC/Src/usbd_cdc.o
 .text.USBD_CDC_GetDeviceQualifierDescriptor
                0x080033b4        0xc Middlewares/ST/STM32_USB_Device_Library/Class/CDC/Src/usbd_cdc.o
                0x080033b4                USBD_CDC_GetDeviceQualifierDescriptor
 .text.USBD_CDC_DataOut
                0x080033c0       0x2e Middlewares/ST/STM32_USB_Device_Library/Class/CDC/Src/usbd_cdc.o
 *fill*         0x080033ee        0x2 
 .text.USBD_CDC_Setup
                0x080033f0       0x6c Middlewares/ST/STM32_USB_Device_Library/Class/CDC/Src/usbd_cdc.o
 .text.USBD_CDC_DeInit
                0x0800345c       0x3a Middlewares/ST/STM32_USB_Device_Library/Class/CDC/Src/usbd_cdc.o
 .text.USBD_CDC_Init
                0x08003496       0x8c Middlewares/ST/STM32_USB_Device_Library/Class/CDC/Src/usbd_cdc.o
 .text.USBD_CDC_RegisterInterface
                0x08003522        0xe Middlewares/ST/STM32_USB_Device_Library/Class/CDC/Src/usbd_cdc.o
                0x08003522                USBD_CDC_RegisterInterface
 .text.USBD_CDC_SetTxBuffer
                0x08003530       0x10 Middlewares/ST/STM32_USB_Device_Library/Class/CDC/Src/usbd_cdc.o
                0x08003530                USBD_CDC_SetTxBuffer
 .text.USBD_CDC_SetRxBuffer
                0x08003540        0xc Middlewares/ST/STM32_USB_Device_Library/Class/CDC/Src/usbd_cdc.o
                0x08003540                USBD_CDC_SetRxBuffer
 .text.USBD_CDC_ReceivePacket
                0x0800354c       0x26 Middlewares/ST/STM32_USB_Device_Library/Class/CDC/Src/usbd_cdc.o
                0x0800354c                USBD_CDC_ReceivePacket
 *fill*         0x08003572        0x2 
 .text.HAL_Init
                0x08003574       0x24 Drivers/STM32F1xx_HAL_Driver/Src/stm32f1xx_hal.o
                0x08003574                HAL_Init
 .text.HAL_IncTick
                0x08003598       0x10 Drivers/STM32F1xx_HAL_Driver/Src/stm32f1xx_hal.o
                0x08003598                HAL_IncTick
 .text.HAL_GetTick
                0x080035a8        0xc Drivers/STM32F1xx_HAL_Driver/Src/stm32f1xx_hal.o
                0x080035a8                HAL_GetTick
 .text.HAL_Delay
                0x080035b4       0x1a Drivers/STM32F1xx_HAL_Driver/Src/stm32f1xx_hal.o
                0x080035b4                HAL_Delay
 *fill*         0x080035ce        0x2 
 .text.HAL_NVIC_SetPriorityGrouping
                0x080035d0       0x24 Drivers/STM32F1xx_HAL_Driver/Src/stm32f1xx_hal_cortex.o
                0x080035d0                HAL_NVIC_SetPriorityGrouping
 .text.HAL_NVIC_SetPriority
                0x080035f4       0x68 Drivers/STM32F1xx_HAL_Driver/Src/stm32f1xx_hal_cortex.o
                0x080035f4                HAL_NVIC_SetPriority
 .text.HAL_NVIC_EnableIRQ
                0x0800365c       0x18 Drivers/STM32F1xx_HAL_Driver/Src/stm32f1xx_hal_cortex.o
                0x0800365c                HAL_NVIC_EnableIRQ
 .text.HAL_SYSTICK_Config
                0x08003674       0x2c Drivers/STM32F1xx_HAL_Driver/Src/stm32f1xx_hal_cortex.o
                0x08003674                HAL_SYSTICK_Config
 .text.HAL_SYSTICK_CLKSourceConfig
                0x080036a0       0x18 Drivers/STM32F1xx_HAL_Driver/Src/stm32f1xx_hal_cortex.o
                0x080036a0                HAL_SYSTICK_CLKSourceConfig
 .text.HAL_DMA_Init
                0x080036b8       0x4a Drivers/STM32F1xx_HAL_Driver/Src/stm32f1xx_hal_dma.o
                0x080036b8                HAL_DMA_Init
 .text.HAL_DMA_Start_IT
                0x08003702       0x5a Drivers/STM32F1xx_HAL_Driver/Src/stm32f1xx_hal_dma.o
                0x08003702                HAL_DMA_Start_IT
 .text.HAL_DMA_IRQHandler
                0x0800375c      0x254 Drivers/STM32F1xx_HAL_Driver/Src/stm32f1xx_hal_dma.o
                0x0800375c                HAL_DMA_IRQHandler
 .text.HAL_GPIO_Init
                0x080039b0      0x1b0 Drivers/STM32F1xx_HAL_Driver/Src/stm32f1xx_hal_gpio.o
                0x080039b0                HAL_GPIO_Init
 .text.HAL_GPIO_ReadPin
                0x08003b60        0xc Drivers/STM32F1xx_HAL_Driver/Src/stm32f1xx_hal_gpio.o
                0x08003b60                HAL_GPIO_ReadPin
 .text.HAL_GPIO_WritePin
                0x08003b6c        0x8 Drivers/STM32F1xx_HAL_Driver/Src/stm32f1xx_hal_gpio.o
                0x08003b6c                HAL_GPIO_WritePin
 .text.HAL_PCD_Init
                0x08003b74       0xd4 Drivers/STM32F1xx_HAL_Driver/Src/stm32f1xx_hal_pcd.o
                0x08003b74                HAL_PCD_Init
 .text.HAL_PCD_Start
                0x08003c48       0x2e Drivers/STM32F1xx_HAL_Driver/Src/stm32f1xx_hal_pcd.o
                0x08003c48                HAL_PCD_Start
 .text.HAL_PCD_SetAddress
                0x08003c76       0x28 Drivers/STM32F1xx_HAL_Driver/Src/stm32f1xx_hal_pcd.o
                0x08003c76                HAL_PCD_SetAddress
 .text.HAL_PCD_EP_Open
                0x08003c9e       0x48 Drivers/STM32F1xx_HAL_Driver/Src/stm32f1xx_hal_pcd.o
                0x08003c9e                HAL_PCD_EP_Open
 .text.HAL_PCD_EP_Close
                0x08003ce6       0x44 Drivers/STM32F1xx_HAL_Driver/Src/stm32f1xx_hal_pcd.o
                0x08003ce6                HAL_PCD_EP_Close
 .text.HAL_PCD_EP_Receive
                0x08003d2a       0x48 Drivers/STM32F1xx_HAL_Driver/Src/stm32f1xx_hal_pcd.o
                0x08003d2a                HAL_PCD_EP_Receive
 .text.HAL_PCD_EP_GetRxCount
                0x08003d72        0xe Drivers/STM32F1xx_HAL_Driver/Src/stm32f1xx_hal_pcd.o
                0x08003d72                HAL_PCD_EP_GetRxCount
 .text.HAL_PCD_EP_Transmit
                0x08003d80       0x40 Drivers/STM32F1xx_HAL_Driver/Src/stm32f1xx_hal_pcd.o
                0x08003d80                HAL_PCD_EP_Transmit
 .text.HAL_PCD_IRQHandler
                0x08003dc0      0x4d0 Drivers/STM32F1xx_HAL_Driver/Src/stm32f1xx_hal_pcd.o
                0x08003dc0                HAL_PCD_IRQHandler
 .text.HAL_PCD_EP_SetStall
                0x08004290       0x54 Drivers/STM32F1xx_HAL_Driver/Src/stm32f1xx_hal_pcd.o
                0x08004290                HAL_PCD_EP_SetStall
 .text.HAL_PCD_EP_ClrStall
                0x080042e4       0x48 Drivers/STM32F1xx_HAL_Driver/Src/stm32f1xx_hal_pcd.o
                0x080042e4                HAL_PCD_EP_ClrStall
 .text.HAL_PCDEx_PMAConfig
                0x0800432c       0x30 Drivers/STM32F1xx_HAL_Driver/Src/stm32f1xx_hal_pcd_ex.o
                0x0800432c                HAL_PCDEx_PMAConfig
 .text.HAL_PWR_EnableBkUpAccess
                0x0800435c       0x1c Drivers/STM32F1xx_HAL_Driver/Src/stm32f1xx_hal_pwr.o
                0x0800435c                HAL_PWR_EnableBkUpAccess
 .text.HAL_RCC_OscConfig
                0x08004378      0x4c0 Drivers/STM32F1xx_HAL_Driver/Src/stm32f1xx_hal_rcc.o
                0x08004378                HAL_RCC_OscConfig
 .text.HAL_RCC_GetSysClockFreq
                0x08004838       0x90 Drivers/STM32F1xx_HAL_Driver/Src/stm32f1xx_hal_rcc.o
                0x08004838                HAL_RCC_GetSysClockFreq
 .text.HAL_RCC_ClockConfig
                0x080048c8      0x164 Drivers/STM32F1xx_HAL_Driver/Src/stm32f1xx_hal_rcc.o
                0x080048c8                HAL_RCC_ClockConfig
 .text.HAL_RCC_GetHCLKFreq
                0x08004a2c        0xc Drivers/STM32F1xx_HAL_Driver/Src/stm32f1xx_hal_rcc.o
                0x08004a2c                HAL_RCC_GetHCLKFreq
 .text.HAL_RCC_GetPCLK1Freq
                0x08004a38       0x30 Drivers/STM32F1xx_HAL_Driver/Src/stm32f1xx_hal_rcc.o
                0x08004a38                HAL_RCC_GetPCLK1Freq
 .text.HAL_RCC_GetPCLK2Freq
                0x08004a68       0x30 Drivers/STM32F1xx_HAL_Driver/Src/stm32f1xx_hal_rcc.o
                0x08004a68                HAL_RCC_GetPCLK2Freq
 .text.HAL_RCC_GetClockConfig
                0x08004a98       0x3c Drivers/STM32F1xx_HAL_Driver/Src/stm32f1xx_hal_rcc.o
                0x08004a98                HAL_RCC_GetClockConfig
 .text.HAL_RCCEx_PeriphCLKConfig
                0x08004ad4      0x114 Drivers/STM32F1xx_HAL_Driver/Src/stm32f1xx_hal_rcc_ex.o
                0x08004ad4                HAL_RCCEx_PeriphCLKConfig
 .text.HAL_RCCEx_GetPeriphCLKFreq
                0x08004be8      0x110 Drivers/STM32F1xx_HAL_Driver/Src/stm32f1xx_hal_rcc_ex.o
                0x08004be8                HAL_RCCEx_GetPeriphCLKFreq
 .text.RTC_ReadTimeCounter
                0x08004cf8       0x24 Drivers/STM32F1xx_HAL_Driver/Src/stm32f1xx_hal_rtc.o
 .text.RTC_ReadAlarmCounter
                0x08004d1c        0xe Drivers/STM32F1xx_HAL_Driver/Src/stm32f1xx_hal_rtc.o
 .text.RTC_ByteToBcd2
                0x08004d2a       0x16 Drivers/STM32F1xx_HAL_Driver/Src/stm32f1xx_hal_rtc.o
 .text.RTC_Bcd2ToByte
                0x08004d40       0x10 Drivers/STM32F1xx_HAL_Driver/Src/stm32f1xx_hal_rtc.o
 .text.RTC_WeekDayNum
                0x08004d50       0x7c Drivers/STM32F1xx_HAL_Driver/Src/stm32f1xx_hal_rtc.o
 .text.RTC_EnterInitMode
                0x08004dcc       0x2e Drivers/STM32F1xx_HAL_Driver/Src/stm32f1xx_hal_rtc.o
 .text.RTC_ExitInitMode
                0x08004dfa       0x30 Drivers/STM32F1xx_HAL_Driver/Src/stm32f1xx_hal_rtc.o
 .text.RTC_WriteTimeCounter
                0x08004e2a       0x28 Drivers/STM32F1xx_HAL_Driver/Src/stm32f1xx_hal_rtc.o
 .text.RTC_WriteAlarmCounter
                0x08004e52       0x28 Drivers/STM32F1xx_HAL_Driver/Src/stm32f1xx_hal_rtc.o
 .text.HAL_RTC_SetTime
                0x08004e7a       0xa8 Drivers/STM32F1xx_HAL_Driver/Src/stm32f1xx_hal_rtc.o
                0x08004e7a                HAL_RTC_SetTime
 *fill*         0x08004f22        0x2 
 .text.HAL_RTC_GetTime
                0x08004f24      0x164 Drivers/STM32F1xx_HAL_Driver/Src/stm32f1xx_hal_rtc.o
                0x08004f24                HAL_RTC_GetTime
 .text.HAL_RTC_SetDate
                0x08005088       0xb8 Drivers/STM32F1xx_HAL_Driver/Src/stm32f1xx_hal_rtc.o
                0x08005088                HAL_RTC_SetDate
 .text.HAL_RTC_GetDate
                0x08005140       0x56 Drivers/STM32F1xx_HAL_Driver/Src/stm32f1xx_hal_rtc.o
                0x08005140                HAL_RTC_GetDate
 .text.HAL_RTC_WaitForSynchro
                0x08005196       0x36 Drivers/STM32F1xx_HAL_Driver/Src/stm32f1xx_hal_rtc.o
                0x08005196                HAL_RTC_WaitForSynchro
 .text.HAL_RTC_Init
                0x080051cc       0xa0 Drivers/STM32F1xx_HAL_Driver/Src/stm32f1xx_hal_rtc.o
                0x080051cc                HAL_RTC_Init
 .text.HAL_TIM_Base_Start_IT
                0x0800526c       0x16 Drivers/STM32F1xx_HAL_Driver/Src/stm32f1xx_hal_tim.o
                0x0800526c                HAL_TIM_Base_Start_IT
 .text.HAL_TIM_ConfigClockSource
                0x08005282      0x174 Drivers/STM32F1xx_HAL_Driver/Src/stm32f1xx_hal_tim.o
                0x08005282                HAL_TIM_ConfigClockSource
 .text.HAL_TIM_OC_DelayElapsedCallback
                0x080053f6        0x2 Drivers/STM32F1xx_HAL_Driver/Src/stm32f1xx_hal_tim.o
                0x080053f6                HAL_TIM_OC_DelayElapsedCallback
 .text.HAL_TIM_IC_CaptureCallback
                0x080053f8        0x2 Drivers/STM32F1xx_HAL_Driver/Src/stm32f1xx_hal_tim.o
                0x080053f8                HAL_TIM_IC_CaptureCallback
 .text.HAL_TIM_PWM_PulseFinishedCallback
                0x080053fa        0x2 Drivers/STM32F1xx_HAL_Driver/Src/stm32f1xx_hal_tim.o
                0x080053fa                HAL_TIM_PWM_PulseFinishedCallback
 .text.HAL_TIM_TriggerCallback
                0x080053fc        0x2 Drivers/STM32F1xx_HAL_Driver/Src/stm32f1xx_hal_tim.o
                0x080053fc                HAL_TIM_TriggerCallback
 .text.HAL_TIM_IRQHandler
                0x080053fe      0x144 Drivers/STM32F1xx_HAL_Driver/Src/stm32f1xx_hal_tim.o
                0x080053fe                HAL_TIM_IRQHandler
 *fill*         0x08005542        0x2 
 .text.TIM_Base_SetConfig
                0x08005544       0x68 Drivers/STM32F1xx_HAL_Driver/Src/stm32f1xx_hal_tim.o
                0x08005544                TIM_Base_SetConfig
 .text.HAL_TIM_Base_Init
                0x080055ac       0x34 Drivers/STM32F1xx_HAL_Driver/Src/stm32f1xx_hal_tim.o
                0x080055ac                HAL_TIM_Base_Init
 .text.HAL_TIMEx_MasterConfigSynchronization
                0x080055e0       0x44 Drivers/STM32F1xx_HAL_Driver/Src/stm32f1xx_hal_tim_ex.o
                0x080055e0                HAL_TIMEx_MasterConfigSynchronization
 .text.HAL_TIMEx_CommutationCallback
                0x08005624        0x2 Drivers/STM32F1xx_HAL_Driver/Src/stm32f1xx_hal_tim_ex.o
                0x08005624                HAL_TIMEx_CommutationCallback
 .text.HAL_TIMEx_BreakCallback
                0x08005626        0x2 Drivers/STM32F1xx_HAL_Driver/Src/stm32f1xx_hal_tim_ex.o
                0x08005626                HAL_TIMEx_BreakCallback
 .text.UART_SetConfig
                0x08005628      0x134 Drivers/STM32F1xx_HAL_Driver/Src/stm32f1xx_hal_uart.o
 .text.HAL_UART_Init
                0x0800575c       0x58 Drivers/STM32F1xx_HAL_Driver/Src/stm32f1xx_hal_uart.o
                0x0800575c                HAL_UART_Init
 .text.HAL_UART_Transmit_DMA
                0x080057b4       0x84 Drivers/STM32F1xx_HAL_Driver/Src/stm32f1xx_hal_uart.o
                0x080057b4                HAL_UART_Transmit_DMA
 .text.HAL_UART_Receive_DMA
                0x08005838       0x7c Drivers/STM32F1xx_HAL_Driver/Src/stm32f1xx_hal_uart.o
                0x08005838                HAL_UART_Receive_DMA
 .text.HAL_UART_DMAPause
                0x080058b4       0x5a Drivers/STM32F1xx_HAL_Driver/Src/stm32f1xx_hal_uart.o
                0x080058b4                HAL_UART_DMAPause
 .text.HAL_UART_DMAResume
                0x0800590e       0x76 Drivers/STM32F1xx_HAL_Driver/Src/stm32f1xx_hal_uart.o
                0x0800590e                HAL_UART_DMAResume
 .text.UART_DMATransmitCplt
                0x08005984       0x2c Drivers/STM32F1xx_HAL_Driver/Src/stm32f1xx_hal_uart.o
 .text.HAL_UART_TxHalfCpltCallback
                0x080059b0        0x2 Drivers/STM32F1xx_HAL_Driver/Src/stm32f1xx_hal_uart.o
                0x080059b0                HAL_UART_TxHalfCpltCallback
 .text.UART_DMATxHalfCplt
                0x080059b2        0xa Drivers/STM32F1xx_HAL_Driver/Src/stm32f1xx_hal_uart.o
 .text.UART_DMAReceiveCplt
                0x080059bc       0x32 Drivers/STM32F1xx_HAL_Driver/Src/stm32f1xx_hal_uart.o
 .text.HAL_UART_RxHalfCpltCallback
                0x080059ee        0x2 Drivers/STM32F1xx_HAL_Driver/Src/stm32f1xx_hal_uart.o
                0x080059ee                HAL_UART_RxHalfCpltCallback
 .text.UART_DMARxHalfCplt
                0x080059f0        0xa Drivers/STM32F1xx_HAL_Driver/Src/stm32f1xx_hal_uart.o
 .text.UART_DMAError
                0x080059fa       0x1e Drivers/STM32F1xx_HAL_Driver/Src/stm32f1xx_hal_uart.o
 .text.HAL_UART_IRQHandler
                0x08005a18      0x184 Drivers/STM32F1xx_HAL_Driver/Src/stm32f1xx_hal_uart.o
                0x08005a18                HAL_UART_IRQHandler
 .text.USB_CoreInit
                0x08005b9c        0xe Drivers/STM32F1xx_HAL_Driver/Src/stm32f1xx_ll_usb.o
                0x08005b9c                USB_CoreInit
 .text.USB_EnableGlobalInt
                0x08005baa       0x12 Drivers/STM32F1xx_HAL_Driver/Src/stm32f1xx_ll_usb.o
                0x08005baa                USB_EnableGlobalInt
 .text.USB_DisableGlobalInt
                0x08005bbc       0x14 Drivers/STM32F1xx_HAL_Driver/Src/stm32f1xx_ll_usb.o
                0x08005bbc                USB_DisableGlobalInt
 .text.USB_SetCurrentMode
                0x08005bd0        0x4 Drivers/STM32F1xx_HAL_Driver/Src/stm32f1xx_ll_usb.o
                0x08005bd0                USB_SetCurrentMode
 .text.USB_DevInit
                0x08005bd4       0x28 Drivers/STM32F1xx_HAL_Driver/Src/stm32f1xx_ll_usb.o
                0x08005bd4                USB_DevInit
 .text.USB_ActivateEndpoint
                0x08005bfc      0x2e4 Drivers/STM32F1xx_HAL_Driver/Src/stm32f1xx_ll_usb.o
                0x08005bfc                USB_ActivateEndpoint
 .text.USB_DeactivateEndpoint
                0x08005ee0      0x170 Drivers/STM32F1xx_HAL_Driver/Src/stm32f1xx_ll_usb.o
                0x08005ee0                USB_DeactivateEndpoint
 .text.USB_EPSetStall
                0x08006050       0x62 Drivers/STM32F1xx_HAL_Driver/Src/stm32f1xx_ll_usb.o
                0x08006050                USB_EPSetStall
 .text.USB_EPClearStall
                0x080060b2       0x84 Drivers/STM32F1xx_HAL_Driver/Src/stm32f1xx_ll_usb.o
                0x080060b2                USB_EPClearStall
 .text.USB_SetDevAddress
                0x08006136        0xc Drivers/STM32F1xx_HAL_Driver/Src/stm32f1xx_ll_usb.o
                0x08006136                USB_SetDevAddress
 .text.USB_DevConnect
                0x08006142        0x4 Drivers/STM32F1xx_HAL_Driver/Src/stm32f1xx_ll_usb.o
                0x08006142                USB_DevConnect
 .text.USB_DevDisconnect
                0x08006146        0x4 Drivers/STM32F1xx_HAL_Driver/Src/stm32f1xx_ll_usb.o
                0x08006146                USB_DevDisconnect
 .text.USB_ReadInterrupts
                0x0800614a        0x8 Drivers/STM32F1xx_HAL_Driver/Src/stm32f1xx_ll_usb.o
                0x0800614a                USB_ReadInterrupts
 .text.USB_EP0_OutStart
                0x08006152        0x4 Drivers/STM32F1xx_HAL_Driver/Src/stm32f1xx_ll_usb.o
                0x08006152                USB_EP0_OutStart
 .text.USB_WritePMA
                0x08006156       0x22 Drivers/STM32F1xx_HAL_Driver/Src/stm32f1xx_ll_usb.o
                0x08006156                USB_WritePMA
 .text.USB_EPStartXfer
                0x08006178      0x1a0 Drivers/STM32F1xx_HAL_Driver/Src/stm32f1xx_ll_usb.o
                0x08006178                USB_EPStartXfer
 .text.USB_ReadPMA
                0x08006318       0x22 Drivers/STM32F1xx_HAL_Driver/Src/stm32f1xx_ll_usb.o
                0x08006318                USB_ReadPMA
 *fill*         0x0800633a        0x2 
 .text.Reset_Handler
                0x0800633c       0x48 Drivers/CMSIS/Device/ST/STM32F1xx/Source/Templates/gcc/startup_stm32f103xb.o
                0x0800633c                Reset_Handler
 .text.Default_Handler
                0x08006384        0x2 Drivers/CMSIS/Device/ST/STM32F1xx/Source/Templates/gcc/startup_stm32f103xb.o
                0x08006384                RTC_Alarm_IRQHandler
                0x08006384                EXTI2_IRQHandler
                0x08006384                TIM1_CC_IRQHandler
                0x08006384                PVD_IRQHandler
                0x08006384                EXTI3_IRQHandler
                0x08006384                EXTI0_IRQHandler
                0x08006384                I2C2_EV_IRQHandler
                0x08006384                ADC1_2_IRQHandler
                0x08006384                SPI1_IRQHandler
                0x08006384                TAMPER_IRQHandler
                0x08006384                RTC_IRQHandler
                0x08006384                DMA1_Channel7_IRQHandler
                0x08006384                CAN1_RX1_IRQHandler
                0x08006384                I2C1_EV_IRQHandler
                0x08006384                DMA1_Channel6_IRQHandler
                0x08006384                RCC_IRQHandler
                0x08006384                TIM1_TRG_COM_IRQHandler
                0x08006384                DMA1_Channel1_IRQHandler
                0x08006384                Default_Handler
                0x08006384                EXTI15_10_IRQHandler
                0x08006384                EXTI9_5_IRQHandler
                0x08006384                SPI2_IRQHandler
                0x08006384                EXTI4_IRQHandler
                0x08006384                USB_HP_CAN1_TX_IRQHandler
                0x08006384                WWDG_IRQHandler
                0x08006384                TIM1_BRK_IRQHandler
                0x08006384                EXTI1_IRQHandler
                0x08006384                USART2_IRQHandler
                0x08006384                I2C2_ER_IRQHandler
                0x08006384                CAN1_SCE_IRQHandler
                0x08006384                FLASH_IRQHandler
                0x08006384                I2C1_ER_IRQHandler
                0x08006384                USBWakeUp_IRQHandler
 .text.atoi     0x08006386        0x8 c:/ac6/systemworkbench/plugins/fr.ac6.mcu.externaltools.arm-none.win32_1.7.0.201602121829/tools/compiler/bin/../lib/gcc/arm-none-eabi/5.2.1/../../../../arm-none-eabi/lib/armv7-m\libc_nano.a(lib_a-atoi.o)
                0x08006386                atoi
 *fill*         0x0800638e        0x2 
 .text.__libc_init_array
                0x08006390       0x4c c:/ac6/systemworkbench/plugins/fr.ac6.mcu.externaltools.arm-none.win32_1.7.0.201602121829/tools/compiler/bin/../lib/gcc/arm-none-eabi/5.2.1/../../../../arm-none-eabi/lib/armv7-m\libc_nano.a(lib_a-init.o)
                0x08006390                __libc_init_array
 .text.__itoa   0x080063dc       0x2e c:/ac6/systemworkbench/plugins/fr.ac6.mcu.externaltools.arm-none.win32_1.7.0.201602121829/tools/compiler/bin/../lib/gcc/arm-none-eabi/5.2.1/../../../../arm-none-eabi/lib/armv7-m\libc_nano.a(lib_a-itoa.o)
                0x080063dc                __itoa
 .text.itoa     0x0800640a        0x4 c:/ac6/systemworkbench/plugins/fr.ac6.mcu.externaltools.arm-none.win32_1.7.0.201602121829/tools/compiler/bin/../lib/gcc/arm-none-eabi/5.2.1/../../../../arm-none-eabi/lib/armv7-m\libc_nano.a(lib_a-itoa.o)
                0x0800640a                itoa
 .text.memcpy   0x0800640e       0x16 c:/ac6/systemworkbench/plugins/fr.ac6.mcu.externaltools.arm-none.win32_1.7.0.201602121829/tools/compiler/bin/../lib/gcc/arm-none-eabi/5.2.1/../../../../arm-none-eabi/lib/armv7-m\libc_nano.a(lib_a-memcpy-stub.o)
                0x0800640e                memcpy
 .text.memset   0x08006424       0x10 c:/ac6/systemworkbench/plugins/fr.ac6.mcu.externaltools.arm-none.win32_1.7.0.201602121829/tools/compiler/bin/../lib/gcc/arm-none-eabi/5.2.1/../../../../arm-none-eabi/lib/armv7-m\libc_nano.a(lib_a-memset.o)
                0x08006424                memset
 .text.strcat   0x08006434       0x1e c:/ac6/systemworkbench/plugins/fr.ac6.mcu.externaltools.arm-none.win32_1.7.0.201602121829/tools/compiler/bin/../lib/gcc/arm-none-eabi/5.2.1/../../../../arm-none-eabi/lib/armv7-m\libc_nano.a(lib_a-strcat.o)
                0x08006434                strcat
 .text.strcpy   0x08006452       0x10 c:/ac6/systemworkbench/plugins/fr.ac6.mcu.externaltools.arm-none.win32_1.7.0.201602121829/tools/compiler/bin/../lib/gcc/arm-none-eabi/5.2.1/../../../../arm-none-eabi/lib/armv7-m\libc_nano.a(lib_a-strcpy.o)
                0x08006452                strcpy
 *fill*         0x08006462        0x2 
 .text._strtol_r
                0x08006464      0x10c c:/ac6/systemworkbench/plugins/fr.ac6.mcu.externaltools.arm-none.win32_1.7.0.201602121829/tools/compiler/bin/../lib/gcc/arm-none-eabi/5.2.1/../../../../arm-none-eabi/lib/armv7-m\libc_nano.a(lib_a-strtol.o)
                0x08006464                _strtol_r
 .text.strtol   0x08006570       0x14 c:/ac6/systemworkbench/plugins/fr.ac6.mcu.externaltools.arm-none.win32_1.7.0.201602121829/tools/compiler/bin/../lib/gcc/arm-none-eabi/5.2.1/../../../../arm-none-eabi/lib/armv7-m\libc_nano.a(lib_a-strtol.o)
                0x08006570                strtol
 .text.__utoa   0x08006584       0x78 c:/ac6/systemworkbench/plugins/fr.ac6.mcu.externaltools.arm-none.win32_1.7.0.201602121829/tools/compiler/bin/../lib/gcc/arm-none-eabi/5.2.1/../../../../arm-none-eabi/lib/armv7-m\libc_nano.a(lib_a-utoa.o)
                0x08006584                __utoa
 *(.glue_7)
 .glue_7        0x080065fc        0x0 linker stubs
 *(.glue_7t)
 .glue_7t       0x080065fc        0x0 linker stubs
 *(.eh_frame)
 .eh_frame      0x080065fc        0x0 c:/ac6/systemworkbench/plugins/fr.ac6.mcu.externaltools.arm-none.win32_1.7.0.201602121829/tools/compiler/bin/../lib/gcc/arm-none-eabi/5.2.1/armv7-m/crtbegin.o
 *(.init)
 .init          0x080065fc        0x4 c:/ac6/systemworkbench/plugins/fr.ac6.mcu.externaltools.arm-none.win32_1.7.0.201602121829/tools/compiler/bin/../lib/gcc/arm-none-eabi/5.2.1/armv7-m/crti.o
                0x080065fc                _init
 .init          0x08006600        0x8 c:/ac6/systemworkbench/plugins/fr.ac6.mcu.externaltools.arm-none.win32_1.7.0.201602121829/tools/compiler/bin/../lib/gcc/arm-none-eabi/5.2.1/armv7-m/crtn.o
 *(.fini)
 .fini          0x08006608        0x4 c:/ac6/systemworkbench/plugins/fr.ac6.mcu.externaltools.arm-none.win32_1.7.0.201602121829/tools/compiler/bin/../lib/gcc/arm-none-eabi/5.2.1/armv7-m/crti.o
                0x08006608                _fini
 .fini          0x0800660c        0x8 c:/ac6/systemworkbench/plugins/fr.ac6.mcu.externaltools.arm-none.win32_1.7.0.201602121829/tools/compiler/bin/../lib/gcc/arm-none-eabi/5.2.1/armv7-m/crtn.o
                0x08006614                . = ALIGN (0x4)
                0x08006614                _etext = .

.vfp11_veneer   0x08006614        0x0
 .vfp11_veneer  0x08006614        0x0 linker stubs

.v4_bx          0x08006614        0x0
 .v4_bx         0x08006614        0x0 linker stubs

.iplt           0x08006614        0x0
 .iplt          0x08006614        0x0 c:/ac6/systemworkbench/plugins/fr.ac6.mcu.externaltools.arm-none.win32_1.7.0.201602121829/tools/compiler/bin/../lib/gcc/arm-none-eabi/5.2.1/armv7-m/crtbegin.o

.rodata         0x08006614      0x308
                0x08006614                . = ALIGN (0x4)
 *(.rodata)
 .rodata        0x08006614       0x3c Src/freertos.o
 .rodata        0x08006650       0x1c Src/main.o
 .rodata        0x0800666c       0x18 Src/system_stm32f1xx.o
                0x0800666c                AHBPrescTable
                0x0800667c                APBPrescTable
 .rodata        0x08006684        0x4 Src/usbd_conf.o
 .rodata        0x08006688       0x12 Drivers/STM32F1xx_HAL_Driver/Src/stm32f1xx_hal_rcc.o
 .rodata        0x0800669a       0x12 Drivers/STM32F1xx_HAL_Driver/Src/stm32f1xx_hal_rcc_ex.o
 *(.rodata*)
 .rodata.str1.1
                0x080066ac       0xf1 Src/freertos.o
 .rodata.str1.1
                0x0800679d       0x4f Src/usbd_desc.o
 .rodata.str1.1
                0x080067ec        0x5 Middlewares/Third_Party/FreeRTOS/Source/tasks.o
 .rodata.str1.1
                0x080067f1        0x2 c:/ac6/systemworkbench/plugins/fr.ac6.mcu.externaltools.arm-none.win32_1.7.0.201602121829/tools/compiler/bin/../lib/gcc/arm-none-eabi/5.2.1/../../../../arm-none-eabi/lib/armv7-m\libc_nano.a(lib_a-impure.o)
 .rodata.str1.1
                0x080067f3       0x25 c:/ac6/systemworkbench/plugins/fr.ac6.mcu.externaltools.arm-none.win32_1.7.0.201602121829/tools/compiler/bin/../lib/gcc/arm-none-eabi/5.2.1/../../../../arm-none-eabi/lib/armv7-m\libc_nano.a(lib_a-utoa.o)
 .rodata._ctype_
                0x08006818      0x101 c:/ac6/systemworkbench/plugins/fr.ac6.mcu.externaltools.arm-none.win32_1.7.0.201602121829/tools/compiler/bin/../lib/gcc/arm-none-eabi/5.2.1/../../../../arm-none-eabi/lib/armv7-m\libc_nano.a(lib_a-ctype_.o)
                0x08006818                _ctype_
                0x0800691c                . = ALIGN (0x4)
 *fill*         0x08006919        0x3 

.rel.dyn        0x0800691c        0x0
 .rel.iplt      0x0800691c        0x0 c:/ac6/systemworkbench/plugins/fr.ac6.mcu.externaltools.arm-none.win32_1.7.0.201602121829/tools/compiler/bin/../lib/gcc/arm-none-eabi/5.2.1/armv7-m/crtbegin.o

.ARM.extab
 *(.ARM.extab* .gnu.linkonce.armextab.*)

.ARM            0x0800691c        0x0
                0x0800691c                __exidx_start = .
 *(.ARM.exidx*)
                0x0800691c                __exidx_end = .

.preinit_array  0x0800691c        0x0
                0x0800691c                PROVIDE (__preinit_array_start, .)
 *(.preinit_array*)
                0x0800691c                PROVIDE (__preinit_array_end, .)

.init_array     0x0800691c        0x4
                0x0800691c                PROVIDE (__init_array_start, .)
 *(SORT(.init_array.*))
 *(.init_array*)
 .init_array    0x0800691c        0x4 c:/ac6/systemworkbench/plugins/fr.ac6.mcu.externaltools.arm-none.win32_1.7.0.201602121829/tools/compiler/bin/../lib/gcc/arm-none-eabi/5.2.1/armv7-m/crtbegin.o
                0x08006920                PROVIDE (__init_array_end, .)

.fini_array     0x08006920        0x4
                [!provide]                PROVIDE (__fini_array_start, .)
 *(SORT(.fini_array.*))
 *(.fini_array*)
 .fini_array    0x08006920        0x4 c:/ac6/systemworkbench/plugins/fr.ac6.mcu.externaltools.arm-none.win32_1.7.0.201602121829/tools/compiler/bin/../lib/gcc/arm-none-eabi/5.2.1/armv7-m/crtbegin.o
                [!provide]                PROVIDE (__fini_array_end, .)
                0x08006924                _sidata = LOADADDR (.data)

.data           0x20000000      0x1cc load address 0x08006924
                0x20000000                . = ALIGN (0x4)
                0x20000000                _sdata = .
 *(.data)
 .data          0x20000000        0x7 Src/main.o
                0x20000000                maskaSeg
                0x20000002                maskaAnod
                0x20000004                idx
 *fill*         0x20000007        0x1 
 .data          0x20000008        0x4 Src/system_stm32f1xx.o
                0x20000008                SystemCoreClock
 .data          0x2000000c       0x10 Src/usbd_cdc_if.o
                0x2000000c                USBD_Interface_fops_FS
 .data          0x2000001c       0x34 Src/usbd_desc.o
                0x2000001c                USBD_FS_DeviceDesc
                0x20000030                USBD_LangIDDesc
                0x20000034                FS_Desc
 .data          0x20000050        0x4 Middlewares/Third_Party/FreeRTOS/Source/portable/GCC/ARM_CM3/port.o
 .data          0x20000054      0x110 Middlewares/ST/STM32_USB_Device_Library/Class/CDC/Src/usbd_cdc.o
                0x20000054                USBD_CDC_CfgFSDesc
                0x20000098                USBD_CDC_CfgHSDesc
                0x200000dc                USBD_CDC_OtherSpeedCfgDesc
                0x2000012c                USBD_CDC
 *(.data*)
 .data.impure_data
                0x20000164       0x60 c:/ac6/systemworkbench/plugins/fr.ac6.mcu.externaltools.arm-none.win32_1.7.0.201602121829/tools/compiler/bin/../lib/gcc/arm-none-eabi/5.2.1/../../../../arm-none-eabi/lib/armv7-m\libc_nano.a(lib_a-impure.o)
 .data._impure_ptr
                0x200001c4        0x4 c:/ac6/systemworkbench/plugins/fr.ac6.mcu.externaltools.arm-none.win32_1.7.0.201602121829/tools/compiler/bin/../lib/gcc/arm-none-eabi/5.2.1/../../../../arm-none-eabi/lib/armv7-m\libc_nano.a(lib_a-impure.o)
                0x200001c4                _impure_ptr
 .data.__ctype_ptr__
                0x200001c8        0x4 c:/ac6/systemworkbench/plugins/fr.ac6.mcu.externaltools.arm-none.win32_1.7.0.201602121829/tools/compiler/bin/../lib/gcc/arm-none-eabi/5.2.1/../../../../arm-none-eabi/lib/armv7-m\libc_nano.a(lib_a-ctype_.o)
                0x200001c8                __ctype_ptr__
                0x200001cc                . = ALIGN (0x4)
                0x200001cc                _edata = .

.jcr            0x200001cc        0x0 load address 0x08006af0
 .jcr           0x200001cc        0x0 c:/ac6/systemworkbench/plugins/fr.ac6.mcu.externaltools.arm-none.win32_1.7.0.201602121829/tools/compiler/bin/../lib/gcc/arm-none-eabi/5.2.1/armv7-m/crtbegin.o

.tm_clone_table
                0x200001cc        0x0 load address 0x08006af0
 .tm_clone_table
                0x200001cc        0x0 c:/ac6/systemworkbench/plugins/fr.ac6.mcu.externaltools.arm-none.win32_1.7.0.201602121829/tools/compiler/bin/../lib/gcc/arm-none-eabi/5.2.1/armv7-m/crtbegin.o
 .tm_clone_table
                0x200001cc        0x0 c:/ac6/systemworkbench/plugins/fr.ac6.mcu.externaltools.arm-none.win32_1.7.0.201602121829/tools/compiler/bin/../lib/gcc/arm-none-eabi/5.2.1/armv7-m/crtend.o

.igot.plt       0x200001cc        0x0 load address 0x08006af0
 .igot.plt      0x200001cc        0x0 c:/ac6/systemworkbench/plugins/fr.ac6.mcu.externaltools.arm-none.win32_1.7.0.201602121829/tools/compiler/bin/../lib/gcc/arm-none-eabi/5.2.1/armv7-m/crtbegin.o
                0x200001cc                . = ALIGN (0x4)

.bss            0x200001cc     0x1dac load address 0x08006af0
                0x200001cc                _sbss = .
                0x200001cc                __bss_start__ = _sbss
 *(.bss)
 .bss           0x200001cc       0x1c c:/ac6/systemworkbench/plugins/fr.ac6.mcu.externaltools.arm-none.win32_1.7.0.201602121829/tools/compiler/bin/../lib/gcc/arm-none-eabi/5.2.1/armv7-m/crtbegin.o
 .bss           0x200001e8       0x10 Src/freertos.o
                0x200001f0                txDone
                0x200001f4                sciemniacz
 .bss           0x200001f8        0x1 Src/main.o
 *fill*         0x200001f9        0x3 
 .bss           0x200001fc      0x220 Src/usbd_conf.o
 .bss           0x2000041c      0x128 Middlewares/Third_Party/FreeRTOS/Source/tasks.o
                0x2000044c                pxCurrentTCB
 .bss           0x20000544      0xc18 Middlewares/Third_Party/FreeRTOS/Source/portable/MemMang/heap_4.o
 .bss           0x2000115c        0x8 Middlewares/Third_Party/FreeRTOS/Source/portable/GCC/ARM_CM3/port.o
 .bss           0x20001164        0x1 Middlewares/ST/STM32_USB_Device_Library/Core/Src/usbd_ctlreq.o
 .bss           0x20001165        0x1 Middlewares/ST/STM32_USB_Device_Library/Class/CDC/Src/usbd_cdc.o
 *fill*         0x20001166        0x2 
 .bss           0x20001168        0x4 Drivers/STM32F1xx_HAL_Driver/Src/stm32f1xx_hal.o
 *(.bss*)
 *(COMMON)
 COMMON         0x2000116c      0x358 Src/freertos.o
                0x2000116c                cyfra_4
                0x2000116d                kropka_9
                0x2000116e                blueTxFrame
                0x20001270                defaultTaskHandle
                0x20001274                getDate
                0x20001278                godziny
                0x20001279                kropka_6
                0x2000127a                flagaKoncaRxt
                0x2000127b                Rx_indx
                0x2000127c                kropka_5
                0x2000127d                temp2
                0x2000127e                sekundy
                0x2000127f                cyfra_10
                0x20001280                blueBinarySemHandle
                0x20001284                cyfra_2
                0x20001285                cyfra_8
                0x20001286                Rx_data
                0x20001386                cyfra_9
                0x20001387                cyfra_6
                0x20001388                kropka_8
                0x20001389                kropka_12
                0x2000138a                setDate
                0x2000138e                setTime
                0x20001391                temp1
                0x20001392                cyfra_12
                0x20001393                kropka_11
                0x20001394                kropka_1
                0x20001396                DS_tmp
                0x20001398                blueTaskHandle
                0x2000139c                kropka_2
                0x2000139d                blueRxFrame
                0x2000149d                cyfra_5
                0x2000149e                cyfra_3
                0x2000149f                getTime
                0x200014a2                lenth
                0x200014a4                taskLed7SegHandle
                0x200014a8                kropka_10
                0x200014a9                kropka_4
                0x200014aa                temperaturaDs
                0x200014ad                kropka_7
                0x200014ae                cyfra_11
                0x200014af                gSensorIDs
                0x200014b7                kropka_3
                0x200014b8                cyfra_1
                0x200014b9                minuty
                0x200014ba                dsBuff
                0x200014c3                cyfra_7
 COMMON         0x200014c4        0x4 Src/main.o
                0x200014c4                flagaDelay
 COMMON         0x200014c8       0x14 Src/rtc.o
                0x200014c8                hrtc
 COMMON         0x200014dc       0x3c Src/stm32f1xx_hal_timebase_TIM.o
                0x200014dc                htim1
 COMMON         0x20001518       0xb4 Src/tim.o
                0x20001518                htim4
                0x20001554                htim3
                0x20001590                htim2
 COMMON         0x200015cc      0x160 Src/usart.o
                0x200015cc                hdma_usart3_rx
                0x20001604                huart3
                0x20001644                hdma_usart3_tx
                0x2000167c                hdma_usart1_tx
                0x200016b4                hdma_usart1_rx
                0x200016ec                huart1
 COMMON         0x2000172c      0x224 Src/usb_device.o
                0x2000172c                hUsbDeviceFS
 COMMON         0x20001950        0x8 Src/usbd_cdc_if.o
                0x20001950                UserRxBufferFS
                0x20001954                UserTxBufferFS
 COMMON         0x20001958      0x420 Src/usbd_conf.o
                0x20001958                hpcd_USB_FS
 COMMON         0x20001d78      0x200 Src/usbd_desc.o
                0x20001d78                USBD_StrDesc
                0x20001f78                . = ALIGN (0x4)
                0x20001f78                _ebss = .
                0x20001f78                __bss_end__ = _ebss

._user_heap_stack
                0x20001f78      0x600 load address 0x08006af0
                0x20001f78                . = ALIGN (0x8)
                [!provide]                PROVIDE (end, .)
                [!provide]                PROVIDE (_end, .)
                0x20002178                . = (. + _Min_Heap_Size)
 *fill*         0x20001f78      0x200 
                0x20002578                . = (. + _Min_Stack_Size)
 *fill*         0x20002178      0x400 
                0x20002578                . = ALIGN (0x8)

/DISCARD/
 libc.a(*)
 libm.a(*)
 libgcc.a(*)

.ARM.attributes
                0x00000000       0x29
 *(.ARM.attributes)
 .ARM.attributes
                0x00000000       0x1d c:/ac6/systemworkbench/plugins/fr.ac6.mcu.externaltools.arm-none.win32_1.7.0.201602121829/tools/compiler/bin/../lib/gcc/arm-none-eabi/5.2.1/armv7-m/crti.o
 .ARM.attributes
                0x0000001d       0x2d c:/ac6/systemworkbench/plugins/fr.ac6.mcu.externaltools.arm-none.win32_1.7.0.201602121829/tools/compiler/bin/../lib/gcc/arm-none-eabi/5.2.1/armv7-m/crtbegin.o
 .ARM.attributes
                0x0000004a       0x33 Src/dma.o
 .ARM.attributes
                0x0000007d       0x33 Src/freertos.o
 .ARM.attributes
                0x000000b0       0x33 Src/gpio.o
 .ARM.attributes
                0x000000e3       0x33 Src/main.o
 .ARM.attributes
                0x00000116       0x33 Src/oneWire.o
 .ARM.attributes
                0x00000149       0x33 Src/rtc.o
 .ARM.attributes
                0x0000017c       0x33 Src/stm32f1xx_hal_msp.o
 .ARM.attributes
                0x000001af       0x33 Src/stm32f1xx_hal_timebase_TIM.o
 .ARM.attributes
                0x000001e2       0x33 Src/stm32f1xx_it.o
 .ARM.attributes
                0x00000215       0x33 Src/system_stm32f1xx.o
 .ARM.attributes
                0x00000248       0x33 Src/tim.o
 .ARM.attributes
                0x0000027b       0x33 Src/usart.o
 .ARM.attributes
                0x000002ae       0x33 Src/usb_device.o
 .ARM.attributes
                0x000002e1       0x33 Src/usbd_cdc_if.o
 .ARM.attributes
                0x00000314       0x33 Src/usbd_conf.o
 .ARM.attributes
                0x00000347       0x33 Src/usbd_desc.o
 .ARM.attributes
                0x0000037a       0x33 Middlewares/Third_Party/FreeRTOS/Source/list.o
 .ARM.attributes
                0x000003ad       0x33 Middlewares/Third_Party/FreeRTOS/Source/queue.o
 .ARM.attributes
                0x000003e0       0x33 Middlewares/Third_Party/FreeRTOS/Source/tasks.o
 .ARM.attributes
                0x00000413       0x33 Middlewares/Third_Party/FreeRTOS/Source/portable/MemMang/heap_4.o
 .ARM.attributes
                0x00000446       0x33 Middlewares/Third_Party/FreeRTOS/Source/portable/GCC/ARM_CM3/port.o
 .ARM.attributes
                0x00000479       0x33 Middlewares/Third_Party/FreeRTOS/Source/CMSIS_RTOS/cmsis_os.o
 .ARM.attributes
                0x000004ac       0x33 Middlewares/ST/STM32_USB_Device_Library/Core/Src/usbd_core.o
 .ARM.attributes
                0x000004df       0x33 Middlewares/ST/STM32_USB_Device_Library/Core/Src/usbd_ctlreq.o
 .ARM.attributes
                0x00000512       0x33 Middlewares/ST/STM32_USB_Device_Library/Core/Src/usbd_ioreq.o
 .ARM.attributes
                0x00000545       0x33 Middlewares/ST/STM32_USB_Device_Library/Class/CDC/Src/usbd_cdc.o
 .ARM.attributes
                0x00000578       0x33 Drivers/STM32F1xx_HAL_Driver/Src/stm32f1xx_hal.o
 .ARM.attributes
                0x000005ab       0x33 Drivers/STM32F1xx_HAL_Driver/Src/stm32f1xx_hal_cortex.o
 .ARM.attributes
                0x000005de       0x33 Drivers/STM32F1xx_HAL_Driver/Src/stm32f1xx_hal_dma.o
 .ARM.attributes
                0x00000611       0x33 Drivers/STM32F1xx_HAL_Driver/Src/stm32f1xx_hal_gpio.o
 .ARM.attributes
                0x00000644       0x33 Drivers/STM32F1xx_HAL_Driver/Src/stm32f1xx_hal_pcd.o
 .ARM.attributes
                0x00000677       0x33 Drivers/STM32F1xx_HAL_Driver/Src/stm32f1xx_hal_pcd_ex.o
 .ARM.attributes
                0x000006aa       0x33 Drivers/STM32F1xx_HAL_Driver/Src/stm32f1xx_hal_pwr.o
 .ARM.attributes
                0x000006dd       0x33 Drivers/STM32F1xx_HAL_Driver/Src/stm32f1xx_hal_rcc.o
 .ARM.attributes
                0x00000710       0x33 Drivers/STM32F1xx_HAL_Driver/Src/stm32f1xx_hal_rcc_ex.o
 .ARM.attributes
                0x00000743       0x33 Drivers/STM32F1xx_HAL_Driver/Src/stm32f1xx_hal_rtc.o
 .ARM.attributes
                0x00000776       0x33 Drivers/STM32F1xx_HAL_Driver/Src/stm32f1xx_hal_tim.o
 .ARM.attributes
                0x000007a9       0x33 Drivers/STM32F1xx_HAL_Driver/Src/stm32f1xx_hal_tim_ex.o
 .ARM.attributes
                0x000007dc       0x33 Drivers/STM32F1xx_HAL_Driver/Src/stm32f1xx_hal_uart.o
 .ARM.attributes
                0x0000080f       0x33 Drivers/STM32F1xx_HAL_Driver/Src/stm32f1xx_ll_usb.o
 .ARM.attributes
                0x00000842       0x21 Drivers/CMSIS/Device/ST/STM32F1xx/Source/Templates/gcc/startup_stm32f103xb.o
 .ARM.attributes
                0x00000863       0x2d c:/ac6/systemworkbench/plugins/fr.ac6.mcu.externaltools.arm-none.win32_1.7.0.201602121829/tools/compiler/bin/../lib/gcc/arm-none-eabi/5.2.1/../../../../arm-none-eabi/lib/armv7-m\libc_nano.a(lib_a-atoi.o)
 .ARM.attributes
                0x00000890       0x2d c:/ac6/systemworkbench/plugins/fr.ac6.mcu.externaltools.arm-none.win32_1.7.0.201602121829/tools/compiler/bin/../lib/gcc/arm-none-eabi/5.2.1/../../../../arm-none-eabi/lib/armv7-m\libc_nano.a(lib_a-impure.o)
 .ARM.attributes
                0x000008bd       0x2d c:/ac6/systemworkbench/plugins/fr.ac6.mcu.externaltools.arm-none.win32_1.7.0.201602121829/tools/compiler/bin/../lib/gcc/arm-none-eabi/5.2.1/../../../../arm-none-eabi/lib/armv7-m\libc_nano.a(lib_a-init.o)
 .ARM.attributes
                0x000008ea       0x2d c:/ac6/systemworkbench/plugins/fr.ac6.mcu.externaltools.arm-none.win32_1.7.0.201602121829/tools/compiler/bin/../lib/gcc/arm-none-eabi/5.2.1/../../../../arm-none-eabi/lib/armv7-m\libc_nano.a(lib_a-itoa.o)
 .ARM.attributes
                0x00000917       0x2d c:/ac6/systemworkbench/plugins/fr.ac6.mcu.externaltools.arm-none.win32_1.7.0.201602121829/tools/compiler/bin/../lib/gcc/arm-none-eabi/5.2.1/../../../../arm-none-eabi/lib/armv7-m\libc_nano.a(lib_a-memcpy-stub.o)
 .ARM.attributes
                0x00000944       0x2d c:/ac6/systemworkbench/plugins/fr.ac6.mcu.externaltools.arm-none.win32_1.7.0.201602121829/tools/compiler/bin/../lib/gcc/arm-none-eabi/5.2.1/../../../../arm-none-eabi/lib/armv7-m\libc_nano.a(lib_a-memset.o)
 .ARM.attributes
                0x00000971       0x2d c:/ac6/systemworkbench/plugins/fr.ac6.mcu.externaltools.arm-none.win32_1.7.0.201602121829/tools/compiler/bin/../lib/gcc/arm-none-eabi/5.2.1/../../../../arm-none-eabi/lib/armv7-m\libc_nano.a(lib_a-strcat.o)
 .ARM.attributes
                0x0000099e       0x2d c:/ac6/systemworkbench/plugins/fr.ac6.mcu.externaltools.arm-none.win32_1.7.0.201602121829/tools/compiler/bin/../lib/gcc/arm-none-eabi/5.2.1/../../../../arm-none-eabi/lib/armv7-m\libc_nano.a(lib_a-strcpy.o)
 .ARM.attributes
                0x000009cb       0x17 c:/ac6/systemworkbench/plugins/fr.ac6.mcu.externaltools.arm-none.win32_1.7.0.201602121829/tools/compiler/bin/../lib/gcc/arm-none-eabi/5.2.1/../../../../arm-none-eabi/lib/armv7-m\libc_nano.a(lib_a-strlen.o)
 .ARM.attributes
                0x000009e2       0x2d c:/ac6/systemworkbench/plugins/fr.ac6.mcu.externaltools.arm-none.win32_1.7.0.201602121829/tools/compiler/bin/../lib/gcc/arm-none-eabi/5.2.1/../../../../arm-none-eabi/lib/armv7-m\libc_nano.a(lib_a-strtol.o)
 .ARM.attributes
                0x00000a0f       0x2d c:/ac6/systemworkbench/plugins/fr.ac6.mcu.externaltools.arm-none.win32_1.7.0.201602121829/tools/compiler/bin/../lib/gcc/arm-none-eabi/5.2.1/../../../../arm-none-eabi/lib/armv7-m\libc_nano.a(lib_a-utoa.o)
 .ARM.attributes
                0x00000a3c       0x2d c:/ac6/systemworkbench/plugins/fr.ac6.mcu.externaltools.arm-none.win32_1.7.0.201602121829/tools/compiler/bin/../lib/gcc/arm-none-eabi/5.2.1/../../../../arm-none-eabi/lib/armv7-m\libc_nano.a(lib_a-ctype_.o)
 .ARM.attributes
                0x00000a69       0x2d c:/ac6/systemworkbench/plugins/fr.ac6.mcu.externaltools.arm-none.win32_1.7.0.201602121829/tools/compiler/bin/../lib/gcc/arm-none-eabi/5.2.1/armv7-m/crtend.o
 .ARM.attributes
                0x00000a96       0x1d c:/ac6/systemworkbench/plugins/fr.ac6.mcu.externaltools.arm-none.win32_1.7.0.201602121829/tools/compiler/bin/../lib/gcc/arm-none-eabi/5.2.1/armv7-m/crtn.o
OUTPUT(zegarStm.elf elf32-littlearm)

.debug_info     0x00000000    0x1e74e
 .debug_info    0x00000000      0x3a5 Src/dma.o
 .debug_info    0x000003a5     0x17fd Src/freertos.o
 .debug_info    0x00001ba2      0x3a2 Src/gpio.o
 .debug_info    0x00001f44     0x1156 Src/main.o
 .debug_info    0x0000309a      0xb40 Src/oneWire.o
 .debug_info    0x00003bda      0x55f Src/rtc.o
 .debug_info    0x00004139      0x436 Src/stm32f1xx_hal_msp.o
 .debug_info    0x0000456f      0x8c7 Src/stm32f1xx_hal_timebase_TIM.o
 .debug_info    0x00004e36      0xd3a Src/stm32f1xx_it.o
 .debug_info    0x00005b70      0x3d1 Src/system_stm32f1xx.o
 .debug_info    0x00005f41      0xab7 Src/tim.o
 .debug_info    0x000069f8      0xabd Src/usart.o
 .debug_info    0x000074b5      0x619 Src/usb_device.o
 .debug_info    0x00007ace      0x81d Src/usbd_cdc_if.o
 .debug_info    0x000082eb     0x17cd Src/usbd_conf.o
 .debug_info    0x00009ab8      0x4f2 Src/usbd_desc.o
 .debug_info    0x00009faa      0x2a5 Middlewares/Third_Party/FreeRTOS/Source/list.o
 .debug_info    0x0000a24f     0x12c5 Middlewares/Third_Party/FreeRTOS/Source/queue.o
 .debug_info    0x0000b514     0x22ce Middlewares/Third_Party/FreeRTOS/Source/tasks.o
 .debug_info    0x0000d7e2      0x412 Middlewares/Third_Party/FreeRTOS/Source/portable/MemMang/heap_4.o
 .debug_info    0x0000dbf4      0x3e7 Middlewares/Third_Party/FreeRTOS/Source/portable/GCC/ARM_CM3/port.o
 .debug_info    0x0000dfdb     0x1b0d Middlewares/Third_Party/FreeRTOS/Source/CMSIS_RTOS/cmsis_os.o
 .debug_info    0x0000fae8      0xbdd Middlewares/ST/STM32_USB_Device_Library/Core/Src/usbd_core.o
 .debug_info    0x000106c5      0xbcb Middlewares/ST/STM32_USB_Device_Library/Core/Src/usbd_ctlreq.o
 .debug_info    0x00011290      0x765 Middlewares/ST/STM32_USB_Device_Library/Core/Src/usbd_ioreq.o
 .debug_info    0x000119f5      0xc84 Middlewares/ST/STM32_USB_Device_Library/Class/CDC/Src/usbd_cdc.o
 .debug_info    0x00012679      0x68a Drivers/STM32F1xx_HAL_Driver/Src/stm32f1xx_hal.o
 .debug_info    0x00012d03      0xc10 Drivers/STM32F1xx_HAL_Driver/Src/stm32f1xx_hal_cortex.o
 .debug_info    0x00013913      0x64b Drivers/STM32F1xx_HAL_Driver/Src/stm32f1xx_hal_dma.o
 .debug_info    0x00013f5e      0x60f Drivers/STM32F1xx_HAL_Driver/Src/stm32f1xx_hal_gpio.o
 .debug_info    0x0001456d      0xfdd Drivers/STM32F1xx_HAL_Driver/Src/stm32f1xx_hal_pcd.o
 .debug_info    0x0001554a      0x5a9 Drivers/STM32F1xx_HAL_Driver/Src/stm32f1xx_hal_pcd_ex.o
 .debug_info    0x00015af3      0x7a0 Drivers/STM32F1xx_HAL_Driver/Src/stm32f1xx_hal_pwr.o
 .debug_info    0x00016293     0x123f Drivers/STM32F1xx_HAL_Driver/Src/stm32f1xx_hal_rcc.o
 .debug_info    0x000174d2      0x576 Drivers/STM32F1xx_HAL_Driver/Src/stm32f1xx_hal_rcc_ex.o
 .debug_info    0x00017a48     0x1212 Drivers/STM32F1xx_HAL_Driver/Src/stm32f1xx_hal_rtc.o
 .debug_info    0x00018c5a     0x2e20 Drivers/STM32F1xx_HAL_Driver/Src/stm32f1xx_hal_tim.o
 .debug_info    0x0001ba7a      0xeb0 Drivers/STM32F1xx_HAL_Driver/Src/stm32f1xx_hal_tim_ex.o
 .debug_info    0x0001c92a     0x1003 Drivers/STM32F1xx_HAL_Driver/Src/stm32f1xx_hal_uart.o
 .debug_info    0x0001d92d      0xd6a Drivers/STM32F1xx_HAL_Driver/Src/stm32f1xx_ll_usb.o
 .debug_info    0x0001e697       0xb7 Drivers/CMSIS/Device/ST/STM32F1xx/Source/Templates/gcc/startup_stm32f103xb.o

.debug_abbrev   0x00000000     0x5556
 .debug_abbrev  0x00000000      0x112 Src/dma.o
 .debug_abbrev  0x00000112      0x2d3 Src/freertos.o
 .debug_abbrev  0x000003e5      0x134 Src/gpio.o
 .debug_abbrev  0x00000519      0x25c Src/main.o
 .debug_abbrev  0x00000775      0x23d Src/oneWire.o
 .debug_abbrev  0x000009b2      0x1d6 Src/rtc.o
 .debug_abbrev  0x00000b88      0x124 Src/stm32f1xx_hal_msp.o
 .debug_abbrev  0x00000cac      0x1d2 Src/stm32f1xx_hal_timebase_TIM.o
 .debug_abbrev  0x00000e7e      0x1d9 Src/stm32f1xx_it.o
 .debug_abbrev  0x00001057      0x125 Src/system_stm32f1xx.o
 .debug_abbrev  0x0000117c      0x1bd Src/tim.o
 .debug_abbrev  0x00001339      0x1ab Src/usart.o
 .debug_abbrev  0x000014e4      0x173 Src/usb_device.o
 .debug_abbrev  0x00001657      0x224 Src/usbd_cdc_if.o
 .debug_abbrev  0x0000187b      0x29a Src/usbd_conf.o
 .debug_abbrev  0x00001b15      0x1a0 Src/usbd_desc.o
 .debug_abbrev  0x00001cb5       0xdf Middlewares/Third_Party/FreeRTOS/Source/list.o
 .debug_abbrev  0x00001d94      0x24d Middlewares/Third_Party/FreeRTOS/Source/queue.o
 .debug_abbrev  0x00001fe1      0x349 Middlewares/Third_Party/FreeRTOS/Source/tasks.o
 .debug_abbrev  0x0000232a      0x20e Middlewares/Third_Party/FreeRTOS/Source/portable/MemMang/heap_4.o
 .debug_abbrev  0x00002538      0x210 Middlewares/Third_Party/FreeRTOS/Source/portable/GCC/ARM_CM3/port.o
 .debug_abbrev  0x00002748      0x353 Middlewares/Third_Party/FreeRTOS/Source/CMSIS_RTOS/cmsis_os.o
 .debug_abbrev  0x00002a9b      0x273 Middlewares/ST/STM32_USB_Device_Library/Core/Src/usbd_core.o
 .debug_abbrev  0x00002d0e      0x2c7 Middlewares/ST/STM32_USB_Device_Library/Core/Src/usbd_ctlreq.o
 .debug_abbrev  0x00002fd5      0x158 Middlewares/ST/STM32_USB_Device_Library/Core/Src/usbd_ioreq.o
 .debug_abbrev  0x0000312d      0x259 Middlewares/ST/STM32_USB_Device_Library/Class/CDC/Src/usbd_cdc.o
 .debug_abbrev  0x00003386      0x231 Drivers/STM32F1xx_HAL_Driver/Src/stm32f1xx_hal.o
 .debug_abbrev  0x000035b7      0x2f1 Drivers/STM32F1xx_HAL_Driver/Src/stm32f1xx_hal_cortex.o
 .debug_abbrev  0x000038a8      0x208 Drivers/STM32F1xx_HAL_Driver/Src/stm32f1xx_hal_dma.o
 .debug_abbrev  0x00003ab0      0x1cb Drivers/STM32F1xx_HAL_Driver/Src/stm32f1xx_hal_gpio.o
 .debug_abbrev  0x00003c7b      0x309 Drivers/STM32F1xx_HAL_Driver/Src/stm32f1xx_hal_pcd.o
 .debug_abbrev  0x00003f84      0x16e Drivers/STM32F1xx_HAL_Driver/Src/stm32f1xx_hal_pcd_ex.o
 .debug_abbrev  0x000040f2      0x20e Drivers/STM32F1xx_HAL_Driver/Src/stm32f1xx_hal_pwr.o
 .debug_abbrev  0x00004300      0x2c2 Drivers/STM32F1xx_HAL_Driver/Src/stm32f1xx_hal_rcc.o
 .debug_abbrev  0x000045c2      0x22d Drivers/STM32F1xx_HAL_Driver/Src/stm32f1xx_hal_rcc_ex.o
 .debug_abbrev  0x000047ef      0x2d5 Drivers/STM32F1xx_HAL_Driver/Src/stm32f1xx_hal_rtc.o
 .debug_abbrev  0x00004ac4      0x323 Drivers/STM32F1xx_HAL_Driver/Src/stm32f1xx_hal_tim.o
 .debug_abbrev  0x00004de7      0x273 Drivers/STM32F1xx_HAL_Driver/Src/stm32f1xx_hal_tim_ex.o
 .debug_abbrev  0x0000505a      0x2c8 Drivers/STM32F1xx_HAL_Driver/Src/stm32f1xx_hal_uart.o
 .debug_abbrev  0x00005322      0x222 Drivers/STM32F1xx_HAL_Driver/Src/stm32f1xx_ll_usb.o
 .debug_abbrev  0x00005544       0x12 Drivers/CMSIS/Device/ST/STM32F1xx/Source/Templates/gcc/startup_stm32f103xb.o

.debug_aranges  0x00000000     0x15d8
 .debug_aranges
                0x00000000       0x20 Src/dma.o
 .debug_aranges
                0x00000020       0x58 Src/freertos.o
 .debug_aranges
                0x00000078       0x20 Src/gpio.o
 .debug_aranges
                0x00000098       0x40 Src/main.o
 .debug_aranges
                0x000000d8       0x68 Src/oneWire.o
 .debug_aranges
                0x00000140       0x30 Src/rtc.o
 .debug_aranges
                0x00000170       0x20 Src/stm32f1xx_hal_msp.o
 .debug_aranges
                0x00000190       0x30 Src/stm32f1xx_hal_timebase_TIM.o
 .debug_aranges
                0x000001c0       0xa0 Src/stm32f1xx_it.o
 .debug_aranges
                0x00000260       0x28 Src/system_stm32f1xx.o
 .debug_aranges
                0x00000288       0x40 Src/tim.o
 .debug_aranges
                0x000002c8       0x38 Src/usart.o
 .debug_aranges
                0x00000300       0x20 Src/usb_device.o
 .debug_aranges
                0x00000320       0x40 Src/usbd_cdc_if.o
 .debug_aranges
                0x00000360      0x110 Src/usbd_conf.o
 .debug_aranges
                0x00000470       0x50 Src/usbd_desc.o
 .debug_aranges
                0x000004c0       0x40 Middlewares/Third_Party/FreeRTOS/Source/list.o
 .debug_aranges
                0x00000500       0xd0 Middlewares/Third_Party/FreeRTOS/Source/queue.o
 .debug_aranges
                0x000005d0      0x188 Middlewares/Third_Party/FreeRTOS/Source/tasks.o
 .debug_aranges
                0x00000758       0x48 Middlewares/Third_Party/FreeRTOS/Source/portable/MemMang/heap_4.o
 .debug_aranges
                0x000007a0       0x90 Middlewares/Third_Party/FreeRTOS/Source/portable/GCC/ARM_CM3/port.o
 .debug_aranges
                0x00000830      0x180 Middlewares/Third_Party/FreeRTOS/Source/CMSIS_RTOS/cmsis_os.o
 .debug_aranges
                0x000009b0       0xa8 Middlewares/ST/STM32_USB_Device_Library/Core/Src/usbd_core.o
 .debug_aranges
                0x00000a58       0x48 Middlewares/ST/STM32_USB_Device_Library/Core/Src/usbd_ctlreq.o
 .debug_aranges
                0x00000aa0       0x50 Middlewares/ST/STM32_USB_Device_Library/Core/Src/usbd_ioreq.o
 .debug_aranges
                0x00000af0       0x90 Middlewares/ST/STM32_USB_Device_Library/Class/CDC/Src/usbd_cdc.o
 .debug_aranges
                0x00000b80       0xa8 Drivers/STM32F1xx_HAL_Driver/Src/stm32f1xx_hal.o
 .debug_aranges
                0x00000c28       0x90 Drivers/STM32F1xx_HAL_Driver/Src/stm32f1xx_hal_cortex.o
 .debug_aranges
                0x00000cb8       0x60 Drivers/STM32F1xx_HAL_Driver/Src/stm32f1xx_hal_dma.o
 .debug_aranges
                0x00000d18       0x58 Drivers/STM32F1xx_HAL_Driver/Src/stm32f1xx_hal_gpio.o
 .debug_aranges
                0x00000d70       0xc0 Drivers/STM32F1xx_HAL_Driver/Src/stm32f1xx_hal_pcd.o
 .debug_aranges
                0x00000e30       0x28 Drivers/STM32F1xx_HAL_Driver/Src/stm32f1xx_hal_pcd_ex.o
 .debug_aranges
                0x00000e58       0xa8 Drivers/STM32F1xx_HAL_Driver/Src/stm32f1xx_hal_pwr.o
 .debug_aranges
                0x00000f00       0x88 Drivers/STM32F1xx_HAL_Driver/Src/stm32f1xx_hal_rcc.o
 .debug_aranges
                0x00000f88       0x30 Drivers/STM32F1xx_HAL_Driver/Src/stm32f1xx_hal_rcc_ex.o
 .debug_aranges
                0x00000fb8       0xd8 Drivers/STM32F1xx_HAL_Driver/Src/stm32f1xx_hal_rtc.o
 .debug_aranges
                0x00001090      0x250 Drivers/STM32F1xx_HAL_Driver/Src/stm32f1xx_hal_tim.o
 .debug_aranges
                0x000012e0       0xe8 Drivers/STM32F1xx_HAL_Driver/Src/stm32f1xx_hal_tim_ex.o
 .debug_aranges
                0x000013c8      0x108 Drivers/STM32F1xx_HAL_Driver/Src/stm32f1xx_hal_uart.o
 .debug_aranges
                0x000014d0       0xe0 Drivers/STM32F1xx_HAL_Driver/Src/stm32f1xx_ll_usb.o
 .debug_aranges
                0x000015b0       0x28 Drivers/CMSIS/Device/ST/STM32F1xx/Source/Templates/gcc/startup_stm32f103xb.o

.debug_ranges   0x00000000     0x1a38
 .debug_ranges  0x00000000       0x40 Src/dma.o
 .debug_ranges  0x00000040       0x68 Src/freertos.o
 .debug_ranges  0x000000a8       0x98 Src/gpio.o
 .debug_ranges  0x00000140       0x30 Src/main.o
 .debug_ranges  0x00000170       0x58 Src/oneWire.o
 .debug_ranges  0x000001c8       0x20 Src/rtc.o
 .debug_ranges  0x000001e8       0x30 Src/stm32f1xx_hal_msp.o
 .debug_ranges  0x00000218       0x48 Src/stm32f1xx_hal_timebase_TIM.o
 .debug_ranges  0x00000260       0x90 Src/stm32f1xx_it.o
 .debug_ranges  0x000002f0       0x18 Src/system_stm32f1xx.o
 .debug_ranges  0x00000308       0xa8 Src/tim.o
 .debug_ranges  0x000003b0       0x78 Src/usart.o
 .debug_ranges  0x00000428       0x10 Src/usb_device.o
 .debug_ranges  0x00000438       0x30 Src/usbd_cdc_if.o
 .debug_ranges  0x00000468      0x128 Src/usbd_conf.o
 .debug_ranges  0x00000590       0x40 Src/usbd_desc.o
 .debug_ranges  0x000005d0       0x30 Middlewares/Third_Party/FreeRTOS/Source/list.o
 .debug_ranges  0x00000600       0xc0 Middlewares/Third_Party/FreeRTOS/Source/queue.o
 .debug_ranges  0x000006c0      0x248 Middlewares/Third_Party/FreeRTOS/Source/tasks.o
 .debug_ranges  0x00000908       0x38 Middlewares/Third_Party/FreeRTOS/Source/portable/MemMang/heap_4.o
 .debug_ranges  0x00000940       0x80 Middlewares/Third_Party/FreeRTOS/Source/portable/GCC/ARM_CM3/port.o
 .debug_ranges  0x000009c0      0x188 Middlewares/Third_Party/FreeRTOS/Source/CMSIS_RTOS/cmsis_os.o
 .debug_ranges  0x00000b48       0x98 Middlewares/ST/STM32_USB_Device_Library/Core/Src/usbd_core.o
 .debug_ranges  0x00000be0       0x38 Middlewares/ST/STM32_USB_Device_Library/Core/Src/usbd_ctlreq.o
 .debug_ranges  0x00000c18       0x40 Middlewares/ST/STM32_USB_Device_Library/Core/Src/usbd_ioreq.o
 .debug_ranges  0x00000c58       0x80 Middlewares/ST/STM32_USB_Device_Library/Class/CDC/Src/usbd_cdc.o
 .debug_ranges  0x00000cd8       0x98 Drivers/STM32F1xx_HAL_Driver/Src/stm32f1xx_hal.o
 .debug_ranges  0x00000d70      0x130 Drivers/STM32F1xx_HAL_Driver/Src/stm32f1xx_hal_cortex.o
 .debug_ranges  0x00000ea0       0x80 Drivers/STM32F1xx_HAL_Driver/Src/stm32f1xx_hal_dma.o
 .debug_ranges  0x00000f20       0x68 Drivers/STM32F1xx_HAL_Driver/Src/stm32f1xx_hal_gpio.o
 .debug_ranges  0x00000f88       0xd0 Drivers/STM32F1xx_HAL_Driver/Src/stm32f1xx_hal_pcd.o
 .debug_ranges  0x00001058       0x18 Drivers/STM32F1xx_HAL_Driver/Src/stm32f1xx_hal_pcd_ex.o
 .debug_ranges  0x00001070       0x98 Drivers/STM32F1xx_HAL_Driver/Src/stm32f1xx_hal_pwr.o
 .debug_ranges  0x00001108      0x148 Drivers/STM32F1xx_HAL_Driver/Src/stm32f1xx_hal_rcc.o
 .debug_ranges  0x00001250       0x68 Drivers/STM32F1xx_HAL_Driver/Src/stm32f1xx_hal_rcc_ex.o
 .debug_ranges  0x000012b8       0xf8 Drivers/STM32F1xx_HAL_Driver/Src/stm32f1xx_hal_rtc.o
 .debug_ranges  0x000013b0      0x360 Drivers/STM32F1xx_HAL_Driver/Src/stm32f1xx_hal_tim.o
 .debug_ranges  0x00001710       0xd8 Drivers/STM32F1xx_HAL_Driver/Src/stm32f1xx_hal_tim_ex.o
 .debug_ranges  0x000017e8      0x110 Drivers/STM32F1xx_HAL_Driver/Src/stm32f1xx_hal_uart.o