Archive member included to satisfy reference by file (symbol)

c:/ac6/systemworkbench/plugins/fr.ac6.mcu.externaltools.arm-none.win32_1.7.0.201602121829/tools/compiler/bin/../lib/gcc/arm-none-eabi/5.2.1/armv7-m\libgcc.a(_lshrdi3.o)
                              Drivers/STM32F1xx_HAL_Driver/Src/stm32f1xx_hal_flash.o (__aeabi_llsr)
c:/ac6/systemworkbench/plugins/fr.ac6.mcu.externaltools.arm-none.win32_1.7.0.201602121829/tools/compiler/bin/../lib/gcc/arm-none-eabi/5.2.1/../../../../arm-none-eabi/lib/armv7-m\libc_nano.a(lib_a-atoi.o)
                              Src/freertos.o (atoi)
c:/ac6/systemworkbench/plugins/fr.ac6.mcu.externaltools.arm-none.win32_1.7.0.201602121829/tools/compiler/bin/../lib/gcc/arm-none-eabi/5.2.1/../../../../arm-none-eabi/lib/armv7-m\libc_nano.a(lib_a-exit.o)
                              c:/ac6/systemworkbench/plugins/fr.ac6.mcu.externaltools.arm-none.win32_1.7.0.201602121829/tools/compiler/bin/../lib/gcc/arm-none-eabi/5.2.1/../../../../arm-none-eabi/lib/armv7-m/crt0.o (exit)
c:/ac6/systemworkbench/plugins/fr.ac6.mcu.externaltools.arm-none.win32_1.7.0.201602121829/tools/compiler/bin/../lib/gcc/arm-none-eabi/5.2.1/../../../../arm-none-eabi/lib/armv7-m\libc_nano.a(lib_a-impure.o)
                              c:/ac6/systemworkbench/plugins/fr.ac6.mcu.externaltools.arm-none.win32_1.7.0.201602121829/tools/compiler/bin/../lib/gcc/arm-none-eabi/5.2.1/../../../../arm-none-eabi/lib/armv7-m\libc_nano.a(lib_a-exit.o) (_global_impure_ptr)
c:/ac6/systemworkbench/plugins/fr.ac6.mcu.externaltools.arm-none.win32_1.7.0.201602121829/tools/compiler/bin/../lib/gcc/arm-none-eabi/5.2.1/../../../../arm-none-eabi/lib/armv7-m\libc_nano.a(lib_a-init.o)
                              c:/ac6/systemworkbench/plugins/fr.ac6.mcu.externaltools.arm-none.win32_1.7.0.201602121829/tools/compiler/bin/../lib/gcc/arm-none-eabi/5.2.1/../../../../arm-none-eabi/lib/armv7-m/crt0.o (__libc_init_array)
c:/ac6/systemworkbench/plugins/fr.ac6.mcu.externaltools.arm-none.win32_1.7.0.201602121829/tools/compiler/bin/../lib/gcc/arm-none-eabi/5.2.1/../../../../arm-none-eabi/lib/armv7-m\libc_nano.a(lib_a-itoa.o)
                              Src/freertos.o (itoa)
c:/ac6/systemworkbench/plugins/fr.ac6.mcu.externaltools.arm-none.win32_1.7.0.201602121829/tools/compiler/bin/../lib/gcc/arm-none-eabi/5.2.1/../../../../arm-none-eabi/lib/armv7-m\libc_nano.a(lib_a-memcpy-stub.o)
                              Src/freertos.o (memcpy)
c:/ac6/systemworkbench/plugins/fr.ac6.mcu.externaltools.arm-none.win32_1.7.0.201602121829/tools/compiler/bin/../lib/gcc/arm-none-eabi/5.2.1/../../../../arm-none-eabi/lib/armv7-m\libc_nano.a(lib_a-memset.o)
                              c:/ac6/systemworkbench/plugins/fr.ac6.mcu.externaltools.arm-none.win32_1.7.0.201602121829/tools/compiler/bin/../lib/gcc/arm-none-eabi/5.2.1/../../../../arm-none-eabi/lib/armv7-m/crt0.o (memset)
c:/ac6/systemworkbench/plugins/fr.ac6.mcu.externaltools.arm-none.win32_1.7.0.201602121829/tools/compiler/bin/../lib/gcc/arm-none-eabi/5.2.1/../../../../arm-none-eabi/lib/armv7-m\libc_nano.a(lib_a-strcat.o)
                              Src/freertos.o (strcat)
c:/ac6/systemworkbench/plugins/fr.ac6.mcu.externaltools.arm-none.win32_1.7.0.201602121829/tools/compiler/bin/../lib/gcc/arm-none-eabi/5.2.1/../../../../arm-none-eabi/lib/armv7-m\libc_nano.a(lib_a-strcpy.o)
                              Src/freertos.o (strcpy)
c:/ac6/systemworkbench/plugins/fr.ac6.mcu.externaltools.arm-none.win32_1.7.0.201602121829/tools/compiler/bin/../lib/gcc/arm-none-eabi/5.2.1/../../../../arm-none-eabi/lib/armv7-m\libc_nano.a(lib_a-strlen.o)
                              Src/freertos.o (strlen)
c:/ac6/systemworkbench/plugins/fr.ac6.mcu.externaltools.arm-none.win32_1.7.0.201602121829/tools/compiler/bin/../lib/gcc/arm-none-eabi/5.2.1/../../../../arm-none-eabi/lib/armv7-m\libc_nano.a(lib_a-strtol.o)
                              c:/ac6/systemworkbench/plugins/fr.ac6.mcu.externaltools.arm-none.win32_1.7.0.201602121829/tools/compiler/bin/../lib/gcc/arm-none-eabi/5.2.1/../../../../arm-none-eabi/lib/armv7-m\libc_nano.a(lib_a-atoi.o) (_strtol_r)
c:/ac6/systemworkbench/plugins/fr.ac6.mcu.externaltools.arm-none.win32_1.7.0.201602121829/tools/compiler/bin/../lib/gcc/arm-none-eabi/5.2.1/../../../../arm-none-eabi/lib/armv7-m\libc_nano.a(lib_a-utoa.o)
                              c:/ac6/systemworkbench/plugins/fr.ac6.mcu.externaltools.arm-none.win32_1.7.0.201602121829/tools/compiler/bin/../lib/gcc/arm-none-eabi/5.2.1/../../../../arm-none-eabi/lib/armv7-m\libc_nano.a(lib_a-itoa.o) (__utoa)
c:/ac6/systemworkbench/plugins/fr.ac6.mcu.externaltools.arm-none.win32_1.7.0.201602121829/tools/compiler/bin/../lib/gcc/arm-none-eabi/5.2.1/../../../../arm-none-eabi/lib/armv7-m\libc_nano.a(lib_a-ctype_.o)
[...]
Memory Configuration

Name             Origin             Length             Attributes
RAM              0x20000000         0x00005000         xrw
FLASH            0x08000000         0x00010000         xr
*default*        0x00000000         0xffffffff

Linker script and memory map

LOAD c:/ac6/systemworkbench/plugins/fr.ac6.mcu.externaltools.arm-none.win32_1.7.0.201602121829/tools/compiler/bin/../lib/gcc/arm-none-eabi/5.2.1/armv7-m/crti.o
LOAD c:/ac6/systemworkbench/plugins/fr.ac6.mcu.externaltools.arm-none.win32_1.7.0.201602121829/tools/compiler/bin/../lib/gcc/arm-none-eabi/5.2.1/armv7-m/crtbegin.o
LOAD c:/ac6/systemworkbench/plugins/fr.ac6.mcu.externaltools.arm-none.win32_1.7.0.201602121829/tools/compiler/bin/../lib/gcc/arm-none-eabi/5.2.1/../../../../arm-none-eabi/lib/armv7-m/crt0.o
LOAD c:/ac6/systemworkbench/plugins/fr.ac6.mcu.externaltools.arm-none.win32_1.7.0.201602121829/tools/compiler/bin/../lib/gcc/arm-none-eabi/5.2.1/../../../../arm-none-eabi/lib/armv7-m\libm.a
LOAD Src/adc.o
LOAD Src/dma.o
LOAD Src/freertos.o
LOAD Src/gpio.o
LOAD Src/main.o
LOAD Src/oneWire.o
LOAD Src/rtc.o
LOAD Src/stm32f1xx_hal_msp.o
LOAD Src/stm32f1xx_hal_timebase_TIM.o
LOAD Src/stm32f1xx_it.o
LOAD Src/system_stm32f1xx.o
LOAD Src/tim.o
LOAD Src/usart.o
LOAD Src/usb_device.o
LOAD Src/usbd_cdc_if.o
LOAD Src/usbd_conf.o
LOAD Src/usbd_desc.o
LOAD Src/wyswietlacz7Seg.o
LOAD Middlewares/Third_Party/FreeRTOS/Source/croutine.o
LOAD Middlewares/Third_Party/FreeRTOS/Source/event_groups.o
LOAD Middlewares/Third_Party/FreeRTOS/Source/list.o
LOAD Middlewares/Third_Party/FreeRTOS/Source/queue.o
LOAD Middlewares/Third_Party/FreeRTOS/Source/tasks.o
LOAD Middlewares/Third_Party/FreeRTOS/Source/timers.o
LOAD Middlewares/Third_Party/FreeRTOS/Source/portable/MemMang/heap_4.o
LOAD Middlewares/Third_Party/FreeRTOS/Source/portable/GCC/ARM_CM3/port.o
LOAD Middlewares/Third_Party/FreeRTOS/Source/CMSIS_RTOS/cmsis_os.o
LOAD Middlewares/ST/STM32_USB_Device_Library/Core/Src/usbd_core.o
LOAD Middlewares/ST/STM32_USB_Device_Library/Core/Src/usbd_ctlreq.o
LOAD Middlewares/ST/STM32_USB_Device_Library/Core/Src/usbd_ioreq.o
LOAD Middlewares/ST/STM32_USB_Device_Library/Class/CDC/Src/usbd_cdc.o
LOAD Drivers/STM32F1xx_HAL_Driver/Src/stm32f1xx_hal.o
LOAD Drivers/STM32F1xx_HAL_Driver/Src/stm32f1xx_hal_adc.o
LOAD Drivers/STM32F1xx_HAL_Driver/Src/stm32f1xx_hal_adc_ex.o
LOAD Drivers/STM32F1xx_HAL_Driver/Src/stm32f1xx_hal_cortex.o
LOAD Drivers/STM32F1xx_HAL_Driver/Src/stm32f1xx_hal_dma.o
LOAD Drivers/STM32F1xx_HAL_Driver/Src/stm32f1xx_hal_flash.o
LOAD Drivers/STM32F1xx_HAL_Driver/Src/stm32f1xx_hal_flash_ex.o
LOAD Drivers/STM32F1xx_HAL_Driver/Src/stm32f1xx_hal_gpio.o
LOAD Drivers/STM32F1xx_HAL_Driver/Src/stm32f1xx_hal_gpio_ex.o
LOAD Drivers/STM32F1xx_HAL_Driver/Src/stm32f1xx_hal_pcd.o
LOAD Drivers/STM32F1xx_HAL_Driver/Src/stm32f1xx_hal_pcd_ex.o
LOAD Drivers/STM32F1xx_HAL_Driver/Src/stm32f1xx_hal_pwr.o
LOAD Drivers/STM32F1xx_HAL_Driver/Src/stm32f1xx_hal_rcc.o
LOAD Drivers/STM32F1xx_HAL_Driver/Src/stm32f1xx_hal_rcc_ex.o
LOAD Drivers/STM32F1xx_HAL_Driver/Src/stm32f1xx_hal_rtc.o
LOAD Drivers/STM32F1xx_HAL_Driver/Src/stm32f1xx_hal_rtc_ex.o
LOAD Drivers/STM32F1xx_HAL_Driver/Src/stm32f1xx_hal_tim.o
LOAD Drivers/STM32F1xx_HAL_Driver/Src/stm32f1xx_hal_tim_ex.o
LOAD Drivers/STM32F1xx_HAL_Driver/Src/stm32f1xx_hal_uart.o
LOAD Drivers/STM32F1xx_HAL_Driver/Src/stm32f1xx_ll_usb.o
LOAD Drivers/CMSIS/Device/ST/STM32F1xx/Source/Templates/gcc/startup_stm32f103xb.o
START GROUP
LOAD c:/ac6/systemworkbench/plugins/fr.ac6.mcu.externaltools.arm-none.win32_1.7.0.201602121829/tools/compiler/bin/../lib/gcc/arm-none-eabi/5.2.1/armv7-m\libgcc.a
LOAD c:/ac6/systemworkbench/plugins/fr.ac6.mcu.externaltools.arm-none.win32_1.7.0.201602121829/tools/compiler/bin/../lib/gcc/arm-none-eabi/5.2.1/../../../../arm-none-eabi/lib/armv7-m\libc_nano.a
END GROUP
START GROUP
LOAD c:/ac6/systemworkbench/plugins/fr.ac6.mcu.externaltools.arm-none.win32_1.7.0.201602121829/tools/compiler/bin/../lib/gcc/arm-none-eabi/5.2.1/armv7-m\libgcc.a
LOAD c:/ac6/systemworkbench/plugins/fr.ac6.mcu.externaltools.arm-none.win32_1.7.0.201602121829/tools/compiler/bin/../lib/gcc/arm-none-eabi/5.2.1/../../../../arm-none-eabi/lib/armv7-m\libc_nano.a
LOAD c:/ac6/systemworkbench/plugins/fr.ac6.mcu.externaltools.arm-none.win32_1.7.0.201602121829/tools/compiler/bin/../lib/gcc/arm-none-eabi/5.2.1/../../../../arm-none-eabi/lib/armv7-m\libnosys.a
END GROUP
START GROUP
LOAD c:/ac6/systemworkbench/plugins/fr.ac6.mcu.externaltools.arm-none.win32_1.7.0.201602121829/tools/compiler/bin/../lib/gcc/arm-none-eabi/5.2.1/armv7-m\libgcc.a
LOAD c:/ac6/systemworkbench/plugins/fr.ac6.mcu.externaltools.arm-none.win32_1.7.0.201602121829/tools/compiler/bin/../lib/gcc/arm-none-eabi/5.2.1/../../../../arm-none-eabi/lib/armv7-m\libc_nano.a
LOAD c:/ac6/systemworkbench/plugins/fr.ac6.mcu.externaltools.arm-none.win32_1.7.0.201602121829/tools/compiler/bin/../lib/gcc/arm-none-eabi/5.2.1/../../../../arm-none-eabi/lib/armv7-m\libnosys.a
END GROUP
LOAD c:/ac6/systemworkbench/plugins/fr.ac6.mcu.externaltools.arm-none.win32_1.7.0.201602121829/tools/compiler/bin/../lib/gcc/arm-none-eabi/5.2.1/armv7-m/crtend.o
LOAD c:/ac6/systemworkbench/plugins/fr.ac6.mcu.externaltools.arm-none.win32_1.7.0.201602121829/tools/compiler/bin/../lib/gcc/arm-none-eabi/5.2.1/armv7-m/crtn.o
                0x20005000                _estack = 0x20005000
                0x00000200                _Min_Heap_Size = 0x200
                0x00000400                _Min_Stack_Size = 0x400

.isr_vector     0x08000000      0x10c
                0x08000000                . = ALIGN (0x4)
 *(.isr_vector)
 .isr_vector    0x08000000      0x10c Drivers/CMSIS/Device/ST/STM32F1xx/Source/Templates/gcc/startup_stm32f103xb.o
                0x08000000                g_pfnVectors
                0x0800010c                . = ALIGN (0x4)

.text           0x0800010c     0x7004
                0x0800010c                . = ALIGN (0x4)
 *(.text)
 .text          0x0800010c       0xa4 c:/ac6/systemworkbench/plugins/fr.ac6.mcu.externaltools.arm-none.win32_1.7.0.201602121829/tools/compiler/bin/../lib/gcc/arm-none-eabi/5.2.1/armv7-m/crtbegin.o
 .text          0x080001b0       0x10 c:/ac6/systemworkbench/plugins/fr.ac6.mcu.externaltools.arm-none.win32_1.7.0.201602121829/tools/compiler/bin/../lib/gcc/arm-none-eabi/5.2.1/../../../../arm-none-eabi/lib/armv7-m\libc_nano.a(lib_a-strlen.o)
                0x080001b0                strlen
 *(.text*)
 .text.MX_ADC1_Init
                0x080001c0       0x4c Src/adc.o
                0x080001c0                MX_ADC1_Init
 .text.HAL_ADC_MspInit
                0x0800020c       0x50 Src/adc.o
                0x0800020c                HAL_ADC_MspInit
 .text.MX_DMA_Init
                0x0800025c       0x40 Src/dma.o
                0x0800025c                MX_DMA_Init
 .text.taskBlue
                0x0800029c      0x3c8 Src/freertos.o
                0x0800029c                taskBlue
 .text.vApplicationIdleHook
                0x08000664       0x40 Src/freertos.o
                0x08000664                vApplicationIdleHook
 .text.MX_FREERTOS_Init
                0x080006a4       0x8c Src/freertos.o
                0x080006a4                MX_FREERTOS_Init
 .text.HAL_ADC_ConvCpltCallback
                0x08000730      0x168 Src/freertos.o
                0x08000730                HAL_ADC_ConvCpltCallback
 .text.HAL_UART_RxCpltCallback
                0x08000898       0x54 Src/freertos.o
                0x08000898                HAL_UART_RxCpltCallback
 .text.HAL_UART_TxCpltCallback
                0x080008ec        0xc Src/freertos.o
                0x080008ec                HAL_UART_TxCpltCallback
 .text.HAL_UART_ErrorCallback
                0x080008f8       0x5c Src/freertos.o
                0x080008f8                HAL_UART_ErrorCallback
 .text.rtcSetTime
                0x08000954       0x12 Src/freertos.o
                0x08000954                rtcSetTime
 .text.rtcGetTime
                0x08000966       0x12 Src/freertos.o
                0x08000966                rtcGetTime
 .text.displayPrzeliczCzas
                0x08000978      0x12c Src/freertos.o
                0x08000978                displayPrzeliczCzas
 .text.taskLed7Seg
                0x08000aa4      0x2fc Src/freertos.o
                0x08000aa4                taskLed7Seg
 .text.przyciskiRtc
                0x08000da0      0x194 Src/freertos.o
                0x08000da0                przyciskiRtc
 .text.StartDefaultTask
                0x08000f34        0xc Src/freertos.o
                0x08000f34                StartDefaultTask
 .text.MX_GPIO_Init
                0x08000f40       0xf4 Src/gpio.o
                0x08000f40                MX_GPIO_Init
 .text.SystemClock_Config
                0x08001034       0x84 Src/main.o
                0x08001034                SystemClock_Config
 .text.startup.main
                0x080010b8       0x54 Src/main.o
                0x080010b8                main
 .text.HAL_TIM_PeriodElapsedCallback
                0x0800110c       0xc4 Src/main.o
                0x0800110c                HAL_TIM_PeriodElapsedCallback
 .text.Error_Handler
                0x080011d0        0x2 Src/main.o
                0x080011d0                Error_Handler
 *fill*         0x080011d2        0x2 
 .text.pinModeSet
                0x080011d4       0x24 Src/oneWire.o
                0x080011d4                pinModeSet
 .text.delayUs  0x080011f8       0x14 Src/oneWire.o
                0x080011f8                delayUs
 .text.DS_Reset
                0x0800120c       0x58 Src/oneWire.o
                0x0800120c                DS_Reset
 .text.DS_Write
                0x08001264       0x68 Src/oneWire.o
                0x08001264                DS_Write
 .text.DS_Read  0x080012cc       0x50 Src/oneWire.o
                0x080012cc                DS_Read
 .text.MX_RTC_Init
                0x0800131c       0x68 Src/rtc.o
                0x0800131c                MX_RTC_Init
 .text.HAL_RTC_MspInit
                0x08001384       0x48 Src/rtc.o
                0x08001384                HAL_RTC_MspInit
 .text.HAL_MspInit
                0x080013cc       0x8c Src/stm32f1xx_hal_msp.o
                0x080013cc                HAL_MspInit
 .text.HAL_InitTick
                0x08001458       0x78 Src/stm32f1xx_hal_timebase_TIM.o
                0x08001458                HAL_InitTick
 .text.NMI_Handler
                0x080014d0        0x2 Src/stm32f1xx_it.o
                0x080014d0                NMI_Handler
 .text.HardFault_Handler
                0x080014d2        0x2 Src/stm32f1xx_it.o
                0x080014d2                HardFault_Handler
 .text.MemManage_Handler
                0x080014d4        0x2 Src/stm32f1xx_it.o
                0x080014d4                MemManage_Handler
 .text.BusFault_Handler
                0x080014d6        0x2 Src/stm32f1xx_it.o
                0x080014d6                BusFault_Handler
 .text.UsageFault_Handler
                0x080014d8        0x2 Src/stm32f1xx_it.o
                0x080014d8                UsageFault_Handler
 .text.DebugMon_Handler
                0x080014da        0x2 Src/stm32f1xx_it.o
                0x080014da                DebugMon_Handler
 .text.SysTick_Handler
                0x080014dc        0x4 Src/stm32f1xx_it.o
                0x080014dc                SysTick_Handler
 .text.DMA1_Channel4_IRQHandler
                0x080014e0        0xc Src/stm32f1xx_it.o
                0x080014e0                DMA1_Channel4_IRQHandler
 .text.DMA1_Channel5_IRQHandler
                0x080014ec        0xc Src/stm32f1xx_it.o
                0x080014ec                DMA1_Channel5_IRQHandler
 .text.ADC1_2_IRQHandler
                0x080014f8        0xc Src/stm32f1xx_it.o
                0x080014f8                ADC1_2_IRQHandler
 .text.USB_LP_CAN1_RX0_IRQHandler
                0x08001504        0xc Src/stm32f1xx_it.o
                0x08001504                USB_LP_CAN1_RX0_IRQHandler
 .text.TIM1_UP_IRQHandler
                0x08001510        0xc Src/stm32f1xx_it.o
                0x08001510                TIM1_UP_IRQHandler
 .text.TIM2_IRQHandler
                0x0800151c        0xc Src/stm32f1xx_it.o
                0x0800151c                TIM2_IRQHandler
 .text.TIM3_IRQHandler
                0x08001528        0xc Src/stm32f1xx_it.o
                0x08001528                TIM3_IRQHandler
 .text.TIM4_IRQHandler
                0x08001534        0xc Src/stm32f1xx_it.o
                0x08001534                TIM4_IRQHandler
 .text.USART1_IRQHandler
                0x08001540        0xc Src/stm32f1xx_it.o
                0x08001540                USART1_IRQHandler
 .text.SystemInit
                0x0800154c       0x4c Src/system_stm32f1xx.o
                0x0800154c                SystemInit
 .text.MX_TIM2_Init
                0x08001598       0x58 Src/tim.o
                0x08001598                MX_TIM2_Init
 .text.MX_TIM3_Init
                0x080015f0       0x5c Src/tim.o
                0x080015f0                MX_TIM3_Init
 .text.MX_TIM4_Init
                0x0800164c       0x5c Src/tim.o
                0x0800164c                MX_TIM4_Init
 .text.HAL_TIM_Base_MspInit
                0x080016a8       0x94 Src/tim.o
                0x080016a8                HAL_TIM_Base_MspInit
 .text.MX_USART1_UART_Init
                0x0800173c       0x38 Src/usart.o
                0x0800173c                MX_USART1_UART_Init
 .text.HAL_UART_MspInit
                0x08001774       0xd0 Src/usart.o
                0x08001774                HAL_UART_MspInit
 .text.MX_USB_DEVICE_Init
                0x08001844       0x38 Src/usb_device.o
                0x08001844                MX_USB_DEVICE_Init
 .text.CDC_DeInit_FS
                0x0800187c        0x4 Src/usbd_cdc_if.o
 .text.CDC_Control_FS
                0x08001880        0x4 Src/usbd_cdc_if.o
 .text.CDC_Receive_FS
                0x08001884       0x1c Src/usbd_cdc_if.o
 .text.CDC_Init_FS
                0x080018a0       0x28 Src/usbd_cdc_if.o
 .text.HAL_PCD_MspInit
                0x080018c8       0x3c Src/usbd_conf.o
                0x080018c8                HAL_PCD_MspInit
 .text.HAL_PCD_SetupStageCallback
                0x08001904        0xc Src/usbd_conf.o
                0x08001904                HAL_PCD_SetupStageCallback
 .text.HAL_PCD_DataOutStageCallback
                0x08001910       0x10 Src/usbd_conf.o
                0x08001910                HAL_PCD_DataOutStageCallback
 .text.HAL_PCD_DataInStageCallback
                0x08001920        0xe Src/usbd_conf.o
                0x08001920                HAL_PCD_DataInStageCallback
 .text.HAL_PCD_SOFCallback
                0x0800192e        0x8 Src/usbd_conf.o
                0x0800192e                HAL_PCD_SOFCallback
 .text.HAL_PCD_ResetCallback
                0x08001936       0x1a Src/usbd_conf.o
                0x08001936                HAL_PCD_ResetCallback
 .text.HAL_PCD_SuspendCallback
                0x08001950       0x20 Src/usbd_conf.o
                0x08001950                HAL_PCD_SuspendCallback
 .text.HAL_PCD_ResumeCallback
                0x08001970        0x8 Src/usbd_conf.o
                0x08001970                HAL_PCD_ResumeCallback
 .text.USBD_LL_Init
                0x08001978       0x84 Src/usbd_conf.o
                0x08001978                USBD_LL_Init
 .text.USBD_LL_Start
                0x080019fc       0x1c Src/usbd_conf.o
                0x080019fc                USBD_LL_Start
 .text.USBD_LL_OpenEP
                0x08001a18       0x20 Src/usbd_conf.o
                0x08001a18                USBD_LL_OpenEP
 .text.USBD_LL_CloseEP
                0x08001a38       0x1c Src/usbd_conf.o
                0x08001a38                USBD_LL_CloseEP
 .text.USBD_LL_StallEP
                0x08001a54       0x1c Src/usbd_conf.o
                0x08001a54                USBD_LL_StallEP
 .text.USBD_LL_ClearStallEP
                0x08001a70       0x1c Src/usbd_conf.o
                0x08001a70                USBD_LL_ClearStallEP
 .text.USBD_LL_IsStallEP
                0x08001a8c       0x20 Src/usbd_conf.o
                0x08001a8c                USBD_LL_IsStallEP
 .text.USBD_LL_SetUSBAddress
                0x08001aac       0x1c Src/usbd_conf.o
                0x08001aac                USBD_LL_SetUSBAddress
 .text.USBD_LL_Transmit
                0x08001ac8       0x1c Src/usbd_conf.o
                0x08001ac8                USBD_LL_Transmit
 .text.USBD_LL_PrepareReceive
                0x08001ae4       0x1c Src/usbd_conf.o
                0x08001ae4                USBD_LL_PrepareReceive
 .text.USBD_LL_GetRxDataSize
                0x08001b00        0xc Src/usbd_conf.o
                0x08001b00                USBD_LL_GetRxDataSize
 .text.USBD_static_malloc
                0x08001b0c        0x8 Src/usbd_conf.o
                0x08001b0c                USBD_static_malloc
 .text.USBD_static_free
                0x08001b14        0x2 Src/usbd_conf.o
                0x08001b14                USBD_static_free
 .text.HAL_PCDEx_SetConnectionState
                0x08001b16        0x2 Src/usbd_conf.o
                0x08001b16                HAL_PCDEx_SetConnectionState
 .text.USBD_FS_DeviceDescriptor
                0x08001b18        0xc Src/usbd_desc.o
                0x08001b18                USBD_FS_DeviceDescriptor
 .text.USBD_FS_LangIDStrDescriptor
                0x08001b24        0xc Src/usbd_desc.o
                0x08001b24                USBD_FS_LangIDStrDescriptor
 .text.USBD_FS_ManufacturerStrDescriptor
                0x08001b30       0x1c Src/usbd_desc.o
                0x08001b30                USBD_FS_ManufacturerStrDescriptor
 .text.USBD_FS_ProductStrDescriptor
                0x08001b4c       0x1c Src/usbd_desc.o
                0x08001b4c                USBD_FS_ProductStrDescriptor
 .text.USBD_FS_SerialStrDescriptor
                0x08001b68       0x1c Src/usbd_desc.o
                0x08001b68                USBD_FS_SerialStrDescriptor
 .text.USBD_FS_ConfigStrDescriptor
                0x08001b84       0x1c Src/usbd_desc.o
                0x08001b84                USBD_FS_ConfigStrDescriptor
 .text.USBD_FS_InterfaceStrDescriptor
                0x08001ba0       0x1c Src/usbd_desc.o
                0x08001ba0                USBD_FS_InterfaceStrDescriptor
 .text.wyswietl7Seg
                0x08001bbc      0x414 Src/wyswietlacz7Seg.o
                0x08001bbc                wyswietl7Seg
 .text.vListInitialise
                0x08001fd0       0x16 Middlewares/Third_Party/FreeRTOS/Source/list.o
                0x08001fd0                vListInitialise
 .text.vListInitialiseItem
                0x08001fe6        0x6 Middlewares/Third_Party/FreeRTOS/Source/list.o
                0x08001fe6                vListInitialiseItem
 .text.vListInsertEnd
                0x08001fec       0x18 Middlewares/Third_Party/FreeRTOS/Source/list.o
                0x08001fec                vListInsertEnd
 .text.vListInsert
                0x08002004       0x30 Middlewares/Third_Party/FreeRTOS/Source/list.o
                0x08002004                vListInsert
 .text.uxListRemove
                0x08002034       0x20 Middlewares/Third_Party/FreeRTOS/Source/list.o
                0x08002034                uxListRemove
 .text.prvCopyDataToQueue
                0x08002054       0x6a Middlewares/Third_Party/FreeRTOS/Source/queue.o
 .text.unlikely.prvCopyDataFromQueue
                0x080020be       0x28 Middlewares/Third_Party/FreeRTOS/Source/queue.o
 .text.prvUnlockQueue
                0x080020e6       0x68 Middlewares/Third_Party/FreeRTOS/Source/queue.o
 .text.xQueueGenericReset
                0x0800214e       0x62 Middlewares/Third_Party/FreeRTOS/Source/queue.o
                0x0800214e                xQueueGenericReset
 .text.xQueueGenericCreate
                0x080021b0       0x4c Middlewares/Third_Party/FreeRTOS/Source/queue.o
                0x080021b0                xQueueGenericCreate
 .text.xQueueGenericSend
                0x080021fc      0x118 Middlewares/Third_Party/FreeRTOS/Source/queue.o
                0x080021fc                xQueueGenericSend
 .text.xQueueGiveFromISR
                0x08002314       0x72 Middlewares/Third_Party/FreeRTOS/Source/queue.o
                0x08002314                xQueueGiveFromISR
 .text.xQueueGenericReceive
                0x08002386      0x12c Middlewares/Third_Party/FreeRTOS/Source/queue.o
                0x08002386                xQueueGenericReceive
 .text.xQueueReceiveFromISR
                0x080024b2       0x6a Middlewares/Third_Party/FreeRTOS/Source/queue.o
                0x080024b2                xQueueReceiveFromISR
 .text.prvResetNextTaskUnblockTime
                0x0800251c       0x20 Middlewares/Third_Party/FreeRTOS/Source/tasks.o
 .text.prvAddCurrentTaskToDelayedList
                0x0800253c       0x38 Middlewares/Third_Party/FreeRTOS/Source/tasks.o
 .text.xTaskGenericCreate
                0x08002574      0x198 Middlewares/Third_Party/FreeRTOS/Source/tasks.o
                0x08002574                xTaskGenericCreate
 .text.vTaskStartScheduler
                0x0800270c       0x54 Middlewares/Third_Party/FreeRTOS/Source/tasks.o
                0x0800270c                vTaskStartScheduler
 .text.vTaskSuspendAll
                0x08002760       0x14 Middlewares/Third_Party/FreeRTOS/Source/tasks.o
                0x08002760                vTaskSuspendAll
 .text.xTaskGetTickCount
                0x08002774        0xc Middlewares/Third_Party/FreeRTOS/Source/tasks.o
                0x08002774                xTaskGetTickCount
 .text.xTaskGetTickCountFromISR
                0x08002780       0x10 Middlewares/Third_Party/FreeRTOS/Source/tasks.o
                0x08002780                xTaskGetTickCountFromISR
 .text.xTaskIncrementTick
                0x08002790       0xe4 Middlewares/Third_Party/FreeRTOS/Source/tasks.o
                0x08002790                xTaskIncrementTick
 .text.xTaskResumeAll
                0x08002874       0xc8 Middlewares/Third_Party/FreeRTOS/Source/tasks.o
                0x08002874                xTaskResumeAll
 .text.vTaskDelayUntil
                0x0800293c       0x88 Middlewares/Third_Party/FreeRTOS/Source/tasks.o
                0x0800293c                vTaskDelayUntil
 .text.vTaskDelay
                0x080029c4       0x54 Middlewares/Third_Party/FreeRTOS/Source/tasks.o
                0x080029c4                vTaskDelay
 .text.prvIdleTask
                0x08002a18       0x64 Middlewares/Third_Party/FreeRTOS/Source/tasks.o
 .text.vTaskSwitchContext
                0x08002a7c       0x5c Middlewares/Third_Party/FreeRTOS/Source/tasks.o
                0x08002a7c                vTaskSwitchContext
 .text.vTaskPlaceOnEventList
                0x08002ad8       0x5c Middlewares/Third_Party/FreeRTOS/Source/tasks.o
                0x08002ad8                vTaskPlaceOnEventList
 .text.xTaskRemoveFromEventList
                0x08002b34       0x6c Middlewares/Third_Party/FreeRTOS/Source/tasks.o
                0x08002b34                xTaskRemoveFromEventList
 .text.vTaskSetTimeOutState
                0x08002ba0       0x1c Middlewares/Third_Party/FreeRTOS/Source/tasks.o
                0x08002ba0                vTaskSetTimeOutState
 .text.xTaskCheckForTimeOut
                0x08002bbc       0x58 Middlewares/Third_Party/FreeRTOS/Source/tasks.o
                0x08002bbc                xTaskCheckForTimeOut
 .text.vTaskMissedYield
                0x08002c14       0x10 Middlewares/Third_Party/FreeRTOS/Source/tasks.o
                0x08002c14                vTaskMissedYield
 .text.xTaskGetSchedulerState
                0x08002c24       0x20 Middlewares/Third_Party/FreeRTOS/Source/tasks.o
                0x08002c24                xTaskGetSchedulerState
 .text.vTaskPriorityInherit
                0x08002c44       0x98 Middlewares/Third_Party/FreeRTOS/Source/tasks.o
                0x08002c44                vTaskPriorityInherit
 .text.xTaskPriorityDisinherit
                0x08002cdc       0x8c Middlewares/Third_Party/FreeRTOS/Source/tasks.o
                0x08002cdc                xTaskPriorityDisinherit
 .text.pvTaskIncrementMutexHeldCount
                0x08002d68       0x18 Middlewares/Third_Party/FreeRTOS/Source/tasks.o
                0x08002d68                pvTaskIncrementMutexHeldCount
 .text.prvInsertBlockIntoFreeList
                0x08002d80       0x44 Middlewares/Third_Party/FreeRTOS/Source/portable/MemMang/heap_4.o
 .text.pvPortMalloc
                0x08002dc4      0x104 Middlewares/Third_Party/FreeRTOS/Source/portable/MemMang/heap_4.o
                0x08002dc4                pvPortMalloc
 .text.vPortFree
                0x08002ec8       0x58 Middlewares/Third_Party/FreeRTOS/Source/portable/MemMang/heap_4.o
                0x08002ec8                vPortFree
 .text.prvPortStartFirstTask
                0x08002f20       0x20 Middlewares/Third_Party/FreeRTOS/Source/portable/GCC/ARM_CM3/port.o
 .text.pxPortInitialiseStack
                0x08002f40       0x1c Middlewares/Third_Party/FreeRTOS/Source/portable/GCC/ARM_CM3/port.o
                0x08002f40                pxPortInitialiseStack
 .text.SVC_Handler
                0x08002f5c       0x24 Middlewares/Third_Party/FreeRTOS/Source/portable/GCC/ARM_CM3/port.o
                0x08002f5c                SVC_Handler
 .text.vPortYield
                0x08002f80       0x18 Middlewares/Third_Party/FreeRTOS/Source/portable/GCC/ARM_CM3/port.o
                0x08002f80                vPortYield
 .text.ulPortSetInterruptMask
                0x08002f98       0x10 Middlewares/Third_Party/FreeRTOS/Source/portable/GCC/ARM_CM3/port.o
                0x08002f98                ulPortSetInterruptMask
 .text.prvTaskExitError
                0x08002fa8       0x1c Middlewares/Third_Party/FreeRTOS/Source/portable/GCC/ARM_CM3/port.o
 .text.vPortEnterCritical
                0x08002fc4       0x34 Middlewares/Third_Party/FreeRTOS/Source/portable/GCC/ARM_CM3/port.o
                0x08002fc4                vPortEnterCritical
 .text.vPortClearInterruptMask
                0x08002ff8        0x6 Middlewares/Third_Party/FreeRTOS/Source/portable/GCC/ARM_CM3/port.o
                0x08002ff8                vPortClearInterruptMask
 *fill*         0x08002ffe        0x2 
 .text.vPortExitCritical
                0x08003000       0x24 Middlewares/Third_Party/FreeRTOS/Source/portable/GCC/ARM_CM3/port.o
                0x08003000                vPortExitCritical
 .text.PendSV_Handler
                0x08003024       0x44 Middlewares/Third_Party/FreeRTOS/Source/portable/GCC/ARM_CM3/port.o
                0x08003024                PendSV_Handler
 .text.xPortSysTickHandler
                0x08003068       0x24 Middlewares/Third_Party/FreeRTOS/Source/portable/GCC/ARM_CM3/port.o
                0x08003068                xPortSysTickHandler
 .text.vPortSetupTimerInterrupt
                0x0800308c       0x28 Middlewares/Third_Party/FreeRTOS/Source/portable/GCC/ARM_CM3/port.o
                0x0800308c                vPortSetupTimerInterrupt
 .text.xPortStartScheduler
                0x080030b4       0x90 Middlewares/Third_Party/FreeRTOS/Source/portable/GCC/ARM_CM3/port.o
                0x080030b4                xPortStartScheduler
 .text.vPortValidateInterruptPriority
                0x08003144       0x40 Middlewares/Third_Party/FreeRTOS/Source/portable/GCC/ARM_CM3/port.o
                0x08003144                vPortValidateInterruptPriority
 .text.osKernelStart
                0x08003184        0xa Middlewares/Third_Party/FreeRTOS/Source/CMSIS_RTOS/cmsis_os.o
                0x08003184                osKernelStart
 .text.osKernelSysTick
                0x0800318e        0xe Middlewares/Third_Party/FreeRTOS/Source/CMSIS_RTOS/cmsis_os.o
                0x0800318e                osKernelSysTick
 .text.osThreadCreate
                0x0800319c       0x38 Middlewares/Third_Party/FreeRTOS/Source/CMSIS_RTOS/cmsis_os.o
                0x0800319c                osThreadCreate
 .text.osDelay  0x080031d4       0x10 Middlewares/Third_Party/FreeRTOS/Source/CMSIS_RTOS/cmsis_os.o
                0x080031d4                osDelay
 .text.osSemaphoreCreate
                0x080031e4       0x28 Middlewares/Third_Party/FreeRTOS/Source/CMSIS_RTOS/cmsis_os.o
                0x080031e4                osSemaphoreCreate
 .text.osSemaphoreWait
                0x0800320c       0x48 Middlewares/Third_Party/FreeRTOS/Source/CMSIS_RTOS/cmsis_os.o
                0x0800320c                osSemaphoreWait
 .text.osSemaphoreRelease
                0x08003254       0x40 Middlewares/Third_Party/FreeRTOS/Source/CMSIS_RTOS/cmsis_os.o
                0x08003254                osSemaphoreRelease
 .text.osSystickHandler
                0x08003294       0x14 Middlewares/Third_Party/FreeRTOS/Source/CMSIS_RTOS/cmsis_os.o
                0x08003294                osSystickHandler
 .text.osDelayUntil
                0x080032a8       0x10 Middlewares/Third_Party/FreeRTOS/Source/CMSIS_RTOS/cmsis_os.o
                0x080032a8                osDelayUntil
 .text.USBD_Init
                0x080032b8       0x2a Middlewares/ST/STM32_USB_Device_Library/Core/Src/usbd_core.o
                0x080032b8                USBD_Init
 .text.USBD_RegisterClass
                0x080032e2        0xe Middlewares/ST/STM32_USB_Device_Library/Core/Src/usbd_core.o
                0x080032e2                USBD_RegisterClass
 .text.USBD_Start
                0x080032f0        0xa Middlewares/ST/STM32_USB_Device_Library/Core/Src/usbd_core.o
                0x080032f0                USBD_Start
 .text.USBD_SetClassConfig
                0x080032fa       0x16 Middlewares/ST/STM32_USB_Device_Library/Core/Src/usbd_core.o
                0x080032fa                USBD_SetClassConfig
 .text.USBD_ClrClassConfig
                0x08003310        0xe Middlewares/ST/STM32_USB_Device_Library/Core/Src/usbd_core.o
                0x08003310                USBD_ClrClassConfig
 .text.USBD_LL_SetupStage
                0x0800331e       0x5a Middlewares/ST/STM32_USB_Device_Library/Core/Src/usbd_core.o
                0x0800331e                USBD_LL_SetupStage
 .text.USBD_LL_DataOutStage
                0x08003378       0x62 Middlewares/ST/STM32_USB_Device_Library/Core/Src/usbd_core.o
                0x08003378                USBD_LL_DataOutStage
 .text.USBD_LL_DataInStage
                0x080033da       0x9c Middlewares/ST/STM32_USB_Device_Library/Core/Src/usbd_core.o
                0x080033da                USBD_LL_DataInStage
 .text.USBD_LL_Reset
                0x08003476       0x3e Middlewares/ST/STM32_USB_Device_Library/Core/Src/usbd_core.o
                0x08003476                USBD_LL_Reset
 .text.USBD_LL_SetSpeed
                0x080034b4        0x6 Middlewares/ST/STM32_USB_Device_Library/Core/Src/usbd_core.o
                0x080034b4                USBD_LL_SetSpeed
 .text.USBD_LL_Suspend
                0x080034ba       0x12 Middlewares/ST/STM32_USB_Device_Library/Core/Src/usbd_core.o
                0x080034ba                USBD_LL_Suspend
 .text.USBD_LL_Resume
                0x080034cc        0xc Middlewares/ST/STM32_USB_Device_Library/Core/Src/usbd_core.o
                0x080034cc                USBD_LL_Resume
 .text.USBD_LL_SOF
                0x080034d8       0x18 Middlewares/ST/STM32_USB_Device_Library/Core/Src/usbd_core.o
                0x080034d8                USBD_LL_SOF
 .text.USBD_ParseSetupRequest
                0x080034f0       0x28 Middlewares/ST/STM32_USB_Device_Library/Core/Src/usbd_ctlreq.o
                0x080034f0                USBD_ParseSetupRequest
 .text.USBD_CtlError
                0x08003518       0x16 Middlewares/ST/STM32_USB_Device_Library/Core/Src/usbd_ctlreq.o
                0x08003518                USBD_CtlError
 *fill*         0x0800352e        0x2 
 .text.USBD_StdDevReq
                0x08003530      0x214 Middlewares/ST/STM32_USB_Device_Library/Core/Src/usbd_ctlreq.o
                0x08003530                USBD_StdDevReq
 .text.USBD_StdItfReq
                0x08003744       0x30 Middlewares/ST/STM32_USB_Device_Library/Core/Src/usbd_ctlreq.o
                0x08003744                USBD_StdItfReq
 .text.USBD_StdEPReq
                0x08003774       0xc6 Middlewares/ST/STM32_USB_Device_Library/Core/Src/usbd_ctlreq.o
                0x08003774                USBD_StdEPReq
 .text.USBD_GetString
                0x0800383a       0x38 Middlewares/ST/STM32_USB_Device_Library/Core/Src/usbd_ctlreq.o
                0x0800383a                USBD_GetString
 .text.USBD_CtlSendData
                0x08003872       0x1a Middlewares/ST/STM32_USB_Device_Library/Core/Src/usbd_ioreq.o
                0x08003872                USBD_CtlSendData
 .text.USBD_CtlContinueSendData
                0x0800388c       0x10 Middlewares/ST/STM32_USB_Device_Library/Core/Src/usbd_ioreq.o
                0x0800388c                USBD_CtlContinueSendData
 .text.USBD_CtlPrepareRx
                0x0800389c       0x1e Middlewares/ST/STM32_USB_Device_Library/Core/Src/usbd_ioreq.o
                0x0800389c                USBD_CtlPrepareRx
 .text.USBD_CtlContinueRx
                0x080038ba       0x10 Middlewares/ST/STM32_USB_Device_Library/Core/Src/usbd_ioreq.o
                0x080038ba                USBD_CtlContinueRx
 .text.USBD_CtlSendStatus
                0x080038ca       0x16 Middlewares/ST/STM32_USB_Device_Library/Core/Src/usbd_ioreq.o
                0x080038ca                USBD_CtlSendStatus
 .text.USBD_CtlReceiveStatus
                0x080038e0       0x16 Middlewares/ST/STM32_USB_Device_Library/Core/Src/usbd_ioreq.o
                0x080038e0                USBD_CtlReceiveStatus
 .text.USBD_CDC_DataIn
                0x080038f6       0x12 Middlewares/ST/STM32_USB_Device_Library/Class/CDC/Src/usbd_cdc.o
 .text.USBD_CDC_EP0_RxReady
                0x08003908       0x28 Middlewares/ST/STM32_USB_Device_Library/Class/CDC/Src/usbd_cdc.o
 .text.USBD_CDC_GetFSCfgDesc
                0x08003930        0xc Middlewares/ST/STM32_USB_Device_Library/Class/CDC/Src/usbd_cdc.o
 .text.USBD_CDC_GetHSCfgDesc
                0x0800393c        0xc Middlewares/ST/STM32_USB_Device_Library/Class/CDC/Src/usbd_cdc.o
 .text.USBD_CDC_GetOtherSpeedCfgDesc
                0x08003948        0xc Middlewares/ST/STM32_USB_Device_Library/Class/CDC/Src/usbd_cdc.o
 .text.USBD_CDC_GetDeviceQualifierDescriptor
                0x08003954        0xc Middlewares/ST/STM32_USB_Device_Library/Class/CDC/Src/usbd_cdc.o
                0x08003954                USBD_CDC_GetDeviceQualifierDescriptor
 .text.USBD_CDC_DataOut
                0x08003960       0x2e Middlewares/ST/STM32_USB_Device_Library/Class/CDC/Src/usbd_cdc.o
 *fill*         0x0800398e        0x2 
 .text.USBD_CDC_Setup
                0x08003990       0x6c Middlewares/ST/STM32_USB_Device_Library/Class/CDC/Src/usbd_cdc.o
 .text.USBD_CDC_DeInit
                0x080039fc       0x3a Middlewares/ST/STM32_USB_Device_Library/Class/CDC/Src/usbd_cdc.o
 .text.USBD_CDC_Init
                0x08003a36       0x8c Middlewares/ST/STM32_USB_Device_Library/Class/CDC/Src/usbd_cdc.o
 .text.USBD_CDC_RegisterInterface
                0x08003ac2        0xe Middlewares/ST/STM32_USB_Device_Library/Class/CDC/Src/usbd_cdc.o
                0x08003ac2                USBD_CDC_RegisterInterface
 .text.USBD_CDC_SetTxBuffer
                0x08003ad0       0x10 Middlewares/ST/STM32_USB_Device_Library/Class/CDC/Src/usbd_cdc.o
                0x08003ad0                USBD_CDC_SetTxBuffer
 .text.USBD_CDC_SetRxBuffer
                0x08003ae0        0xc Middlewares/ST/STM32_USB_Device_Library/Class/CDC/Src/usbd_cdc.o
                0x08003ae0                USBD_CDC_SetRxBuffer
 .text.USBD_CDC_ReceivePacket
                0x08003aec       0x26 Middlewares/ST/STM32_USB_Device_Library/Class/CDC/Src/usbd_cdc.o
                0x08003aec                USBD_CDC_ReceivePacket
 *fill*         0x08003b12        0x2 
 .text.HAL_Init
                0x08003b14       0x24 Drivers/STM32F1xx_HAL_Driver/Src/stm32f1xx_hal.o
                0x08003b14                HAL_Init
 .text.HAL_IncTick
                0x08003b38       0x10 Drivers/STM32F1xx_HAL_Driver/Src/stm32f1xx_hal.o
                0x08003b38                HAL_IncTick
 .text.HAL_GetTick
                0x08003b48        0xc Drivers/STM32F1xx_HAL_Driver/Src/stm32f1xx_hal.o
                0x08003b48                HAL_GetTick
 .text.HAL_Delay
                0x08003b54       0x1a Drivers/STM32F1xx_HAL_Driver/Src/stm32f1xx_hal.o
                0x08003b54                HAL_Delay
 .text.HAL_ADC_GetValue
                0x08003b6e        0x6 Drivers/STM32F1xx_HAL_Driver/Src/stm32f1xx_hal_adc.o
                0x08003b6e                HAL_ADC_GetValue
 .text.HAL_ADC_LevelOutOfWindowCallback
                0x08003b74        0x2 Drivers/STM32F1xx_HAL_Driver/Src/stm32f1xx_hal_adc.o
                0x08003b74                HAL_ADC_LevelOutOfWindowCallback
 .text.HAL_ADC_IRQHandler
                0x08003b76       0xec Drivers/STM32F1xx_HAL_Driver/Src/stm32f1xx_hal_adc.o
                0x08003b76                HAL_ADC_IRQHandler
 *fill*         0x08003c62        0x2 
 .text.HAL_ADC_ConfigChannel
                0x08003c64      0x180 Drivers/STM32F1xx_HAL_Driver/Src/stm32f1xx_hal_adc.o
                0x08003c64                HAL_ADC_ConfigChannel
 .text.ADC_Enable
                0x08003de4       0x70 Drivers/STM32F1xx_HAL_Driver/Src/stm32f1xx_hal_adc.o
                0x08003de4                ADC_Enable
 .text.HAL_ADC_Start_IT
                0x08003e54       0xcc Drivers/STM32F1xx_HAL_Driver/Src/stm32f1xx_hal_adc.o
                0x08003e54                HAL_ADC_Start_IT
 .text.ADC_ConversionStop_Disable
                0x08003f20       0x44 Drivers/STM32F1xx_HAL_Driver/Src/stm32f1xx_hal_adc.o
                0x08003f20                ADC_ConversionStop_Disable
 .text.HAL_ADC_Init
                0x08003f64      0x128 Drivers/STM32F1xx_HAL_Driver/Src/stm32f1xx_hal_adc.o
                0x08003f64                HAL_ADC_Init
 .text.HAL_ADC_Stop_IT
                0x0800408c       0x3e Drivers/STM32F1xx_HAL_Driver/Src/stm32f1xx_hal_adc.o
                0x0800408c                HAL_ADC_Stop_IT
 .text.HAL_ADCEx_InjectedConvCpltCallback
                0x080040ca        0x2 Drivers/STM32F1xx_HAL_Driver/Src/stm32f1xx_hal_adc_ex.o
                0x080040ca                HAL_ADCEx_InjectedConvCpltCallback
 .text.HAL_NVIC_SetPriorityGrouping
                0x080040cc       0x24 Drivers/STM32F1xx_HAL_Driver/Src/stm32f1xx_hal_cortex.o
                0x080040cc                HAL_NVIC_SetPriorityGrouping
 .text.HAL_NVIC_SetPriority
                0x080040f0       0x68 Drivers/STM32F1xx_HAL_Driver/Src/stm32f1xx_hal_cortex.o
                0x080040f0                HAL_NVIC_SetPriority
 .text.HAL_NVIC_EnableIRQ
                0x08004158       0x18 Drivers/STM32F1xx_HAL_Driver/Src/stm32f1xx_hal_cortex.o
                0x08004158                HAL_NVIC_EnableIRQ
 .text.HAL_SYSTICK_Config
                0x08004170       0x2c Drivers/STM32F1xx_HAL_Driver/Src/stm32f1xx_hal_cortex.o
                0x08004170                HAL_SYSTICK_Config
 .text.HAL_SYSTICK_CLKSourceConfig
                0x0800419c       0x18 Drivers/STM32F1xx_HAL_Driver/Src/stm32f1xx_hal_cortex.o
                0x0800419c                HAL_SYSTICK_CLKSourceConfig
 .text.HAL_DMA_Init
                0x080041b4       0x4a Drivers/STM32F1xx_HAL_Driver/Src/stm32f1xx_hal_dma.o
                0x080041b4                HAL_DMA_Init
 .text.HAL_DMA_Start_IT
                0x080041fe       0x5a Drivers/STM32F1xx_HAL_Driver/Src/stm32f1xx_hal_dma.o
                0x080041fe                HAL_DMA_Start_IT
 .text.HAL_DMA_IRQHandler
                0x08004258      0x254 Drivers/STM32F1xx_HAL_Driver/Src/stm32f1xx_hal_dma.o
                0x08004258                HAL_DMA_IRQHandler
 .text.HAL_GPIO_Init
                0x080044ac      0x1b0 Drivers/STM32F1xx_HAL_Driver/Src/stm32f1xx_hal_gpio.o
                0x080044ac                HAL_GPIO_Init
 .text.HAL_GPIO_ReadPin
                0x0800465c        0xc Drivers/STM32F1xx_HAL_Driver/Src/stm32f1xx_hal_gpio.o
                0x0800465c                HAL_GPIO_ReadPin
 .text.HAL_GPIO_WritePin
                0x08004668        0x8 Drivers/STM32F1xx_HAL_Driver/Src/stm32f1xx_hal_gpio.o
                0x08004668                HAL_GPIO_WritePin
 .text.HAL_PCD_Init
                0x08004670       0xd4 Drivers/STM32F1xx_HAL_Driver/Src/stm32f1xx_hal_pcd.o
                0x08004670                HAL_PCD_Init
 .text.HAL_PCD_Start
                0x08004744       0x2e Drivers/STM32F1xx_HAL_Driver/Src/stm32f1xx_hal_pcd.o
                0x08004744                HAL_PCD_Start
 .text.HAL_PCD_SetAddress
                0x08004772       0x28 Drivers/STM32F1xx_HAL_Driver/Src/stm32f1xx_hal_pcd.o
                0x08004772                HAL_PCD_SetAddress
 .text.HAL_PCD_EP_Open
                0x0800479a       0x48 Drivers/STM32F1xx_HAL_Driver/Src/stm32f1xx_hal_pcd.o
                0x0800479a                HAL_PCD_EP_Open
 .text.HAL_PCD_EP_Close
                0x080047e2       0x44 Drivers/STM32F1xx_HAL_Driver/Src/stm32f1xx_hal_pcd.o
                0x080047e2                HAL_PCD_EP_Close
 .text.HAL_PCD_EP_Receive
                0x08004826       0x48 Drivers/STM32F1xx_HAL_Driver/Src/stm32f1xx_hal_pcd.o
                0x08004826                HAL_PCD_EP_Receive
 .text.HAL_PCD_EP_GetRxCount
                0x0800486e        0xe Drivers/STM32F1xx_HAL_Driver/Src/stm32f1xx_hal_pcd.o
                0x0800486e                HAL_PCD_EP_GetRxCount
 .text.HAL_PCD_EP_Transmit
                0x0800487c       0x40 Drivers/STM32F1xx_HAL_Driver/Src/stm32f1xx_hal_pcd.o
                0x0800487c                HAL_PCD_EP_Transmit
 .text.HAL_PCD_IRQHandler
                0x080048bc      0x4d0 Drivers/STM32F1xx_HAL_Driver/Src/stm32f1xx_hal_pcd.o
                0x080048bc                HAL_PCD_IRQHandler
 .text.HAL_PCD_EP_SetStall
                0x08004d8c       0x54 Drivers/STM32F1xx_HAL_Driver/Src/stm32f1xx_hal_pcd.o
                0x08004d8c                HAL_PCD_EP_SetStall
 .text.HAL_PCD_EP_ClrStall
                0x08004de0       0x48 Drivers/STM32F1xx_HAL_Driver/Src/stm32f1xx_hal_pcd.o
                0x08004de0                HAL_PCD_EP_ClrStall
 .text.HAL_PCDEx_PMAConfig
                0x08004e28       0x30 Drivers/STM32F1xx_HAL_Driver/Src/stm32f1xx_hal_pcd_ex.o
                0x08004e28                HAL_PCDEx_PMAConfig
 .text.HAL_PWR_EnableBkUpAccess
                0x08004e58       0x1c Drivers/STM32F1xx_HAL_Driver/Src/stm32f1xx_hal_pwr.o
                0x08004e58                HAL_PWR_EnableBkUpAccess
 .text.HAL_RCC_OscConfig
                0x08004e74      0x4c0 Drivers/STM32F1xx_HAL_Driver/Src/stm32f1xx_hal_rcc.o
                0x08004e74                HAL_RCC_OscConfig
 .text.HAL_RCC_GetSysClockFreq
                0x08005334       0x90 Drivers/STM32F1xx_HAL_Driver/Src/stm32f1xx_hal_rcc.o
                0x08005334                HAL_RCC_GetSysClockFreq
 .text.HAL_RCC_ClockConfig
                0x080053c4      0x164 Drivers/STM32F1xx_HAL_Driver/Src/stm32f1xx_hal_rcc.o
                0x080053c4                HAL_RCC_ClockConfig
 .text.HAL_RCC_GetHCLKFreq
                0x08005528        0xc Drivers/STM32F1xx_HAL_Driver/Src/stm32f1xx_hal_rcc.o
                0x08005528                HAL_RCC_GetHCLKFreq
 .text.HAL_RCC_GetPCLK1Freq
                0x08005534       0x30 Drivers/STM32F1xx_HAL_Driver/Src/stm32f1xx_hal_rcc.o
                0x08005534                HAL_RCC_GetPCLK1Freq
 .text.HAL_RCC_GetPCLK2Freq
                0x08005564       0x30 Drivers/STM32F1xx_HAL_Driver/Src/stm32f1xx_hal_rcc.o
                0x08005564                HAL_RCC_GetPCLK2Freq
 .text.HAL_RCC_GetClockConfig
                0x08005594       0x3c Drivers/STM32F1xx_HAL_Driver/Src/stm32f1xx_hal_rcc.o
                0x08005594                HAL_RCC_GetClockConfig
 .text.HAL_RCCEx_PeriphCLKConfig
                0x080055d0      0x114 Drivers/STM32F1xx_HAL_Driver/Src/stm32f1xx_hal_rcc_ex.o
                0x080055d0                HAL_RCCEx_PeriphCLKConfig
 .text.HAL_RCCEx_GetPeriphCLKFreq
                0x080056e4      0x110 Drivers/STM32F1xx_HAL_Driver/Src/stm32f1xx_hal_rcc_ex.o
                0x080056e4                HAL_RCCEx_GetPeriphCLKFreq
 .text.RTC_ReadTimeCounter
                0x080057f4       0x24 Drivers/STM32F1xx_HAL_Driver/Src/stm32f1xx_hal_rtc.o
 .text.RTC_ReadAlarmCounter
                0x08005818        0xe Drivers/STM32F1xx_HAL_Driver/Src/stm32f1xx_hal_rtc.o
 .text.RTC_ByteToBcd2
                0x08005826       0x16 Drivers/STM32F1xx_HAL_Driver/Src/stm32f1xx_hal_rtc.o
 .text.RTC_Bcd2ToByte
                0x0800583c       0x10 Drivers/STM32F1xx_HAL_Driver/Src/stm32f1xx_hal_rtc.o
 .text.RTC_WeekDayNum
                0x0800584c       0x7c Drivers/STM32F1xx_HAL_Driver/Src/stm32f1xx_hal_rtc.o
 .text.RTC_EnterInitMode
                0x080058c8       0x2e Drivers/STM32F1xx_HAL_Driver/Src/stm32f1xx_hal_rtc.o
 .text.RTC_ExitInitMode
                0x080058f6       0x30 Drivers/STM32F1xx_HAL_Driver/Src/stm32f1xx_hal_rtc.o
 .text.RTC_WriteTimeCounter
                0x08005926       0x28 Drivers/STM32F1xx_HAL_Driver/Src/stm32f1xx_hal_rtc.o
 .text.RTC_WriteAlarmCounter
                0x0800594e       0x28 Drivers/STM32F1xx_HAL_Driver/Src/stm32f1xx_hal_rtc.o
 .text.HAL_RTC_SetTime
                0x08005976       0xa8 Drivers/STM32F1xx_HAL_Driver/Src/stm32f1xx_hal_rtc.o
                0x08005976                HAL_RTC_SetTime
 *fill*         0x08005a1e        0x2 
 .text.HAL_RTC_GetTime
                0x08005a20      0x164 Drivers/STM32F1xx_HAL_Driver/Src/stm32f1xx_hal_rtc.o
                0x08005a20                HAL_RTC_GetTime
 .text.HAL_RTC_SetDate
                0x08005b84       0xb8 Drivers/STM32F1xx_HAL_Driver/Src/stm32f1xx_hal_rtc.o
                0x08005b84                HAL_RTC_SetDate
 .text.HAL_RTC_GetDate
                0x08005c3c       0x56 Drivers/STM32F1xx_HAL_Driver/Src/stm32f1xx_hal_rtc.o
                0x08005c3c                HAL_RTC_GetDate
 .text.HAL_RTC_WaitForSynchro
                0x08005c92       0x36 Drivers/STM32F1xx_HAL_Driver/Src/stm32f1xx_hal_rtc.o
                0x08005c92                HAL_RTC_WaitForSynchro
 .text.HAL_RTC_Init
                0x08005cc8       0xa0 Drivers/STM32F1xx_HAL_Driver/Src/stm32f1xx_hal_rtc.o
                0x08005cc8                HAL_RTC_Init
 .text.HAL_TIM_Base_Start_IT
                0x08005d68       0x16 Drivers/STM32F1xx_HAL_Driver/Src/stm32f1xx_hal_tim.o
                0x08005d68                HAL_TIM_Base_Start_IT
 .text.HAL_TIM_ConfigClockSource
                0x08005d7e      0x174 Drivers/STM32F1xx_HAL_Driver/Src/stm32f1xx_hal_tim.o
                0x08005d7e                HAL_TIM_ConfigClockSource
 .text.HAL_TIM_OC_DelayElapsedCallback
                0x08005ef2        0x2 Drivers/STM32F1xx_HAL_Driver/Src/stm32f1xx_hal_tim.o
                0x08005ef2                HAL_TIM_OC_DelayElapsedCallback
 .text.HAL_TIM_IC_CaptureCallback
                0x08005ef4        0x2 Drivers/STM32F1xx_HAL_Driver/Src/stm32f1xx_hal_tim.o
                0x08005ef4                HAL_TIM_IC_CaptureCallback
 .text.HAL_TIM_PWM_PulseFinishedCallback
                0x08005ef6        0x2 Drivers/STM32F1xx_HAL_Driver/Src/stm32f1xx_hal_tim.o
                0x08005ef6                HAL_TIM_PWM_PulseFinishedCallback
 .text.HAL_TIM_TriggerCallback
                0x08005ef8        0x2 Drivers/STM32F1xx_HAL_Driver/Src/stm32f1xx_hal_tim.o
                0x08005ef8                HAL_TIM_TriggerCallback
 .text.HAL_TIM_IRQHandler
                0x08005efa      0x144 Drivers/STM32F1xx_HAL_Driver/Src/stm32f1xx_hal_tim.o
                0x08005efa                HAL_TIM_IRQHandler
 *fill*         0x0800603e        0x2 
 .text.TIM_Base_SetConfig
                0x08006040       0x68 Drivers/STM32F1xx_HAL_Driver/Src/stm32f1xx_hal_tim.o
                0x08006040                TIM_Base_SetConfig
 .text.HAL_TIM_Base_Init
                0x080060a8       0x34 Drivers/STM32F1xx_HAL_Driver/Src/stm32f1xx_hal_tim.o
                0x080060a8                HAL_TIM_Base_Init
 .text.HAL_TIMEx_MasterConfigSynchronization
                0x080060dc       0x44 Drivers/STM32F1xx_HAL_Driver/Src/stm32f1xx_hal_tim_ex.o
                0x080060dc                HAL_TIMEx_MasterConfigSynchronization
 .text.HAL_TIMEx_CommutationCallback
                0x08006120        0x2 Drivers/STM32F1xx_HAL_Driver/Src/stm32f1xx_hal_tim_ex.o
                0x08006120                HAL_TIMEx_CommutationCallback
 .text.HAL_TIMEx_BreakCallback
                0x08006122        0x2 Drivers/STM32F1xx_HAL_Driver/Src/stm32f1xx_hal_tim_ex.o
                0x08006122                HAL_TIMEx_BreakCallback
 .text.UART_SetConfig
                0x08006124      0x134 Drivers/STM32F1xx_HAL_Driver/Src/stm32f1xx_hal_uart.o
 .text.HAL_UART_Init
                0x08006258       0x58 Drivers/STM32F1xx_HAL_Driver/Src/stm32f1xx_hal_uart.o
                0x08006258                HAL_UART_Init
 .text.HAL_UART_Transmit_DMA
                0x080062b0       0x84 Drivers/STM32F1xx_HAL_Driver/Src/stm32f1xx_hal_uart.o
                0x080062b0                HAL_UART_Transmit_DMA
 .text.HAL_UART_Receive_DMA
                0x08006334       0x7c Drivers/STM32F1xx_HAL_Driver/Src/stm32f1xx_hal_uart.o
                0x08006334                HAL_UART_Receive_DMA
 .text.HAL_UART_DMAPause
                0x080063b0       0x5a Drivers/STM32F1xx_HAL_Driver/Src/stm32f1xx_hal_uart.o
                0x080063b0                HAL_UART_DMAPause
 .text.HAL_UART_DMAResume
                0x0800640a       0x76 Drivers/STM32F1xx_HAL_Driver/Src/stm32f1xx_hal_uart.o
                0x0800640a                HAL_UART_DMAResume
 .text.UART_DMATransmitCplt
                0x08006480       0x2c Drivers/STM32F1xx_HAL_Driver/Src/stm32f1xx_hal_uart.o
 .text.HAL_UART_TxHalfCpltCallback
                0x080064ac        0x2 Drivers/STM32F1xx_HAL_Driver/Src/stm32f1xx_hal_uart.o
                0x080064ac                HAL_UART_TxHalfCpltCallback
 .text.UART_DMATxHalfCplt
                0x080064ae        0xa Drivers/STM32F1xx_HAL_Driver/Src/stm32f1xx_hal_uart.o
 .text.UART_DMAReceiveCplt
                0x080064b8       0x32 Drivers/STM32F1xx_HAL_Driver/Src/stm32f1xx_hal_uart.o
 .text.HAL_UART_RxHalfCpltCallback
                0x080064ea        0x2 Drivers/STM32F1xx_HAL_Driver/Src/stm32f1xx_hal_uart.o
                0x080064ea                HAL_UART_RxHalfCpltCallback
 .text.UART_DMARxHalfCplt
                0x080064ec        0xa Drivers/STM32F1xx_HAL_Driver/Src/stm32f1xx_hal_uart.o
 .text.UART_DMAError
                0x080064f6       0x1e Drivers/STM32F1xx_HAL_Driver/Src/stm32f1xx_hal_uart.o
 .text.HAL_UART_IRQHandler
                0x08006514      0x184 Drivers/STM32F1xx_HAL_Driver/Src/stm32f1xx_hal_uart.o
                0x08006514                HAL_UART_IRQHandler
 .text.USB_CoreInit
                0x08006698        0xe Drivers/STM32F1xx_HAL_Driver/Src/stm32f1xx_ll_usb.o
                0x08006698                USB_CoreInit
 .text.USB_EnableGlobalInt
                0x080066a6       0x12 Drivers/STM32F1xx_HAL_Driver/Src/stm32f1xx_ll_usb.o
                0x080066a6                USB_EnableGlobalInt
 .text.USB_DisableGlobalInt
                0x080066b8       0x14 Drivers/STM32F1xx_HAL_Driver/Src/stm32f1xx_ll_usb.o
                0x080066b8                USB_DisableGlobalInt
 .text.USB_SetCurrentMode
                0x080066cc        0x4 Drivers/STM32F1xx_HAL_Driver/Src/stm32f1xx_ll_usb.o
                0x080066cc                USB_SetCurrentMode
 .text.USB_DevInit
                0x080066d0       0x28 Drivers/STM32F1xx_HAL_Driver/Src/stm32f1xx_ll_usb.o
                0x080066d0                USB_DevInit
 .text.USB_ActivateEndpoint
                0x080066f8      0x2e4 Drivers/STM32F1xx_HAL_Driver/Src/stm32f1xx_ll_usb.o
                0x080066f8                USB_ActivateEndpoint
 .text.USB_DeactivateEndpoint
                0x080069dc      0x170 Drivers/STM32F1xx_HAL_Driver/Src/stm32f1xx_ll_usb.o
                0x080069dc                USB_DeactivateEndpoint
 .text.USB_EPSetStall
                0x08006b4c       0x62 Drivers/STM32F1xx_HAL_Driver/Src/stm32f1xx_ll_usb.o
                0x08006b4c                USB_EPSetStall
 .text.USB_EPClearStall
                0x08006bae       0x84 Drivers/STM32F1xx_HAL_Driver/Src/stm32f1xx_ll_usb.o
                0x08006bae                USB_EPClearStall
 .text.USB_SetDevAddress
                0x08006c32        0xc Drivers/STM32F1xx_HAL_Driver/Src/stm32f1xx_ll_usb.o
                0x08006c32                USB_SetDevAddress
 .text.USB_DevConnect
                0x08006c3e        0x4 Drivers/STM32F1xx_HAL_Driver/Src/stm32f1xx_ll_usb.o
                0x08006c3e                USB_DevConnect
 .text.USB_DevDisconnect
                0x08006c42        0x4 Drivers/STM32F1xx_HAL_Driver/Src/stm32f1xx_ll_usb.o
                0x08006c42                USB_DevDisconnect
 .text.USB_ReadInterrupts
                0x08006c46        0x8 Drivers/STM32F1xx_HAL_Driver/Src/stm32f1xx_ll_usb.o
                0x08006c46                USB_ReadInterrupts
 .text.USB_EP0_OutStart
                0x08006c4e        0x4 Drivers/STM32F1xx_HAL_Driver/Src/stm32f1xx_ll_usb.o
                0x08006c4e                USB_EP0_OutStart
 .text.USB_WritePMA
                0x08006c52       0x22 Drivers/STM32F1xx_HAL_Driver/Src/stm32f1xx_ll_usb.o
                0x08006c52                USB_WritePMA
 .text.USB_EPStartXfer
                0x08006c74      0x1a0 Drivers/STM32F1xx_HAL_Driver/Src/stm32f1xx_ll_usb.o
                0x08006c74                USB_EPStartXfer
 .text.USB_ReadPMA
                0x08006e14       0x22 Drivers/STM32F1xx_HAL_Driver/Src/stm32f1xx_ll_usb.o
                0x08006e14                USB_ReadPMA
 *fill*         0x08006e36        0x2 
 .text.Reset_Handler
                0x08006e38       0x48 Drivers/CMSIS/Device/ST/STM32F1xx/Source/Templates/gcc/startup_stm32f103xb.o
                0x08006e38                Reset_Handler
 .text.Default_Handler
                0x08006e80        0x2 Drivers/CMSIS/Device/ST/STM32F1xx/Source/Templates/gcc/startup_stm32f103xb.o
                0x08006e80                RTC_Alarm_IRQHandler
                0x08006e80                EXTI2_IRQHandler
                0x08006e80                TIM1_CC_IRQHandler
                0x08006e80                PVD_IRQHandler
                0x08006e80                EXTI3_IRQHandler
                0x08006e80                EXTI0_IRQHandler
                0x08006e80                I2C2_EV_IRQHandler
                0x08006e80                SPI1_IRQHandler
                0x08006e80                TAMPER_IRQHandler
                0x08006e80                USART3_IRQHandler
                0x08006e80                RTC_IRQHandler
                0x08006e80                DMA1_Channel7_IRQHandler
                0x08006e80                CAN1_RX1_IRQHandler
                0x08006e80                I2C1_EV_IRQHandler
                0x08006e80                DMA1_Channel6_IRQHandler
                0x08006e80                RCC_IRQHandler
                0x08006e80                TIM1_TRG_COM_IRQHandler
                0x08006e80                DMA1_Channel1_IRQHandler
                0x08006e80                Default_Handler
                0x08006e80                EXTI15_10_IRQHandler
                0x08006e80                EXTI9_5_IRQHandler
                0x08006e80                SPI2_IRQHandler
                0x08006e80                EXTI4_IRQHandler
                0x08006e80                USB_HP_CAN1_TX_IRQHandler
                0x08006e80                DMA1_Channel3_IRQHandler
                0x08006e80                WWDG_IRQHandler
                0x08006e80                TIM1_BRK_IRQHandler
                0x08006e80                EXTI1_IRQHandler
                0x08006e80                USART2_IRQHandler
                0x08006e80                I2C2_ER_IRQHandler
                0x08006e80                DMA1_Channel2_IRQHandler
                0x08006e80                CAN1_SCE_IRQHandler
                0x08006e80                FLASH_IRQHandler
                0x08006e80                I2C1_ER_IRQHandler
                0x08006e80                USBWakeUp_IRQHandler
 .text.atoi     0x08006e82        0x8 c:/ac6/systemworkbench/plugins/fr.ac6.mcu.externaltools.arm-none.win32_1.7.0.201602121829/tools/compiler/bin/../lib/gcc/arm-none-eabi/5.2.1/../../../../arm-none-eabi/lib/armv7-m\libc_nano.a(lib_a-atoi.o)
                0x08006e82                atoi
 *fill*         0x08006e8a        0x2 
 .text.__libc_init_array
                0x08006e8c       0x4c c:/ac6/systemworkbench/plugins/fr.ac6.mcu.externaltools.arm-none.win32_1.7.0.201602121829/tools/compiler/bin/../lib/gcc/arm-none-eabi/5.2.1/../../../../arm-none-eabi/lib/armv7-m\libc_nano.a(lib_a-init.o)
                0x08006e8c                __libc_init_array
 .text.__itoa   0x08006ed8       0x2e c:/ac6/systemworkbench/plugins/fr.ac6.mcu.externaltools.arm-none.win32_1.7.0.201602121829/tools/compiler/bin/../lib/gcc/arm-none-eabi/5.2.1/../../../../arm-none-eabi/lib/armv7-m\libc_nano.a(lib_a-itoa.o)
                0x08006ed8                __itoa
 .text.itoa     0x08006f06        0x4 c:/ac6/systemworkbench/plugins/fr.ac6.mcu.externaltools.arm-none.win32_1.7.0.201602121829/tools/compiler/bin/../lib/gcc/arm-none-eabi/5.2.1/../../../../arm-none-eabi/lib/armv7-m\libc_nano.a(lib_a-itoa.o)
                0x08006f06                itoa
 .text.memcpy   0x08006f0a       0x16 c:/ac6/systemworkbench/plugins/fr.ac6.mcu.externaltools.arm-none.win32_1.7.0.201602121829/tools/compiler/bin/../lib/gcc/arm-none-eabi/5.2.1/../../../../arm-none-eabi/lib/armv7-m\libc_nano.a(lib_a-memcpy-stub.o)
                0x08006f0a                memcpy
 .text.memset   0x08006f20       0x10 c:/ac6/systemworkbench/plugins/fr.ac6.mcu.externaltools.arm-none.win32_1.7.0.201602121829/tools/compiler/bin/../lib/gcc/arm-none-eabi/5.2.1/../../../../arm-none-eabi/lib/armv7-m\libc_nano.a(lib_a-memset.o)
                0x08006f20                memset
 .text.strcat   0x08006f30       0x1e c:/ac6/systemworkbench/plugins/fr.ac6.mcu.externaltools.arm-none.win32_1.7.0.201602121829/tools/compiler/bin/../lib/gcc/arm-none-eabi/5.2.1/../../../../arm-none-eabi/lib/armv7-m\libc_nano.a(lib_a-strcat.o)
                0x08006f30                strcat
 .text.strcpy   0x08006f4e       0x10 c:/ac6/systemworkbench/plugins/fr.ac6.mcu.externaltools.arm-none.win32_1.7.0.201602121829/tools/compiler/bin/../lib/gcc/arm-none-eabi/5.2.1/../../../../arm-none-eabi/lib/armv7-m\libc_nano.a(lib_a-strcpy.o)
                0x08006f4e                strcpy
 *fill*         0x08006f5e        0x2 
 .text._strtol_r
                0x08006f60      0x10c c:/ac6/systemworkbench/plugins/fr.ac6.mcu.externaltools.arm-none.win32_1.7.0.201602121829/tools/compiler/bin/../lib/gcc/arm-none-eabi/5.2.1/../../../../arm-none-eabi/lib/armv7-m\libc_nano.a(lib_a-strtol.o)
                0x08006f60                _strtol_r
 .text.strtol   0x0800706c       0x14 c:/ac6/systemworkbench/plugins/fr.ac6.mcu.externaltools.arm-none.win32_1.7.0.201602121829/tools/compiler/bin/../lib/gcc/arm-none-eabi/5.2.1/../../../../arm-none-eabi/lib/armv7-m\libc_nano.a(lib_a-strtol.o)
                0x0800706c                strtol
 .text.__utoa   0x08007080       0x78 c:/ac6/systemworkbench/plugins/fr.ac6.mcu.externaltools.arm-none.win32_1.7.0.201602121829/tools/compiler/bin/../lib/gcc/arm-none-eabi/5.2.1/../../../../arm-none-eabi/lib/armv7-m\libc_nano.a(lib_a-utoa.o)
                0x08007080                __utoa
 *(.glue_7)
 .glue_7        0x080070f8        0x0 linker stubs
 *(.glue_7t)
 .glue_7t       0x080070f8        0x0 linker stubs
 *(.eh_frame)
 .eh_frame      0x080070f8        0x0 c:/ac6/systemworkbench/plugins/fr.ac6.mcu.externaltools.arm-none.win32_1.7.0.201602121829/tools/compiler/bin/../lib/gcc/arm-none-eabi/5.2.1/armv7-m/crtbegin.o
 *(.init)
 .init          0x080070f8        0x4 c:/ac6/systemworkbench/plugins/fr.ac6.mcu.externaltools.arm-none.win32_1.7.0.201602121829/tools/compiler/bin/../lib/gcc/arm-none-eabi/5.2.1/armv7-m/crti.o
                0x080070f8                _init
 .init          0x080070fc        0x8 c:/ac6/systemworkbench/plugins/fr.ac6.mcu.externaltools.arm-none.win32_1.7.0.201602121829/tools/compiler/bin/../lib/gcc/arm-none-eabi/5.2.1/armv7-m/crtn.o
 *(.fini)
 .fini          0x08007104        0x4 c:/ac6/systemworkbench/plugins/fr.ac6.mcu.externaltools.arm-none.win32_1.7.0.201602121829/tools/compiler/bin/../lib/gcc/arm-none-eabi/5.2.1/armv7-m/crti.o
                0x08007104                _fini
 .fini          0x08007108        0x8 c:/ac6/systemworkbench/plugins/fr.ac6.mcu.externaltools.arm-none.win32_1.7.0.201602121829/tools/compiler/bin/../lib/gcc/arm-none-eabi/5.2.1/armv7-m/crtn.o
                0x08007110                . = ALIGN (0x4)
                0x08007110                _etext = .

.vfp11_veneer   0x08007110        0x0
 .vfp11_veneer  0x08007110        0x0 linker stubs

.v4_bx          0x08007110        0x0
 .v4_bx         0x08007110        0x0 linker stubs

.iplt           0x08007110        0x0
 .iplt          0x08007110        0x0 c:/ac6/systemworkbench/plugins/fr.ac6.mcu.externaltools.arm-none.win32_1.7.0.201602121829/tools/compiler/bin/../lib/gcc/arm-none-eabi/5.2.1/armv7-m/crtbegin.o

.rodata         0x08007110      0x334
                0x08007110                . = ALIGN (0x4)
 *(.rodata)
 .rodata        0x08007110       0x3c Src/freertos.o
 .rodata        0x0800714c       0x18 Src/system_stm32f1xx.o
                0x0800714c                AHBPrescTable
                0x0800715c                APBPrescTable
 .rodata        0x08007164        0x4 Src/usbd_conf.o
 .rodata        0x08007168       0x1c Src/wyswietlacz7Seg.o
                0x08007168                cyfry
 .rodata        0x08007184       0x12 Drivers/STM32F1xx_HAL_Driver/Src/stm32f1xx_hal_rcc.o
 .rodata        0x08007196       0x12 Drivers/STM32F1xx_HAL_Driver/Src/stm32f1xx_hal_rcc_ex.o
 *(.rodata*)
 .rodata.str1.1
                0x080071a8      0x11e Src/freertos.o
                                0x120 (size before relaxing)
 .rodata.str1.1
                0x080072c6       0x4f Src/usbd_desc.o
 .rodata.str1.1
                0x08007315        0x5 Middlewares/Third_Party/FreeRTOS/Source/tasks.o
 .rodata.str1.1
                0x0800731a        0x2 c:/ac6/systemworkbench/plugins/fr.ac6.mcu.externaltools.arm-none.win32_1.7.0.201602121829/tools/compiler/bin/../lib/gcc/arm-none-eabi/5.2.1/../../../../arm-none-eabi/lib/armv7-m\libc_nano.a(lib_a-impure.o)
 .rodata.str1.1
                0x0800731c       0x25 c:/ac6/systemworkbench/plugins/fr.ac6.mcu.externaltools.arm-none.win32_1.7.0.201602121829/tools/compiler/bin/../lib/gcc/arm-none-eabi/5.2.1/../../../../arm-none-eabi/lib/armv7-m\libc_nano.a(lib_a-utoa.o)
 .rodata._ctype_
                0x08007341      0x101 c:/ac6/systemworkbench/plugins/fr.ac6.mcu.externaltools.arm-none.win32_1.7.0.201602121829/tools/compiler/bin/../lib/gcc/arm-none-eabi/5.2.1/../../../../arm-none-eabi/lib/armv7-m\libc_nano.a(lib_a-ctype_.o)
                0x08007341                _ctype_
                0x08007444                . = ALIGN (0x4)
 *fill*         0x08007442        0x2 

.rel.dyn        0x08007444        0x0
 .rel.iplt      0x08007444        0x0 c:/ac6/systemworkbench/plugins/fr.ac6.mcu.externaltools.arm-none.win32_1.7.0.201602121829/tools/compiler/bin/../lib/gcc/arm-none-eabi/5.2.1/armv7-m/crtbegin.o

.ARM.extab
 *(.ARM.extab* .gnu.linkonce.armextab.*)

.ARM            0x08007444        0x0
                0x08007444                __exidx_start = .
 *(.ARM.exidx*)
                0x08007444                __exidx_end = .

.preinit_array  0x08007444        0x0
                0x08007444                PROVIDE (__preinit_array_start, .)
 *(.preinit_array*)
                0x08007444                PROVIDE (__preinit_array_end, .)

.init_array     0x08007444        0x4
                0x08007444                PROVIDE (__init_array_start, .)
 *(SORT(.init_array.*))
 *(.init_array*)
 .init_array    0x08007444        0x4 c:/ac6/systemworkbench/plugins/fr.ac6.mcu.externaltools.arm-none.win32_1.7.0.201602121829/tools/compiler/bin/../lib/gcc/arm-none-eabi/5.2.1/armv7-m/crtbegin.o
                0x08007448                PROVIDE (__init_array_end, .)

.fini_array     0x08007448        0x4
                [!provide]                PROVIDE (__fini_array_start, .)
 *(SORT(.fini_array.*))
 *(.fini_array*)
 .fini_array    0x08007448        0x4 c:/ac6/systemworkbench/plugins/fr.ac6.mcu.externaltools.arm-none.win32_1.7.0.201602121829/tools/compiler/bin/../lib/gcc/arm-none-eabi/5.2.1/armv7-m/crtbegin.o
                [!provide]                PROVIDE (__fini_array_end, .)
                0x0800744c                _sidata = LOADADDR (.data)

.data           0x20000000      0x1d4 load address 0x0800744c
                0x20000000                . = ALIGN (0x4)
                0x20000000                _sdata = .
 *(.data)
 .data          0x20000000        0xc Src/freertos.o
                0x20000000                ADCpoziom
 .data          0x2000000c        0x4 Src/system_stm32f1xx.o
                0x2000000c                SystemCoreClock
 .data          0x20000010       0x10 Src/usbd_cdc_if.o
                0x20000010                USBD_Interface_fops_FS
 .data          0x20000020       0x34 Src/usbd_desc.o
                0x20000020                USBD_FS_DeviceDesc
                0x20000034                USBD_LangIDDesc
                0x20000038                FS_Desc
 .data          0x20000054        0x3 Src/wyswietlacz7Seg.o
                0x20000054                wyswietlaczIdx
                0x20000055                idxMain
                0x20000056                idxWgrac
 *fill*         0x20000057        0x1 
 .data          0x20000058        0x4 Middlewares/Third_Party/FreeRTOS/Source/portable/GCC/ARM_CM3/port.o
 .data          0x2000005c      0x110 Middlewares/ST/STM32_USB_Device_Library/Class/CDC/Src/usbd_cdc.o
                0x2000005c                USBD_CDC_CfgFSDesc
                0x200000a0                USBD_CDC_CfgHSDesc
                0x200000e4                USBD_CDC_OtherSpeedCfgDesc
                0x20000134                USBD_CDC
 *(.data*)
 .data.impure_data
                0x2000016c       0x60 c:/ac6/systemworkbench/plugins/fr.ac6.mcu.externaltools.arm-none.win32_1.7.0.201602121829/tools/compiler/bin/../lib/gcc/arm-none-eabi/5.2.1/../../../../arm-none-eabi/lib/armv7-m\libc_nano.a(lib_a-impure.o)
 .data._impure_ptr
                0x200001cc        0x4 c:/ac6/systemworkbench/plugins/fr.ac6.mcu.externaltools.arm-none.win32_1.7.0.201602121829/tools/compiler/bin/../lib/gcc/arm-none-eabi/5.2.1/../../../../arm-none-eabi/lib/armv7-m\libc_nano.a(lib_a-impure.o)
                0x200001cc                _impure_ptr
 .data.__ctype_ptr__
                0x200001d0        0x4 c:/ac6/systemworkbench/plugins/fr.ac6.mcu.externaltools.arm-none.win32_1.7.0.201602121829/tools/compiler/bin/../lib/gcc/arm-none-eabi/5.2.1/../../../../arm-none-eabi/lib/armv7-m\libc_nano.a(lib_a-ctype_.o)
                0x200001d0                __ctype_ptr__
                0x200001d4                . = ALIGN (0x4)
                0x200001d4                _edata = .

.jcr            0x200001d4        0x0 load address 0x08007620
 .jcr           0x200001d4        0x0 c:/ac6/systemworkbench/plugins/fr.ac6.mcu.externaltools.arm-none.win32_1.7.0.201602121829/tools/compiler/bin/../lib/gcc/arm-none-eabi/5.2.1/armv7-m/crtbegin.o

.tm_clone_table
                0x200001d4        0x0 load address 0x08007620
 .tm_clone_table
                0x200001d4        0x0 c:/ac6/systemworkbench/plugins/fr.ac6.mcu.externaltools.arm-none.win32_1.7.0.201602121829/tools/compiler/bin/../lib/gcc/arm-none-eabi/5.2.1/armv7-m/crtbegin.o
 .tm_clone_table
                0x200001d4        0x0 c:/ac6/systemworkbench/plugins/fr.ac6.mcu.externaltools.arm-none.win32_1.7.0.201602121829/tools/compiler/bin/../lib/gcc/arm-none-eabi/5.2.1/armv7-m/crtend.o

.igot.plt       0x200001d4        0x0 load address 0x08007620
 .igot.plt      0x200001d4        0x0 c:/ac6/systemworkbench/plugins/fr.ac6.mcu.externaltools.arm-none.win32_1.7.0.201602121829/tools/compiler/bin/../lib/gcc/arm-none-eabi/5.2.1/armv7-m/crtbegin.o
                0x200001d4                . = ALIGN (0x4)

.bss            0x200001d4     0x1d7c load address 0x08007620
                0x200001d4                _sbss = .
                0x200001d4                __bss_start__ = _sbss
 *(.bss)
 .bss           0x200001d4       0x1c c:/ac6/systemworkbench/plugins/fr.ac6.mcu.externaltools.arm-none.win32_1.7.0.201602121829/tools/compiler/bin/../lib/gcc/arm-none-eabi/5.2.1/armv7-m/crtbegin.o
 .bss           0x200001f0       0x32 Src/freertos.o
                0x200001f0                txDone
                0x200001f4                sciemniacz
 *fill*         0x20000222        0x2 
 .bss           0x20000224      0x220 Src/usbd_conf.o
 .bss           0x20000444        0x1 Src/wyswietlacz7Seg.o
                0x20000444                idxDodac
 *fill*         0x20000445        0x3 
 .bss           0x20000448      0x128 Middlewares/Third_Party/FreeRTOS/Source/tasks.o
                0x20000478                pxCurrentTCB
 .bss           0x20000570      0xc18 Middlewares/Third_Party/FreeRTOS/Source/portable/MemMang/heap_4.o
 .bss           0x20001188        0x8 Middlewares/Third_Party/FreeRTOS/Source/portable/GCC/ARM_CM3/port.o
 .bss           0x20001190        0x1 Middlewares/ST/STM32_USB_Device_Library/Core/Src/usbd_ctlreq.o
 .bss           0x20001191        0x1 Middlewares/ST/STM32_USB_Device_Library/Class/CDC/Src/usbd_cdc.o
 *fill*         0x20001192        0x2 
 .bss           0x20001194        0x4 Drivers/STM32F1xx_HAL_Driver/Src/stm32f1xx_hal.o
 *(.bss*)
 *(COMMON)
 COMMON         0x20001198       0x30 Src/adc.o
                0x20001198                hadc1
 COMMON         0x200011c8      0x36a Src/freertos.o
                0x200011c8                cyfra_4
                0x200011c9                kropka_9
                0x200011ca                blueTxFrame
                0x200012ca                maskaSeg
                0x200012cc                defaultTaskHandle
                0x200012d0                getDate
                0x200012d4                godziny
                0x200012d5                kropka_6
                0x200012d6                flagaKoncaRxt
                0x200012d7                Rx_indx
                0x200012d8                kropka_5
                0x200012d9                temp2
                0x200012da                sekundy
                0x200012db                cyfra_10
                0x200012dc                blueBinarySemHandle
                0x200012e0                cyfra_2
                0x200012e1                cyfra_8
                0x200012e2                Rx_data
                0x200013e2                cyfra_9
                0x200013e3                cyfra_6
                0x200013e4                kropka_8
                0x200013e5                kropka_12
                0x200013e6                setDate
                0x200013ea                setTime
                0x200013ed                temp1
                0x200013ee                cyfra_12
                0x200013ef                kropka_11
                0x200013f0                kropka_1
                0x200013f2                DS_tmp
                0x200013f4                maskaAnod
                0x200013f8                blueTaskHandle
                0x200013fc                kropka_2
                0x200013fd                blueRxFrame
                0x200014fd                cyfra_5
                0x200014fe                cyfra_3
                0x200014ff                getTime
                0x20001504                ADCread
                0x20001508                taskLed7SegHandle
                0x2000150c                kropka_10
                0x2000150d                rtcTimer1Sec
                0x2000150e                kropka_4
                0x2000150f                temperaturaDs
                0x20001512                kropka_7
                0x20001513                czujniki_cnt
                0x20001514                cyfra_11
                0x20001515                gSensorIDs
                0x20001525                kropka_3
                0x20001526                cyfra_1
                0x20001527                minuty
                0x20001528                dsBuff
                0x20001531                cyfra_7
 *fill*         0x20001532        0x2 
 COMMON         0x20001534       0x1c Src/main.o
                0x20001534                flagaDelay
                0x20001538                wyswietlaCyfrySet
 COMMON         0x20001550       0x14 Src/rtc.o
                0x20001550                hrtc
 COMMON         0x20001564       0x3c Src/stm32f1xx_hal_timebase_TIM.o
                0x20001564                htim1
 COMMON         0x200015a0       0xb4 Src/tim.o
                0x200015a0                htim4
                0x200015dc                htim3
                0x20001618                htim2
 COMMON         0x20001654       0xb0 Src/usart.o
                0x20001654                hdma_usart1_tx
                0x2000168c                hdma_usart1_rx
                0x200016c4                huart1
 COMMON         0x20001704      0x224 Src/usb_device.o
                0x20001704                hUsbDeviceFS
 COMMON         0x20001928        0x8 Src/usbd_cdc_if.o
                0x20001928                UserRxBufferFS
                0x2000192c                UserTxBufferFS
 COMMON         0x20001930      0x420 Src/usbd_conf.o
                0x20001930                hpcd_USB_FS
 COMMON         0x20001d50      0x200 Src/usbd_desc.o
                0x20001d50                USBD_StrDesc
                0x20001f50                . = ALIGN (0x4)
                0x20001f50                _ebss = .
                0x20001f50                __bss_end__ = _ebss

._user_heap_stack
                0x20001f50      0x600 load address 0x08007620
                0x20001f50                . = ALIGN (0x8)
                [!provide]                PROVIDE (end, .)
                [!provide]                PROVIDE (_end, .)
                0x20002150                . = (. + _Min_Heap_Size)
 *fill*         0x20001f50      0x200 
                0x20002550                . = (. + _Min_Stack_Size)
 *fill*         0x20002150      0x400 
                0x20002550                . = ALIGN (0x8)

/DISCARD/
 libc.a(*)
 libm.a(*)
 libgcc.a(*)

.ARM.attributes
                0x00000000       0x29
 *(.ARM.attributes)
 .ARM.attributes
                0x00000000       0x1d c:/ac6/systemworkbench/plugins/fr.ac6.mcu.externaltools.arm-none.win32_1.7.0.201602121829/tools/compiler/bin/../lib/gcc/arm-none-eabi/5.2.1/armv7-m/crti.o
 .ARM.attributes
                0x0000001d       0x2d c:/ac6/systemworkbench/plugins/fr.ac6.mcu.externaltools.arm-none.win32_1.7.0.201602121829/tools/compiler/bin/../lib/gcc/arm-none-eabi/5.2.1/armv7-m/crtbegin.o
 .ARM.attributes
                0x0000004a       0x33 Src/adc.o
 .ARM.attributes
                0x0000007d       0x33 Src/dma.o
 .ARM.attributes
                0x000000b0       0x33 Src/freertos.o
 .ARM.attributes
                0x000000e3       0x33 Src/gpio.o
 .ARM.attributes
                0x00000116       0x33 Src/main.o
 .ARM.attributes
                0x00000149       0x33 Src/oneWire.o
 .ARM.attributes
                0x0000017c       0x33 Src/rtc.o
 .ARM.attributes
                0x000001af       0x33 Src/stm32f1xx_hal_msp.o
 .ARM.attributes
                0x000001e2       0x33 Src/stm32f1xx_hal_timebase_TIM.o
 .ARM.attributes
                0x00000215       0x33 Src/stm32f1xx_it.o
 .ARM.attributes
                0x00000248       0x33 Src/system_stm32f1xx.o
 .ARM.attributes
                0x0000027b       0x33 Src/tim.o
 .ARM.attributes
                0x000002ae       0x33 Src/usart.o
 .ARM.attributes
                0x000002e1       0x33 Src/usb_device.o
 .ARM.attributes
                0x00000314       0x33 Src/usbd_cdc_if.o
 .ARM.attributes
                0x00000347       0x33 Src/usbd_conf.o
 .ARM.attributes
                0x0000037a       0x33 Src/usbd_desc.o
 .ARM.attributes
                0x000003ad       0x33 Src/wyswietlacz7Seg.o
 .ARM.attributes
                0x000003e0       0x33 Middlewares/Third_Party/FreeRTOS/Source/list.o
 .ARM.attributes
                0x00000413       0x33 Middlewares/Third_Party/FreeRTOS/Source/queue.o
 .ARM.attributes
                0x00000446       0x33 Middlewares/Third_Party/FreeRTOS/Source/tasks.o
 .ARM.attributes
                0x00000479       0x33 Middlewares/Third_Party/FreeRTOS/Source/portable/MemMang/heap_4.o
 .ARM.attributes
                0x000004ac       0x33 Middlewares/Third_Party/FreeRTOS/Source/portable/GCC/ARM_CM3/port.o
 .ARM.attributes
                0x000004df       0x33 Middlewares/Third_Party/FreeRTOS/Source/CMSIS_RTOS/cmsis_os.o
 .ARM.attributes
                0x00000512       0x33 Middlewares/ST/STM32_USB_Device_Library/Core/Src/usbd_core.o
 .ARM.attributes
                0x00000545       0x33 Middlewares/ST/STM32_USB_Device_Library/Core/Src/usbd_ctlreq.o
 .ARM.attributes
                0x00000578       0x33 Middlewares/ST/STM32_USB_Device_Library/Core/Src/usbd_ioreq.o
 .ARM.attributes
                0x000005ab       0x33 Middlewares/ST/STM32_USB_Device_Library/Class/CDC/Src/usbd_cdc.o
 .ARM.attributes
                0x000005de       0x33 Drivers/STM32F1xx_HAL_Driver/Src/stm32f1xx_hal.o
 .ARM.attributes
                0x00000611       0x33 Drivers/STM32F1xx_HAL_Driver/Src/stm32f1xx_hal_adc.o
 .ARM.attributes
                0x00000644       0x33 Drivers/STM32F1xx_HAL_Driver/Src/stm32f1xx_hal_adc_ex.o
 .ARM.attributes
                0x00000677       0x33 Drivers/STM32F1xx_HAL_Driver/Src/stm32f1xx_hal_cortex.o
 .ARM.attributes
                0x000006aa       0x33 Drivers/STM32F1xx_HAL_Driver/Src/stm32f1xx_hal_dma.o
 .ARM.attributes
                0x000006dd       0x33 Drivers/STM32F1xx_HAL_Driver/Src/stm32f1xx_hal_gpio.o
 .ARM.attributes
                0x00000710       0x33 Drivers/STM32F1xx_HAL_Driver/Src/stm32f1xx_hal_pcd.o
 .ARM.attributes
                0x00000743       0x33 Drivers/STM32F1xx_HAL_Driver/Src/stm32f1xx_hal_pcd_ex.o
 .ARM.attributes
                0x00000776       0x33 Drivers/STM32F1xx_HAL_Driver/Src/stm32f1xx_hal_pwr.o
 .ARM.attributes
                0x000007a9       0x33 Drivers/STM32F1xx_HAL_Driver/Src/stm32f1xx_hal_rcc.o
 .ARM.attributes
                0x000007dc       0x33 Drivers/STM32F1xx_HAL_Driver/Src/stm32f1xx_hal_rcc_ex.o
 .ARM.attributes
                0x0000080f       0x33 Drivers/STM32F1xx_HAL_Driver/Src/stm32f1xx_hal_rtc.o
 .ARM.attributes
                0x00000842       0x33 Drivers/STM32F1xx_HAL_Driver/Src/stm32f1xx_hal_tim.o
 .ARM.attributes
                0x00000875       0x33 Drivers/STM32F1xx_HAL_Driver/Src/stm32f1xx_hal_tim_ex.o
 .ARM.attributes
                0x000008a8       0x33 Drivers/STM32F1xx_HAL_Driver/Src/stm32f1xx_hal_uart.o
 .ARM.attributes
                0x000008db       0x33 Drivers/STM32F1xx_HAL_Driver/Src/stm32f1xx_ll_usb.o
 .ARM.attributes
                0x0000090e       0x21 Drivers/CMSIS/Device/ST/STM32F1xx/Source/Templates/gcc/startup_stm32f103xb.o
 .ARM.attributes
                0x0000092f       0x2d c:/ac6/systemworkbench/plugins/fr.ac6.mcu.externaltools.arm-none.win32_1.7.0.201602121829/tools/compiler/bin/../lib/gcc/arm-none-eabi/5.2.1/../../../../arm-none-eabi/lib/armv7-m\libc_nano.a(lib_a-atoi.o)
 .ARM.attributes
                0x0000095c       0x2d c:/ac6/systemworkbench/plugins/fr.ac6.mcu.externaltools.arm-none.win32_1.7.0.201602121829/tools/compiler/bin/../lib/gcc/arm-none-eabi/5.2.1/../../../../arm-none-eabi/lib/armv7-m\libc_nano.a(lib_a-impure.o)
 .ARM.attributes
                0x00000989       0x2d c:/ac6/systemworkbench/plugins/fr.ac6.mcu.externaltools.arm-none.win32_1.7.0.201602121829/tools/compiler/bin/../lib/gcc/arm-none-eabi/5.2.1/../../../../arm-none-eabi/lib/armv7-m\libc_nano.a(lib_a-init.o)
 .ARM.attributes
                0x000009b6       0x2d c:/ac6/systemworkbench/plugins/fr.ac6.mcu.externaltools.arm-none.win32_1.7.0.201602121829/tools/compiler/bin/../lib/gcc/arm-none-eabi/5.2.1/../../../../arm-none-eabi/lib/armv7-m\libc_nano.a(lib_a-itoa.o)
 .ARM.attributes
                0x000009e3       0x2d c:/ac6/systemworkbench/plugins/fr.ac6.mcu.externaltools.arm-none.win32_1.7.0.201602121829/tools/compiler/bin/../lib/gcc/arm-none-eabi/5.2.1/../../../../arm-none-eabi/lib/armv7-m\libc_nano.a(lib_a-memcpy-stub.o)
 .ARM.attributes
                0x00000a10       0x2d c:/ac6/systemworkbench/plugins/fr.ac6.mcu.externaltools.arm-none.win32_1.7.0.201602121829/tools/compiler/bin/../lib/gcc/arm-none-eabi/5.2.1/../../../../arm-none-eabi/lib/armv7-m\libc_nano.a(lib_a-memset.o)
 .ARM.attributes
                0x00000a3d       0x2d c:/ac6/systemworkbench/plugins/fr.ac6.mcu.externaltools.arm-none.win32_1.7.0.201602121829/tools/compiler/bin/../lib/gcc/arm-none-eabi/5.2.1/../../../../arm-none-eabi/lib/armv7-m\libc_nano.a(lib_a-strcat.o)
 .ARM.attributes
                0x00000a6a       0x2d c:/ac6/systemworkbench/plugins/fr.ac6.mcu.externaltools.arm-none.win32_1.7.0.201602121829/tools/compiler/bin/../lib/gcc/arm-none-eabi/5.2.1/../../../../arm-none-eabi/lib/armv7-m\libc_nano.a(lib_a-strcpy.o)
 .ARM.attributes
                0x00000a97       0x17 c:/ac6/systemworkbench/plugins/fr.ac6.mcu.externaltools.arm-none.win32_1.7.0.201602121829/tools/compiler/bin/../lib/gcc/arm-none-eabi/5.2.1/../../../../arm-none-eabi/lib/armv7-m\libc_nano.a(lib_a-strlen.o)
 .ARM.attributes
                0x00000aae       0x2d c:/ac6/systemworkbench/plugins/fr.ac6.mcu.externaltools.arm-none.win32_1.7.0.201602121829/tools/compiler/bin/../lib/gcc/arm-none-eabi/5.2.1/../../../../arm-none-eabi/lib/armv7-m\libc_nano.a(lib_a-strtol.o)
 .ARM.attributes
                0x00000adb       0x2d c:/ac6/systemworkbench/plugins/fr.ac6.mcu.externaltools.arm-none.win32_1.7.0.201602121829/tools/compiler/bin/../lib/gcc/arm-none-eabi/5.2.1/../../../../arm-none-eabi/lib/armv7-m\libc_nano.a(lib_a-utoa.o)
 .ARM.attributes
                0x00000b08       0x2d c:/ac6/systemworkbench/plugins/fr.ac6.mcu.externaltools.arm-none.win32_1.7.0.201602121829/tools/compiler/bin/../lib/gcc/arm-none-eabi/5.2.1/../../../../arm-none-eabi/lib/armv7-m\libc_nano.a(lib_a-ctype_.o)
 .ARM.attributes
                0x00000b35       0x2d c:/ac6/systemworkbench/plugins/fr.ac6.mcu.externaltools.arm-none.win32_1.7.0.201602121829/tools/compiler/bin/../lib/gcc/arm-none-eabi/5.2.1/armv7-m/crtend.o
 .ARM.attributes
                0x00000b62       0x1d c:/ac6/systemworkbench/plugins/fr.ac6.mcu.externaltools.arm-none.win32_1.7.0.201602121829/tools/compiler/bin/../lib/gcc/arm-none-eabi/5.2.1/armv7-m/crtn.o
OUTPUT(zegarStm.elf elf32-littlearm)

.debug_info     0x00000000    0x21d18
 .debug_info    0x00000000      0x930 Src/adc.o
 .debug_info    0x00000930      0x345 Src/dma.o
 .debug_info    0x00000c75     0x2232 Src/freertos.o
 .debug_info    0x00002ea7      0x3bc Src/gpio.o
 .debug_info    0x00003263      0xd45 Src/main.o
 .debug_info    0x00003fa8      0xd7b Src/oneWire.o
 .debug_info    0x00004d23      0x58c Src/rtc.o
 .debug_info    0x000052af      0x436 Src/stm32f1xx_hal_msp.o
 .debug_info    0x000056e5      0x8c7 Src/stm32f1xx_hal_timebase_TIM.o
 .debug_info    0x00005fac      0xebc Src/stm32f1xx_it.o
 .debug_info    0x00006e68      0x3d1 Src/system_stm32f1xx.o
 .debug_info    0x00007239      0xab7 Src/tim.o
 .debug_info    0x00007cf0      0x987 Src/usart.o
 .debug_info    0x00008677      0x619 Src/usb_device.o
 .debug_info    0x00008c90      0x81d Src/usbd_cdc_if.o
 .debug_info    0x000094ad     0x17cd Src/usbd_conf.o
 .debug_info    0x0000ac7a      0x4f2 Src/usbd_desc.o
 .debug_info    0x0000b16c      0x81d Src/wyswietlacz7Seg.o
 .debug_info    0x0000b989      0x2a5 Middlewares/Third_Party/FreeRTOS/Source/list.o
 .debug_info    0x0000bc2e     0x12c5 Middlewares/Third_Party/FreeRTOS/Source/queue.o
 .debug_info    0x0000cef3     0x22ce Middlewares/Third_Party/FreeRTOS/Source/tasks.o
 .debug_info    0x0000f1c1      0x412 Middlewares/Third_Party/FreeRTOS/Source/portable/MemMang/heap_4.o
 .debug_info    0x0000f5d3      0x3e7 Middlewares/Third_Party/FreeRTOS/Source/portable/GCC/ARM_CM3/port.o
 .debug_info    0x0000f9ba     0x1b0d Middlewares/Third_Party/FreeRTOS/Source/CMSIS_RTOS/cmsis_os.o
 .debug_info    0x000114c7      0xbdd Middlewares/ST/STM32_USB_Device_Library/Core/Src/usbd_core.o
 .debug_info    0x000120a4      0xbcb Middlewares/ST/STM32_USB_Device_Library/Core/Src/usbd_ctlreq.o
 .debug_info    0x00012c6f      0x765 Middlewares/ST/STM32_USB_Device_Library/Core/Src/usbd_ioreq.o
 .debug_info    0x000133d4      0xc84 Middlewares/ST/STM32_USB_Device_Library/Class/CDC/Src/usbd_cdc.o
 .debug_info    0x00014058      0x68a Drivers/STM32F1xx_HAL_Driver/Src/stm32f1xx_hal.o
 .debug_info    0x000146e2      0xf9d Drivers/STM32F1xx_HAL_Driver/Src/stm32f1xx_hal_adc.o
 .debug_info    0x0001567f      0xc4e Drivers/STM32F1xx_HAL_Driver/Src/stm32f1xx_hal_adc_ex.o
 .debug_info    0x000162cd      0xc10 Drivers/STM32F1xx_HAL_Driver/Src/stm32f1xx_hal_cortex.o
 .debug_info    0x00016edd      0x64b Drivers/STM32F1xx_HAL_Driver/Src/stm32f1xx_hal_dma.o
 .debug_info    0x00017528      0x60f Drivers/STM32F1xx_HAL_Driver/Src/stm32f1xx_hal_gpio.o
 .debug_info    0x00017b37      0xfdd Drivers/STM32F1xx_HAL_Driver/Src/stm32f1xx_hal_pcd.o
 .debug_info    0x00018b14      0x5a9 Drivers/STM32F1xx_HAL_Driver/Src/stm32f1xx_hal_pcd_ex.o
 .debug_info    0x000190bd      0x7a0 Drivers/STM32F1xx_HAL_Driver/Src/stm32f1xx_hal_pwr.o
 .debug_info    0x0001985d     0x123f Drivers/STM32F1xx_HAL_Driver/Src/stm32f1xx_hal_rcc.o
 .debug_info    0x0001aa9c      0x576 Drivers/STM32F1xx_HAL_Driver/Src/stm32f1xx_hal_rcc_ex.o
 .debug_info    0x0001b012     0x1212 Drivers/STM32F1xx_HAL_Driver/Src/stm32f1xx_hal_rtc.o
 .debug_info    0x0001c224     0x2e20 Drivers/STM32F1xx_HAL_Driver/Src/stm32f1xx_hal_tim.o
 .debug_info    0x0001f044      0xeb0 Drivers/STM32F1xx_HAL_Driver/Src/stm32f1xx_hal_tim_ex.o
 .debug_info    0x0001fef4     0x1003 Drivers/STM32F1xx_HAL_Driver/Src/stm32f1xx_hal_uart.o
 .debug_info    0x00020ef7      0xd6a Drivers/STM32F1xx_HAL_Driver/Src/stm32f1xx_ll_usb.o
 .debug_info    0x00021c61       0xb7 Drivers/CMSIS/Device/ST/STM32F1xx/Source/Templates/gcc/startup_stm32f103xb.o

.debug_abbrev   0x00000000     0x5ef4
 .debug_abbrev  0x00000000      0x1b6 Src/adc.o
 .debug_abbrev  0x000001b6      0x112 Src/dma.o
 .debug_abbrev  0x000002c8      0x330 Src/freertos.o
 .debug_abbrev  0x000005f8      0x134 Src/gpio.o
 .debug_abbrev  0x0000072c      0x22a Src/main.o
 .debug_abbrev  0x00000956      0x33f Src/oneWire.o
 .debug_abbrev  0x00000c95      0x1d6 Src/rtc.o
 .debug_abbrev  0x00000e6b      0x124 Src/stm32f1xx_hal_msp.o
 .debug_abbrev  0x00000f8f      0x1d2 Src/stm32f1xx_hal_timebase_TIM.o
 .debug_abbrev  0x00001161      0x1d9 Src/stm32f1xx_it.o
 .debug_abbrev  0x0000133a      0x125 Src/system_stm32f1xx.o
 .debug_abbrev  0x0000145f      0x1bd Src/tim.o
 .debug_abbrev  0x0000161c      0x1c4 Src/usart.o
 .debug_abbrev  0x000017e0      0x173 Src/usb_device.o
 .debug_abbrev  0x00001953      0x224 Src/usbd_cdc_if.o
 .debug_abbrev  0x00001b77      0x29a Src/usbd_conf.o
 .debug_abbrev  0x00001e11      0x1a0 Src/usbd_desc.o
 .debug_abbrev  0x00001fb1      0x151 Src/wyswietlacz7Seg.o
 .debug_abbrev  0x00002102       0xdf Middlewares/Third_Party/FreeRTOS/Source/list.o
 .debug_abbrev  0x000021e1      0x24d Middlewares/Third_Party/FreeRTOS/Source/queue.o
 .debug_abbrev  0x0000242e      0x349 Middlewares/Third_Party/FreeRTOS/Source/tasks.o
 .debug_abbrev  0x00002777      0x20e Middlewares/Third_Party/FreeRTOS/Source/portable/MemMang/heap_4.o
 .debug_abbrev  0x00002985      0x210 Middlewares/Third_Party/FreeRTOS/Source/portable/GCC/ARM_CM3/port.o
 .debug_abbrev  0x00002b95      0x353 Middlewares/Third_Party/FreeRTOS/Source/CMSIS_RTOS/cmsis_os.o
 .debug_abbrev  0x00002ee8      0x273 Middlewares/ST/STM32_USB_Device_Library/Core/Src/usbd_core.o
 .debug_abbrev  0x0000315b      0x2c7 Middlewares/ST/STM32_USB_Device_Library/Core/Src/usbd_ctlreq.o
 .debug_abbrev  0x00003422      0x158 Middlewares/ST/STM32_USB_Device_Library/Core/Src/usbd_ioreq.o
 .debug_abbrev  0x0000357a      0x259 Middlewares/ST/STM32_USB_Device_Library/Class/CDC/Src/usbd_cdc.o
 .debug_abbrev  0x000037d3      0x231 Drivers/STM32F1xx_HAL_Driver/Src/stm32f1xx_hal.o
 .debug_abbrev  0x00003a04      0x2c2 Drivers/STM32F1xx_HAL_Driver/Src/stm32f1xx_hal_adc.o
 .debug_abbrev  0x00003cc6      0x28f Drivers/STM32F1xx_HAL_Driver/Src/stm32f1xx_hal_adc_ex.o
 .debug_abbrev  0x00003f55      0x2f1 Drivers/STM32F1xx_HAL_Driver/Src/stm32f1xx_hal_cortex.o
 .debug_abbrev  0x00004246      0x208 Drivers/STM32F1xx_HAL_Driver/Src/stm32f1xx_hal_dma.o
 .debug_abbrev  0x0000444e      0x1cb Drivers/STM32F1xx_HAL_Driver/Src/stm32f1xx_hal_gpio.o
 .debug_abbrev  0x00004619      0x309 Drivers/STM32F1xx_HAL_Driver/Src/stm32f1xx_hal_pcd.o
 .debug_abbrev  0x00004922      0x16e Drivers/STM32F1xx_HAL_Driver/Src/stm32f1xx_hal_pcd_ex.o
 .debug_abbrev  0x00004a90      0x20e Drivers/STM32F1xx_HAL_Driver/Src/stm32f1xx_hal_pwr.o
 .debug_abbrev  0x00004c9e      0x2c2 Drivers/STM32F1xx_HAL_Driver/Src/stm32f1xx_hal_rcc.o
 .debug_abbrev  0x00004f60      0x22d Drivers/STM32F1xx_HAL_Driver/Src/stm32f1xx_hal_rcc_ex.o
 .debug_abbrev  0x0000518d      0x2d5 Drivers/STM32F1xx_HAL_Driver/Src/stm32f1xx_hal_rtc.o
 .debug_abbrev  0x00005462      0x323 Drivers/STM32F1xx_HAL_Driver/Src/stm32f1xx_hal_tim.o
 .debug_abbrev  0x00005785      0x273 Drivers/STM32F1xx_HAL_Driver/Src/stm32f1xx_hal_tim_ex.o
 .debug_abbrev  0x000059f8      0x2c8 Drivers/STM32F1xx_HAL_Driver/Src/stm32f1xx_hal_uart.o
 .debug_abbrev  0x00005cc0      0x222 Drivers/STM32F1xx_HAL_Driver/Src/stm32f1xx_ll_usb.o
 .debug_abbrev  0x00005ee2       0x12 Drivers/CMSIS/Device/ST/STM32F1xx/Source/Templates/gcc/startup_stm32f103xb.o

.debug_loc      0x00000000    0x10841
 .debug_loc     0x00000000       0x4d Src/adc.o
 .debug_loc     0x0000004d      0x45d Src/freertos.o
 .debug_loc     0x000004aa       0x58 Src/main.o
 .debug_loc     0x00000502      0x497 Src/oneWire.o
 .debug_loc     0x00000999       0x4d Src/rtc.o
 .debug_loc     0x000009e6       0x94 Src/stm32f1xx_hal_timebase_TIM.o
 .debug_loc     0x00000a7a       0xaa Src/system_stm32f1xx.o
 .debug_loc     0x00000b24       0xb1 Src/tim.o
 .debug_loc     0x00000bd5       0x63 Src/usart.o
 .debug_loc     0x00000c38      0x10c Src/usbd_cdc_if.o
 .debug_loc     0x00000d44      0x965 Src/usbd_conf.o
 .debug_loc     0x000016a9      0x273 Src/usbd_desc.o
 .debug_loc     0x0000191c       0x2c Src/wyswietlacz7Seg.o
 .debug_loc     0x00001948       0x94 Middlewares/Third_Party/FreeRTOS/Source/list.o
 .debug_loc     0x000019dc     0x11a6 Middlewares/Third_Party/FreeRTOS/Source/queue.o
 .debug_loc     0x00002b82     0x1d36 Middlewares/Third_Party/FreeRTOS/Source/tasks.o
 .debug_loc     0x000048b8      0x46f Middlewares/Third_Party/FreeRTOS/Source/portable/MemMang/heap_4.o
 .debug_loc     0x00004d27       0x8c Middlewares/Third_Party/FreeRTOS/Source/portable/GCC/ARM_CM3/port.o
 .debug_loc     0x00004db3      0xfd9 Middlewares/Third_Party/FreeRTOS/Source/CMSIS_RTOS/cmsis_os.o
 .debug_loc     0x00005d8c      0x5d9 Middlewares/ST/STM32_USB_Device_Library/Core/Src/usbd_core.o
 .debug_loc     0x00006365      0x6d9 Middlewares/ST/STM32_USB_Device_Library/Core/Src/usbd_ctlreq.o
 .debug_loc     0x00006a3e      0x23c Middlewares/ST/STM32_USB_Device_Library/Core/Src/usbd_ioreq.o
 .debug_loc     0x00006c7a      0x4bc Middlewares/ST/STM32_USB_Device_Library/Class/CDC/Src/usbd_cdc.o
 .debug_loc     0x00007136       0x73 Drivers/STM32F1xx_HAL_Driver/Src/stm32f1xx_hal.o
 .debug_loc     0x000071a9      0xa48 Drivers/STM32F1xx_HAL_Driver/Src/stm32f1xx_hal_adc.o
 .debug_loc     0x00007bf1      0x89b Drivers/STM32F1xx_HAL_Driver/Src/stm32f1xx_hal_adc_ex.o
 .debug_loc     0x0000848c      0x48f Drivers/STM32F1xx_HAL_Driver/Src/stm32f1xx_hal_cortex.o
 .debug_loc     0x0000891b      0x438 Drivers/STM32F1xx_HAL_Driver/Src/stm32f1xx_hal_dma.o
 .debug_loc     0x00008d53      0x2e8 Drivers/STM32F1xx_HAL_Driver/Src/stm32f1xx_hal_gpio.o
 .debug_loc     0x0000903b      0x9d0 Drivers/STM32F1xx_HAL_Driver/Src/stm32f1xx_hal_pcd.o
 .debug_loc     0x00009a0b       0xa3 Drivers/STM32F1xx_HAL_Driver/Src/stm32f1xx_hal_pcd_ex.o
 .debug_loc     0x00009aae      0x11f Drivers/STM32F1xx_HAL_Driver/Src/stm32f1xx_hal_pwr.o
 .debug_loc     0x00009bcd      0x8a9 Drivers/STM32F1xx_HAL_Driver/Src/stm32f1xx_hal_rcc.o
 .debug_loc     0x0000a476      0x378 Drivers/STM32F1xx_HAL_Driver/Src/stm32f1xx_hal_rcc_ex.o
 .debug_loc     0x0000a7ee      0xfc8 Drivers/STM32F1xx_HAL_Driver/Src/stm32f1xx_hal_rtc.o
 .debug_loc     0x0000b7b6     0x30f1 Drivers/STM32F1xx_HAL_Driver/Src/stm32f1xx_hal_tim.o